Copyright 1986-2018 Xilinx, Inc. All Rights Reserved.
----------------------------------------------------------------------------------------------------------------------------------------------------------------------------------------------------------------------------------------------------------------------------------------------------------------------------------------------------------------------------------------------------------------------
| Tool Version : Vivado v.2018.3 (win64) Build 2405991 Thu Dec  6 23:38:27 MST 2018
| Date         : Sun Aug  2 21:28:37 2026
| Host         : LAPTOP-476JT8H0 running 64-bit major release  (build 9200)
| Command      : report_timing -from [get_cells -hierarchical -regexp {.*u_nf_mode_cdc_handshake/mode_shadow_reg\[[01]\]}] -to [get_cells -hierarchical -regexp {.*u_nf_mode_cdc_handshake/audio_mode_reg\[[01]\]}] -delay_type max -max_paths 4 -file D:/FpgaProject/XilinxProject/XC7A35T/fir_interpolation/matlab_fir/national_finals/vivado_results/p3j_local_sat_mode2_4dsp_final/mode_absolute_delay_routed.rpt
| Design       : board_demo_competition_dac8_top
| Device       : 7a35t-fgg484
| Speed File   : -2  PRODUCTION 1.23 2018-06-13
----------------------------------------------------------------------------------------------------------------------------------------------------------------------------------------------------------------------------------------------------------------------------------------------------------------------------------------------------------------------------------------------------------------------

Timing Report

Slack (MET) :             49.042ns  (required time - arrival time)
  Source:                 u_nf_mode_cdc_handshake/mode_shadow_reg[0]/C
                            (rising edge-triggered cell FDSE clocked by clk_20M  {rise@0.000ns fall@25.000ns period=50.000ns})
  Destination:            u_nf_mode_cdc_handshake/audio_mode_reg[0]/D
                            (rising edge-triggered cell FDSE clocked by u_dual_family_audio_clock/clk_48k_raw  {rise@0.000ns fall@81.379ns period=162.759ns})
  Path Group:             u_dual_family_audio_clock/clk_48k_raw
  Path Type:              Setup (Max at Slow Process Corner)
  Requirement:            50.000ns  (MaxDelay Path 50.000ns)
  Data Path Delay:        0.774ns  (logic 0.348ns (44.955%)  route 0.426ns (55.045%))
  Logic Levels:           0  
  Timing Exception:       MaxDelay Path 50.000ns -datapath_only

    Location             Delay type                Incr(ns)  Path(ns)    Netlist Resource(s)
  -------------------------------------------------------------------    -------------------
    SLICE_X5Y74                                       0.000     0.000 r  u_nf_mode_cdc_handshake/mode_shadow_reg[0]/C
    SLICE_X5Y74          FDSE (Prop_fdse_C_Q)         0.348     0.348 r  u_nf_mode_cdc_handshake/mode_shadow_reg[0]/Q
                         net (fo=2, routed)           0.426     0.774    mode_shadow[0]
    SLICE_X4Y72          FDSE                                         r  u_nf_mode_cdc_handshake/audio_mode_reg[0]/D
  -------------------------------------------------------------------    -------------------

                         max delay                   50.000    50.000    
    SLICE_X4Y72          FDSE (Setup_fdse_C_D)       -0.184    49.816    u_nf_mode_cdc_handshake/audio_mode_reg[0]
  -------------------------------------------------------------------
                         required time                         49.816    
                         arrival time                          -0.774    
  -------------------------------------------------------------------
                         slack                                 49.042    

Slack (MET) :             49.042ns  (required time - arrival time)
  Source:                 u_nf_mode_cdc_handshake/mode_shadow_reg[0]/C
                            (rising edge-triggered cell FDSE clocked by clk_20M  {rise@0.000ns fall@25.000ns period=50.000ns})
  Destination:            u_nf_mode_cdc_handshake/audio_mode_reg[0]/D
                            (rising edge-triggered cell FDSE clocked by u_dual_family_audio_clock/clk_44k1_raw  {rise@0.000ns fall@88.577ns period=177.154ns})
  Path Group:             u_dual_family_audio_clock/clk_44k1_raw
  Path Type:              Setup (Max at Slow Process Corner)
  Requirement:            50.000ns  (MaxDelay Path 50.000ns)
  Data Path Delay:        0.774ns  (logic 0.348ns (44.955%)  route 0.426ns (55.045%))
  Logic Levels:           0  
  Timing Exception:       MaxDelay Path 50.000ns -datapath_only

    Location             Delay type                Incr(ns)  Path(ns)    Netlist Resource(s)
  -------------------------------------------------------------------    -------------------
    SLICE_X5Y74                                       0.000     0.000 r  u_nf_mode_cdc_handshake/mode_shadow_reg[0]/C
    SLICE_X5Y74          FDSE (Prop_fdse_C_Q)         0.348     0.348 r  u_nf_mode_cdc_handshake/mode_shadow_reg[0]/Q
                         net (fo=2, routed)           0.426     0.774    mode_shadow[0]
    SLICE_X4Y72          FDSE                                         r  u_nf_mode_cdc_handshake/audio_mode_reg[0]/D
  -------------------------------------------------------------------    -------------------

                         max delay                   50.000    50.000    
    SLICE_X4Y72          FDSE (Setup_fdse_C_D)       -0.184    49.816    u_nf_mode_cdc_handshake/audio_mode_reg[0]
  -------------------------------------------------------------------
                         required time                         49.816    
                         arrival time                          -0.774    
  -------------------------------------------------------------------
                         slack                                 49.042    

Slack (MET) :             49.189ns  (required time - arrival time)
  Source:                 u_nf_mode_cdc_handshake/mode_shadow_reg[1]/C
                            (rising edge-triggered cell FDSE clocked by clk_20M  {rise@0.000ns fall@25.000ns period=50.000ns})
  Destination:            u_nf_mode_cdc_handshake/audio_mode_reg[1]/D
                            (rising edge-triggered cell FDSE clocked by u_dual_family_audio_clock/clk_48k_raw  {rise@0.000ns fall@81.379ns period=162.759ns})
  Path Group:             u_dual_family_audio_clock/clk_48k_raw
  Path Type:              Setup (Max at Slow Process Corner)
  Requirement:            50.000ns  (MaxDelay Path 50.000ns)
  Data Path Delay:        0.752ns  (logic 0.379ns (50.417%)  route 0.373ns (49.583%))
  Logic Levels:           0  
  Timing Exception:       MaxDelay Path 50.000ns -datapath_only

    Location             Delay type                Incr(ns)  Path(ns)    Netlist Resource(s)
  -------------------------------------------------------------------    -------------------
    SLICE_X5Y74                                       0.000     0.000 r  u_nf_mode_cdc_handshake/mode_shadow_reg[1]/C
    SLICE_X5Y74          FDSE (Prop_fdse_C_Q)         0.379     0.379 r  u_nf_mode_cdc_handshake/mode_shadow_reg[1]/Q
                         net (fo=2, routed)           0.373     0.752    mode_shadow[1]
    SLICE_X4Y72          FDSE                                         r  u_nf_mode_cdc_handshake/audio_mode_reg[1]/D
  -------------------------------------------------------------------    -------------------

                         max delay                   50.000    50.000    
    SLICE_X4Y72          FDSE (Setup_fdse_C_D)       -0.059    49.941    u_nf_mode_cdc_handshake/audio_mode_reg[1]
  -------------------------------------------------------------------
                         required time                         49.941    
                         arrival time                          -0.752    
  -------------------------------------------------------------------
                         slack                                 49.189    

Slack (MET) :             49.189ns  (required time - arrival time)
  Source:                 u_nf_mode_cdc_handshake/mode_shadow_reg[1]/C
                            (rising edge-triggered cell FDSE clocked by clk_20M  {rise@0.000ns fall@25.000ns period=50.000ns})
  Destination:            u_nf_mode_cdc_handshake/audio_mode_reg[1]/D
                            (rising edge-triggered cell FDSE clocked by u_dual_family_audio_clock/clk_44k1_raw  {rise@0.000ns fall@88.577ns period=177.154ns})
  Path Group:             u_dual_family_audio_clock/clk_44k1_raw
  Path Type:              Setup (Max at Slow Process Corner)
  Requirement:            50.000ns  (MaxDelay Path 50.000ns)
  Data Path Delay:        0.752ns  (logic 0.379ns (50.417%)  route 0.373ns (49.583%))
  Logic Levels:           0  
  Timing Exception:       MaxDelay Path 50.000ns -datapath_only

    Location             Delay type                Incr(ns)  Path(ns)    Netlist Resource(s)
  -------------------------------------------------------------------    -------------------
    SLICE_X5Y74                                       0.000     0.000 r  u_nf_mode_cdc_handshake/mode_shadow_reg[1]/C
    SLICE_X5Y74          FDSE (Prop_fdse_C_Q)         0.379     0.379 r  u_nf_mode_cdc_handshake/mode_shadow_reg[1]/Q
                         net (fo=2, routed)           0.373     0.752    mode_shadow[1]
    SLICE_X4Y72          FDSE                                         r  u_nf_mode_cdc_handshake/audio_mode_reg[1]/D
  -------------------------------------------------------------------    -------------------

                         max delay                   50.000    50.000    
    SLICE_X4Y72          FDSE (Setup_fdse_C_D)       -0.059    49.941    u_nf_mode_cdc_handshake/audio_mode_reg[1]
  -------------------------------------------------------------------
                         required time                         49.941    
                         arrival time                          -0.752    
  -------------------------------------------------------------------
                         slack                                 49.189    




