Copyright 1986-2018 Xilinx, Inc. All Rights Reserved.
------------------------------------------------------------------------------------------------------------------------------------------------------------------------------------------------------------
| Tool Version : Vivado v.2018.3 (win64) Build 2405991 Thu Dec  6 23:38:27 MST 2018
| Date         : Sun Aug  2 21:17:26 2026
| Host         : LAPTOP-476JT8H0 running 64-bit major release  (build 9200)
| Command      : report_exceptions -coverage -file D:/FpgaProject/XilinxProject/XC7A35T/fir_interpolation/matlab_fir/national_finals/vivado_results/p3j_local_sat_mode1_3dsp/exceptions_coverage_routed.rpt
| Design       : board_demo_competition_dac8_top
| Device       : 7a35t-fgg484
| Speed File   : -2  PRODUCTION 1.23 2018-06-13
------------------------------------------------------------------------------------------------------------------------------------------------------------------------------------------------------------

Exceptions Report

Position  Type                     Setup       Hold   From     Through  To       Endpoints  From (%)  Through (%)  To (%)
--------  -----------------------  ----------  -----  -------  -------  -------  ---------  --------  -----------  ------
8         False Path               false       false  4 ports                    2          50.00                   
9         False Path               false       false                    4 ports  4                                 100.00
10        False Path               false       false                    3 pins   3                                 100.00
11        False Path               false       false                    1 pins   1                                 100.00
12        False Path               false       false                    2 pins   2                                 100.00
15        Max Delay Datapath Only  max_dpo=50  -      2 cells           2 cells  2          20.00                  25.00

Warning: the percentages reported indicate the number of pins covered by the exception relative to the number of pins specified implicitly or explicitly.
