Copyright 1986-2018 Xilinx, Inc. All Rights Reserved.
------------------------------------------------------------------------------------
| Tool Version : Vivado v.2018.3 (win64) Build 2405991 Thu Dec  6 23:38:27 MST 2018
| Date         : Sun Aug  2 21:17:25 2026
| Host         : LAPTOP-476JT8H0 running 64-bit major release  (build 9200)
| Command      : report_methodology -return_string
| Design       : board_demo_competition_dac8_top
| Device       : xc7a35tfgg484-2
| Speed File   : -2
| Design State : Fully Routed
------------------------------------------------------------------------------------

Report Methodology

Table of Contents
-----------------
1. REPORT SUMMARY
2. REPORT DETAILS

1. REPORT SUMMARY
-----------------
            Netlist: netlist
          Floorplan: checkpoint_board_demo_competition_dac8_top
      Design limits: <entire design considered>
             Max violations: <unlimited>
             Violations found: 8
+-----------+----------+-------------------------------+------------+
| Rule      | Severity | Description                   | Violations |
+-----------+----------+-------------------------------+------------+
| TIMING-18 | Warning  | Missing input or output delay | 8          |
+-----------+----------+-------------------------------+------------+

2. REPORT DETAILS
-----------------
TIMING-18#1 Warning
Missing input or output delay  
An output delay is missing on dac_data[0] relative to clock(s) dac_clk_44k1_128x, dac_clk_48k_128x
Related violations: <none>

TIMING-18#2 Warning
Missing input or output delay  
An output delay is missing on dac_data[1] relative to clock(s) dac_clk_44k1_128x, dac_clk_48k_128x
Related violations: <none>

TIMING-18#3 Warning
Missing input or output delay  
An output delay is missing on dac_data[2] relative to clock(s) dac_clk_44k1_128x, dac_clk_48k_128x
Related violations: <none>

TIMING-18#4 Warning
Missing input or output delay  
An output delay is missing on dac_data[3] relative to clock(s) dac_clk_44k1_128x, dac_clk_48k_128x
Related violations: <none>

TIMING-18#5 Warning
Missing input or output delay  
An output delay is missing on dac_data[4] relative to clock(s) dac_clk_44k1_128x, dac_clk_48k_128x
Related violations: <none>

TIMING-18#6 Warning
Missing input or output delay  
An output delay is missing on dac_data[5] relative to clock(s) dac_clk_44k1_128x, dac_clk_48k_128x
Related violations: <none>

TIMING-18#7 Warning
Missing input or output delay  
An output delay is missing on dac_data[6] relative to clock(s) dac_clk_44k1_128x, dac_clk_48k_128x
Related violations: <none>

TIMING-18#8 Warning
Missing input or output delay  
An output delay is missing on dac_data[7] relative to clock(s) dac_clk_44k1_128x, dac_clk_48k_128x
Related violations: <none>


