#-----------------------------------------------------------
# xsim v2018.3 (64-bit)
# SW Build 2405991 on Thu Dec  6 23:38:27 MST 2018
# IP Build 2404404 on Fri Dec  7 01:43:56 MST 2018
# Start of session at: Sun Aug  2 20:57:30 2026
# Process ID: 50968
# Current directory: D:/FpgaProject/XilinxProject/XC7A35T/fir_interpolation/matlab_fir/national_finals/_work/rtl_regression/20260802_205553/cic_n3_hold_equivalence
# Command line: xsim.exe -mode tcl -source {xsim.dir/tb_nf_cic_n3_hold_equiv_sim/xsim_script.tcl}
# Log file: D:/FpgaProject/XilinxProject/XC7A35T/fir_interpolation/matlab_fir/national_finals/_work/rtl_regression/20260802_205553/cic_n3_hold_equivalence/xsim.log
# Journal file: D:/FpgaProject/XilinxProject/XC7A35T/fir_interpolation/matlab_fir/national_finals/_work/rtl_regression/20260802_205553/cic_n3_hold_equivalence\xsim.jou
#-----------------------------------------------------------
source xsim.dir/tb_nf_cic_n3_hold_equiv_sim/xsim_script.tcl
# xsim {tb_nf_cic_n3_hold_equiv_sim} -autoloadwcfg -runall
Vivado Simulator 2018.3
Time resolution is 1 ps
run -all
N3 HOLD CIC EQUIVALENCE PASS: narrow 26/29-bit states, DSP modes 2/1/0, continuous=320 stalled=480 seeds=10x256 reset-mid-burst=PASS outputs=4096
$finish called at time : 615130 ns : File "D:/FpgaProject/XilinxProject/XC7A35T/fir_interpolation/XC7A35T_interp_audio_pcm_wordlen_opt/XC7A35T_interp.srcs/sim_1/new/national_finals/tb_cic_interp16_n3_hold_equiv.v" Line 264
exit
INFO: [Common 17-206] Exiting xsim at Sun Aug  2 20:57:34 2026...
