#-----------------------------------------------------------
# xsim v2018.3 (64-bit)
# SW Build 2405991 on Thu Dec  6 23:38:27 MST 2018
# IP Build 2404404 on Fri Dec  7 01:43:56 MST 2018
# Start of session at: Wed Aug  5 17:29:41 2026
# Process ID: 43032
# Current directory: D:/FpgaProject/XilinxProject/XC7A35T/fir_interpolation/matlab_fir/national_finals/_work/rtl_regression/20260805_172537/board
# Command line: xsim.exe -mode tcl -source {xsim.dir/tb_nf_board_sim/xsim_script.tcl}
# Log file: D:/FpgaProject/XilinxProject/XC7A35T/fir_interpolation/matlab_fir/national_finals/_work/rtl_regression/20260805_172537/board/xsim.log
# Journal file: D:/FpgaProject/XilinxProject/XC7A35T/fir_interpolation/matlab_fir/national_finals/_work/rtl_regression/20260805_172537/board\xsim.jou
#-----------------------------------------------------------
source xsim.dir/tb_nf_board_sim/xsim_script.tcl
# xsim {tb_nf_board_sim} -autoloadwcfg -runall
Vivado Simulator 2018.3
Time resolution is 1 ps
run -all
NATIONAL FINALS BOARD INTEGRATION PASS: reset=65535 scan=16384 mode_wait=442361 family_wait=458752
$finish called at time : 48537925 ns : File "D:/FpgaProject/XilinxProject/XC7A35T/fir_interpolation/XC7A35T_interp_audio_pcm_wordlen_opt/XC7A35T_interp.srcs/sim_1/new/all2x_v7/verification/tb_board_phase7_shared_keypad_scan.v" Line 151
exit
INFO: [Common 17-206] Exiting xsim at Wed Aug  5 17:29:47 2026...
