#-----------------------------------------------------------
# xsim v2018.3 (64-bit)
# SW Build 2405991 on Thu Dec  6 23:38:27 MST 2018
# IP Build 2404404 on Fri Dec  7 01:43:56 MST 2018
# Start of session at: Wed Aug  5 17:26:04 2026
# Process ID: 49292
# Current directory: D:/FpgaProject/XilinxProject/XC7A35T/fir_interpolation/matlab_fir/national_finals/_work/rtl_regression/20260805_172537/dac_offset_binary_equivalence
# Command line: xsim.exe -mode tcl -source {xsim.dir/tb_nf_dac_offset_binary_sim/xsim_script.tcl}
# Log file: D:/FpgaProject/XilinxProject/XC7A35T/fir_interpolation/matlab_fir/national_finals/_work/rtl_regression/20260805_172537/dac_offset_binary_equivalence/xsim.log
# Journal file: D:/FpgaProject/XilinxProject/XC7A35T/fir_interpolation/matlab_fir/national_finals/_work/rtl_regression/20260805_172537/dac_offset_binary_equivalence\xsim.jou
#-----------------------------------------------------------
source xsim.dir/tb_nf_dac_offset_binary_sim/xsim_script.tcl
# xsim {tb_nf_dac_offset_binary_sim} -autoloadwcfg -runall
Vivado Simulator 2018.3
Time resolution is 1 ps
run -all
DAC OFFSET-BINARY COMPACT EQUIVALENCE PASS: 1029 samples
$finish called at time : 1029 ns : File "D:/FpgaProject/XilinxProject/XC7A35T/fir_interpolation/XC7A35T_interp_audio_pcm_wordlen_opt/XC7A35T_interp.srcs/sim_1/new/national_finals/tb_dac_offset_binary_compact_equiv.v" Line 74
exit
INFO: [Common 17-206] Exiting xsim at Wed Aug  5 17:26:08 2026...
