Copyright 1986-2018 Xilinx, Inc. All Rights Reserved.
------------------------------------------------------------------------------------------------------------------------------------------------------------------------------------------------------------------------------------------------------------
| Tool Version : Vivado v.2018.3 (win64) Build 2405991 Thu Dec  6 23:38:27 MST 2018
| Date         : Sun Aug  2 21:32:16 2026
| Host         : LAPTOP-476JT8H0 running 64-bit major release  (build 9200)
| Command      : report_timing -to [get_ports {dac_data[*]}] -delay_type max -max_paths 8 -file D:/FpgaProject/XilinxProject/XC7A35T/fir_interpolation/matlab_fir/national_finals/vivado_results/p3j_local_sat_mode0_2dsp_final/dac_output_setup_routed.rpt
| Design       : board_demo_competition_dac8_top
| Device       : 7a35t-fgg484
| Speed File   : -2  PRODUCTION 1.23 2018-06-13
------------------------------------------------------------------------------------------------------------------------------------------------------------------------------------------------------------------------------------------------------------

Timing Report

Slack (MET) :             76.116ns  (required time - arrival time)
  Source:                 u_demo_interp_dac8_audio_pcm_common/dac_data_r_reg[4]/C
                            (falling edge-triggered cell FDRE clocked by u_dual_family_audio_clock/clk_48k_raw  {rise@0.000ns fall@81.379ns period=162.759ns})
  Destination:            dac_data[4]
                            (output port clocked by dac_clk_48k_128x  {rise@0.000ns fall@81.379ns period=162.759ns})
  Path Group:             dac_clk_48k_128x
  Path Type:              Max at Slow Process Corner
  Requirement:            81.379ns  (dac_clk_48k_128x rise@162.759ns - u_dual_family_audio_clock/clk_48k_raw fall@81.379ns)
  Data Path Delay:        4.154ns  (logic 4.153ns (99.976%)  route 0.001ns (0.024%))
  Logic Levels:           1  (OBUF=1)
  Output Delay:           2.500ns
  Clock Path Skew:        2.822ns (DCD - SCD + CPR)
    Destination Clock Delay (DCD):    10.227ns = ( 172.986 - 162.759 ) 
    Source Clock Delay      (SCD):    7.750ns = ( 89.129 - 81.379 ) 
    Clock Pessimism Removal (CPR):    0.344ns
  Clock Uncertainty:      1.431ns  ((TSJ^2 + DJ^2)^1/2) / 2 + PE
    Total System Jitter     (TSJ):    0.071ns
    Discrete Jitter          (DJ):    0.972ns
    Phase Error              (PE):    0.944ns

    Location             Delay type                Incr(ns)  Path(ns)    Netlist Resource(s)
  -------------------------------------------------------------------    -------------------
                         (clock u_dual_family_audio_clock/clk_48k_raw fall edge)
                                                     81.379    81.379 f  
    Y18                                               0.000    81.379 f  clk (IN)
                         net (fo=0)                   0.000    81.379    clk
    Y18                  IBUF (Prop_ibuf_I_O)         1.427    82.806 f  u_ibuf_sys_clk/O
                         net (fo=1, routed)           1.693    84.499    clk_ibuf
    BUFGCTRL_X0Y0        BUFG (Prop_bufg_I_O)         0.081    84.580 f  u_bufg_sys_clk/O
                         net (fo=68, routed)          1.374    85.954    clk_sys_bufg
    MMCME2_ADV_X0Y1      MMCME2_ADV (Prop_mmcme2_adv_CLKIN1_CLKOUT0)
                                                      0.077    86.031 f  u_dual_family_audio_clock/u_mmcm_48k/CLKOUT0
                         net (fo=1, routed)           1.425    87.456    u_dual_family_audio_clock/clk_48k_raw
    BUFGCTRL_X0Y16       BUFGCTRL (Prop_bufgctrl_I1_O)
                                                      0.081    87.537 f  u_dual_family_audio_clock/u_bufgmux_audio_family/O
                         net (fo=440, routed)         1.592    89.129    clk_audio_128x
    OLOGIC_X0Y120        FDRE                                         r  u_demo_interp_dac8_audio_pcm_common/dac_data_r_reg[4]/C  (IS_INVERTED)
  -------------------------------------------------------------------    -------------------
    OLOGIC_X0Y120        FDRE (Prop_fdre_C_Q)         0.418    89.547 r  u_demo_interp_dac8_audio_pcm_common/dac_data_r_reg[4]/Q
                         net (fo=1, routed)           0.001    89.548    dac_data_OBUF[4]
    F18                  OBUF (Prop_obuf_I_O)         3.735    93.283 r  dac_data_OBUF[4]_inst/O
                         net (fo=0)                   0.000    93.283    dac_data[4]
    F18                                                               r  dac_data[4] (OUT)
  -------------------------------------------------------------------    -------------------

                         (clock dac_clk_48k_128x rise edge)
                                                    162.759   162.759 r  
    Y18                                               0.000   162.759 r  clk (IN)
                         net (fo=0)                   0.000   162.759    clk
    Y18                  IBUF (Prop_ibuf_I_O)         1.361   164.119 r  u_ibuf_sys_clk/O
                         net (fo=1, routed)           1.604   165.724    clk_ibuf
    BUFGCTRL_X0Y0        BUFG (Prop_bufg_I_O)         0.077   165.801 r  u_bufg_sys_clk/O
                         net (fo=68, routed)          1.270   167.071    clk_sys_bufg
    MMCME2_ADV_X0Y1      MMCME2_ADV (Prop_mmcme2_adv_CLKIN1_CLKOUT0)
                                                      0.073   167.144 r  u_dual_family_audio_clock/u_mmcm_48k/CLKOUT0
                         net (fo=1, routed)           1.357   168.501    u_dual_family_audio_clock/clk_48k_raw
    BUFGCTRL_X0Y16       BUFGCTRL (Prop_bufgctrl_I1_O)
                                                      0.077   168.578 r  u_dual_family_audio_clock/u_bufgmux_audio_family/O
                         net (fo=440, routed)         1.299   169.877    clk_audio_128x
    OLOGIC_X0Y95         ODDR (Prop_oddr_C_Q)         0.363   170.240 r  u_demo_interp_dac8_audio_pcm_common/gen_dac_clock_oddr.u_dac_clock_oddr/Q
                         net (fo=1, routed)           0.001   170.241    dac_clk_OBUF
    G16                  OBUF (Prop_obuf_I_O)         2.745   172.986 r  dac_clk_OBUF_inst/O
                         net (fo=0)                   0.000   172.986    dac_clk
    G16                                                               r  dac_clk (OUT)
                         clock pessimism              0.344   173.330    
                         clock uncertainty           -1.431   171.899    
                         output delay                -2.500   169.399    
  -------------------------------------------------------------------
                         required time                        169.399    
                         arrival time                         -93.283    
  -------------------------------------------------------------------
                         slack                                 76.116    

Slack (MET) :             76.119ns  (required time - arrival time)
  Source:                 u_demo_interp_dac8_audio_pcm_common/dac_data_r_reg[1]/C
                            (falling edge-triggered cell FDRE clocked by u_dual_family_audio_clock/clk_48k_raw  {rise@0.000ns fall@81.379ns period=162.759ns})
  Destination:            dac_data[1]
                            (output port clocked by dac_clk_48k_128x  {rise@0.000ns fall@81.379ns period=162.759ns})
  Path Group:             dac_clk_48k_128x
  Path Type:              Max at Slow Process Corner
  Requirement:            81.379ns  (dac_clk_48k_128x rise@162.759ns - u_dual_family_audio_clock/clk_48k_raw fall@81.379ns)
  Data Path Delay:        4.152ns  (logic 4.151ns (99.976%)  route 0.001ns (0.024%))
  Logic Levels:           1  (OBUF=1)
  Output Delay:           2.500ns
  Clock Path Skew:        2.823ns (DCD - SCD + CPR)
    Destination Clock Delay (DCD):    10.227ns = ( 172.986 - 162.759 ) 
    Source Clock Delay      (SCD):    7.749ns = ( 89.128 - 81.379 ) 
    Clock Pessimism Removal (CPR):    0.344ns
  Clock Uncertainty:      1.431ns  ((TSJ^2 + DJ^2)^1/2) / 2 + PE
    Total System Jitter     (TSJ):    0.071ns
    Discrete Jitter          (DJ):    0.972ns
    Phase Error              (PE):    0.944ns

    Location             Delay type                Incr(ns)  Path(ns)    Netlist Resource(s)
  -------------------------------------------------------------------    -------------------
                         (clock u_dual_family_audio_clock/clk_48k_raw fall edge)
                                                     81.379    81.379 f  
    Y18                                               0.000    81.379 f  clk (IN)
                         net (fo=0)                   0.000    81.379    clk
    Y18                  IBUF (Prop_ibuf_I_O)         1.427    82.806 f  u_ibuf_sys_clk/O
                         net (fo=1, routed)           1.693    84.499    clk_ibuf
    BUFGCTRL_X0Y0        BUFG (Prop_bufg_I_O)         0.081    84.580 f  u_bufg_sys_clk/O
                         net (fo=68, routed)          1.374    85.954    clk_sys_bufg
    MMCME2_ADV_X0Y1      MMCME2_ADV (Prop_mmcme2_adv_CLKIN1_CLKOUT0)
                                                      0.077    86.031 f  u_dual_family_audio_clock/u_mmcm_48k/CLKOUT0
                         net (fo=1, routed)           1.425    87.456    u_dual_family_audio_clock/clk_48k_raw
    BUFGCTRL_X0Y16       BUFGCTRL (Prop_bufgctrl_I1_O)
                                                      0.081    87.537 f  u_dual_family_audio_clock/u_bufgmux_audio_family/O
                         net (fo=440, routed)         1.591    89.128    clk_audio_128x
    OLOGIC_X0Y122        FDRE                                         r  u_demo_interp_dac8_audio_pcm_common/dac_data_r_reg[1]/C  (IS_INVERTED)
  -------------------------------------------------------------------    -------------------
    OLOGIC_X0Y122        FDRE (Prop_fdre_C_Q)         0.418    89.546 r  u_demo_interp_dac8_audio_pcm_common/dac_data_r_reg[1]/Q
                         net (fo=1, routed)           0.001    89.547    dac_data_OBUF[1]
    E19                  OBUF (Prop_obuf_I_O)         3.733    93.280 r  dac_data_OBUF[1]_inst/O
                         net (fo=0)                   0.000    93.280    dac_data[1]
    E19                                                               r  dac_data[1] (OUT)
  -------------------------------------------------------------------    -------------------

                         (clock dac_clk_48k_128x rise edge)
                                                    162.759   162.759 r  
    Y18                                               0.000   162.759 r  clk (IN)
                         net (fo=0)                   0.000   162.759    clk
    Y18                  IBUF (Prop_ibuf_I_O)         1.361   164.119 r  u_ibuf_sys_clk/O
                         net (fo=1, routed)           1.604   165.724    clk_ibuf
    BUFGCTRL_X0Y0        BUFG (Prop_bufg_I_O)         0.077   165.801 r  u_bufg_sys_clk/O
                         net (fo=68, routed)          1.270   167.071    clk_sys_bufg
    MMCME2_ADV_X0Y1      MMCME2_ADV (Prop_mmcme2_adv_CLKIN1_CLKOUT0)
                                                      0.073   167.144 r  u_dual_family_audio_clock/u_mmcm_48k/CLKOUT0
                         net (fo=1, routed)           1.357   168.501    u_dual_family_audio_clock/clk_48k_raw
    BUFGCTRL_X0Y16       BUFGCTRL (Prop_bufgctrl_I1_O)
                                                      0.077   168.578 r  u_dual_family_audio_clock/u_bufgmux_audio_family/O
                         net (fo=440, routed)         1.299   169.877    clk_audio_128x
    OLOGIC_X0Y95         ODDR (Prop_oddr_C_Q)         0.363   170.240 r  u_demo_interp_dac8_audio_pcm_common/gen_dac_clock_oddr.u_dac_clock_oddr/Q
                         net (fo=1, routed)           0.001   170.241    dac_clk_OBUF
    G16                  OBUF (Prop_obuf_I_O)         2.745   172.986 r  dac_clk_OBUF_inst/O
                         net (fo=0)                   0.000   172.986    dac_clk
    G16                                                               r  dac_clk (OUT)
                         clock pessimism              0.344   173.330    
                         clock uncertainty           -1.431   171.899    
                         output delay                -2.500   169.399    
  -------------------------------------------------------------------
                         required time                        169.399    
                         arrival time                         -93.280    
  -------------------------------------------------------------------
                         slack                                 76.119    

Slack (MET) :             76.120ns  (required time - arrival time)
  Source:                 u_demo_interp_dac8_audio_pcm_common/dac_data_r_reg[7]/C
                            (falling edge-triggered cell FDSE clocked by u_dual_family_audio_clock/clk_48k_raw  {rise@0.000ns fall@81.379ns period=162.759ns})
  Destination:            dac_data[7]
                            (output port clocked by dac_clk_48k_128x  {rise@0.000ns fall@81.379ns period=162.759ns})
  Path Group:             dac_clk_48k_128x
  Path Type:              Max at Slow Process Corner
  Requirement:            81.379ns  (dac_clk_48k_128x rise@162.759ns - u_dual_family_audio_clock/clk_48k_raw fall@81.379ns)
  Data Path Delay:        4.153ns  (logic 4.152ns (99.976%)  route 0.001ns (0.024%))
  Logic Levels:           1  (OBUF=1)
  Output Delay:           2.500ns
  Clock Path Skew:        2.825ns (DCD - SCD + CPR)
    Destination Clock Delay (DCD):    10.227ns = ( 172.986 - 162.759 ) 
    Source Clock Delay      (SCD):    7.747ns = ( 89.126 - 81.379 ) 
    Clock Pessimism Removal (CPR):    0.344ns
  Clock Uncertainty:      1.431ns  ((TSJ^2 + DJ^2)^1/2) / 2 + PE
    Total System Jitter     (TSJ):    0.071ns
    Discrete Jitter          (DJ):    0.972ns
    Phase Error              (PE):    0.944ns

    Location             Delay type                Incr(ns)  Path(ns)    Netlist Resource(s)
  -------------------------------------------------------------------    -------------------
                         (clock u_dual_family_audio_clock/clk_48k_raw fall edge)
                                                     81.379    81.379 f  
    Y18                                               0.000    81.379 f  clk (IN)
                         net (fo=0)                   0.000    81.379    clk
    Y18                  IBUF (Prop_ibuf_I_O)         1.427    82.806 f  u_ibuf_sys_clk/O
                         net (fo=1, routed)           1.693    84.499    clk_ibuf
    BUFGCTRL_X0Y0        BUFG (Prop_bufg_I_O)         0.081    84.580 f  u_bufg_sys_clk/O
                         net (fo=68, routed)          1.374    85.954    clk_sys_bufg
    MMCME2_ADV_X0Y1      MMCME2_ADV (Prop_mmcme2_adv_CLKIN1_CLKOUT0)
                                                      0.077    86.031 f  u_dual_family_audio_clock/u_mmcm_48k/CLKOUT0
                         net (fo=1, routed)           1.425    87.456    u_dual_family_audio_clock/clk_48k_raw
    BUFGCTRL_X0Y16       BUFGCTRL (Prop_bufgctrl_I1_O)
                                                      0.081    87.537 f  u_dual_family_audio_clock/u_bufgmux_audio_family/O
                         net (fo=440, routed)         1.589    89.126    clk_audio_128x
    OLOGIC_X0Y125        FDSE                                         r  u_demo_interp_dac8_audio_pcm_common/dac_data_r_reg[7]/C  (IS_INVERTED)
  -------------------------------------------------------------------    -------------------
    OLOGIC_X0Y125        FDSE (Prop_fdse_C_Q)         0.418    89.544 r  u_demo_interp_dac8_audio_pcm_common/dac_data_r_reg[7]/Q
                         net (fo=1, routed)           0.001    89.545    dac_data_OBUF[7]
    C17                  OBUF (Prop_obuf_I_O)         3.734    93.279 r  dac_data_OBUF[7]_inst/O
                         net (fo=0)                   0.000    93.279    dac_data[7]
    C17                                                               r  dac_data[7] (OUT)
  -------------------------------------------------------------------    -------------------

                         (clock dac_clk_48k_128x rise edge)
                                                    162.759   162.759 r  
    Y18                                               0.000   162.759 r  clk (IN)
                         net (fo=0)                   0.000   162.759    clk
    Y18                  IBUF (Prop_ibuf_I_O)         1.361   164.119 r  u_ibuf_sys_clk/O
                         net (fo=1, routed)           1.604   165.724    clk_ibuf
    BUFGCTRL_X0Y0        BUFG (Prop_bufg_I_O)         0.077   165.801 r  u_bufg_sys_clk/O
                         net (fo=68, routed)          1.270   167.071    clk_sys_bufg
    MMCME2_ADV_X0Y1      MMCME2_ADV (Prop_mmcme2_adv_CLKIN1_CLKOUT0)
                                                      0.073   167.144 r  u_dual_family_audio_clock/u_mmcm_48k/CLKOUT0
                         net (fo=1, routed)           1.357   168.501    u_dual_family_audio_clock/clk_48k_raw
    BUFGCTRL_X0Y16       BUFGCTRL (Prop_bufgctrl_I1_O)
                                                      0.077   168.578 r  u_dual_family_audio_clock/u_bufgmux_audio_family/O
                         net (fo=440, routed)         1.299   169.877    clk_audio_128x
    OLOGIC_X0Y95         ODDR (Prop_oddr_C_Q)         0.363   170.240 r  u_demo_interp_dac8_audio_pcm_common/gen_dac_clock_oddr.u_dac_clock_oddr/Q
                         net (fo=1, routed)           0.001   170.241    dac_clk_OBUF
    G16                  OBUF (Prop_obuf_I_O)         2.745   172.986 r  dac_clk_OBUF_inst/O
                         net (fo=0)                   0.000   172.986    dac_clk
    G16                                                               r  dac_clk (OUT)
                         clock pessimism              0.344   173.330    
                         clock uncertainty           -1.431   171.899    
                         output delay                -2.500   169.399    
  -------------------------------------------------------------------
                         required time                        169.399    
                         arrival time                         -93.279    
  -------------------------------------------------------------------
                         slack                                 76.120    

Slack (MET) :             76.138ns  (required time - arrival time)
  Source:                 u_demo_interp_dac8_audio_pcm_common/dac_data_r_reg[6]/C
                            (falling edge-triggered cell FDRE clocked by u_dual_family_audio_clock/clk_48k_raw  {rise@0.000ns fall@81.379ns period=162.759ns})
  Destination:            dac_data[6]
                            (output port clocked by dac_clk_48k_128x  {rise@0.000ns fall@81.379ns period=162.759ns})
  Path Group:             dac_clk_48k_128x
  Path Type:              Max at Slow Process Corner
  Requirement:            81.379ns  (dac_clk_48k_128x rise@162.759ns - u_dual_family_audio_clock/clk_48k_raw fall@81.379ns)
  Data Path Delay:        4.119ns  (logic 4.118ns (99.976%)  route 0.001ns (0.024%))
  Logic Levels:           1  (OBUF=1)
  Output Delay:           2.500ns
  Clock Path Skew:        2.809ns (DCD - SCD + CPR)
    Destination Clock Delay (DCD):    10.227ns = ( 172.986 - 162.759 ) 
    Source Clock Delay      (SCD):    7.763ns = ( 89.142 - 81.379 ) 
    Clock Pessimism Removal (CPR):    0.344ns
  Clock Uncertainty:      1.431ns  ((TSJ^2 + DJ^2)^1/2) / 2 + PE
    Total System Jitter     (TSJ):    0.071ns
    Discrete Jitter          (DJ):    0.972ns
    Phase Error              (PE):    0.944ns

    Location             Delay type                Incr(ns)  Path(ns)    Netlist Resource(s)
  -------------------------------------------------------------------    -------------------
                         (clock u_dual_family_audio_clock/clk_48k_raw fall edge)
                                                     81.379    81.379 f  
    Y18                                               0.000    81.379 f  clk (IN)
                         net (fo=0)                   0.000    81.379    clk
    Y18                  IBUF (Prop_ibuf_I_O)         1.427    82.806 f  u_ibuf_sys_clk/O
                         net (fo=1, routed)           1.693    84.499    clk_ibuf
    BUFGCTRL_X0Y0        BUFG (Prop_bufg_I_O)         0.081    84.580 f  u_bufg_sys_clk/O
                         net (fo=68, routed)          1.374    85.954    clk_sys_bufg
    MMCME2_ADV_X0Y1      MMCME2_ADV (Prop_mmcme2_adv_CLKIN1_CLKOUT0)
                                                      0.077    86.031 f  u_dual_family_audio_clock/u_mmcm_48k/CLKOUT0
                         net (fo=1, routed)           1.425    87.456    u_dual_family_audio_clock/clk_48k_raw
    BUFGCTRL_X0Y16       BUFGCTRL (Prop_bufgctrl_I1_O)
                                                      0.081    87.537 f  u_dual_family_audio_clock/u_bufgmux_audio_family/O
                         net (fo=440, routed)         1.605    89.142    clk_audio_128x
    OLOGIC_X0Y145        FDRE                                         r  u_demo_interp_dac8_audio_pcm_common/dac_data_r_reg[6]/C  (IS_INVERTED)
  -------------------------------------------------------------------    -------------------
    OLOGIC_X0Y145        FDRE (Prop_fdre_C_Q)         0.418    89.560 r  u_demo_interp_dac8_audio_pcm_common/dac_data_r_reg[6]/Q
                         net (fo=1, routed)           0.001    89.561    dac_data_OBUF[6]
    E17                  OBUF (Prop_obuf_I_O)         3.700    93.261 r  dac_data_OBUF[6]_inst/O
                         net (fo=0)                   0.000    93.261    dac_data[6]
    E17                                                               r  dac_data[6] (OUT)
  -------------------------------------------------------------------    -------------------

                         (clock dac_clk_48k_128x rise edge)
                                                    162.759   162.759 r  
    Y18                                               0.000   162.759 r  clk (IN)
                         net (fo=0)                   0.000   162.759    clk
    Y18                  IBUF (Prop_ibuf_I_O)         1.361   164.119 r  u_ibuf_sys_clk/O
                         net (fo=1, routed)           1.604   165.724    clk_ibuf
    BUFGCTRL_X0Y0        BUFG (Prop_bufg_I_O)         0.077   165.801 r  u_bufg_sys_clk/O
                         net (fo=68, routed)          1.270   167.071    clk_sys_bufg
    MMCME2_ADV_X0Y1      MMCME2_ADV (Prop_mmcme2_adv_CLKIN1_CLKOUT0)
                                                      0.073   167.144 r  u_dual_family_audio_clock/u_mmcm_48k/CLKOUT0
                         net (fo=1, routed)           1.357   168.501    u_dual_family_audio_clock/clk_48k_raw
    BUFGCTRL_X0Y16       BUFGCTRL (Prop_bufgctrl_I1_O)
                                                      0.077   168.578 r  u_dual_family_audio_clock/u_bufgmux_audio_family/O
                         net (fo=440, routed)         1.299   169.877    clk_audio_128x
    OLOGIC_X0Y95         ODDR (Prop_oddr_C_Q)         0.363   170.240 r  u_demo_interp_dac8_audio_pcm_common/gen_dac_clock_oddr.u_dac_clock_oddr/Q
                         net (fo=1, routed)           0.001   170.241    dac_clk_OBUF
    G16                  OBUF (Prop_obuf_I_O)         2.745   172.986 r  dac_clk_OBUF_inst/O
                         net (fo=0)                   0.000   172.986    dac_clk
    G16                                                               r  dac_clk (OUT)
                         clock pessimism              0.344   173.330    
                         clock uncertainty           -1.431   171.899    
                         output delay                -2.500   169.399    
  -------------------------------------------------------------------
                         required time                        169.399    
                         arrival time                         -93.261    
  -------------------------------------------------------------------
                         slack                                 76.138    

Slack (MET) :             76.370ns  (required time - arrival time)
  Source:                 u_demo_interp_dac8_audio_pcm_common/dac_data_r_reg[3]/C
                            (falling edge-triggered cell FDRE clocked by u_dual_family_audio_clock/clk_48k_raw  {rise@0.000ns fall@81.379ns period=162.759ns})
  Destination:            dac_data[3]
                            (output port clocked by dac_clk_48k_128x  {rise@0.000ns fall@81.379ns period=162.759ns})
  Path Group:             dac_clk_48k_128x
  Path Type:              Max at Slow Process Corner
  Requirement:            81.379ns  (dac_clk_48k_128x rise@162.759ns - u_dual_family_audio_clock/clk_48k_raw fall@81.379ns)
  Data Path Delay:        4.159ns  (logic 4.158ns (99.976%)  route 0.001ns (0.024%))
  Logic Levels:           1  (OBUF=1)
  Output Delay:           2.500ns
  Clock Path Skew:        3.081ns (DCD - SCD + CPR)
    Destination Clock Delay (DCD):    10.227ns = ( 172.986 - 162.759 ) 
    Source Clock Delay      (SCD):    7.598ns = ( 88.977 - 81.379 ) 
    Clock Pessimism Removal (CPR):    0.451ns
  Clock Uncertainty:      1.431ns  ((TSJ^2 + DJ^2)^1/2) / 2 + PE
    Total System Jitter     (TSJ):    0.071ns
    Discrete Jitter          (DJ):    0.972ns
    Phase Error              (PE):    0.944ns

    Location             Delay type                Incr(ns)  Path(ns)    Netlist Resource(s)
  -------------------------------------------------------------------    -------------------
                         (clock u_dual_family_audio_clock/clk_48k_raw fall edge)
                                                     81.379    81.379 f  
    Y18                                               0.000    81.379 f  clk (IN)
                         net (fo=0)                   0.000    81.379    clk
    Y18                  IBUF (Prop_ibuf_I_O)         1.427    82.806 f  u_ibuf_sys_clk/O
                         net (fo=1, routed)           1.693    84.499    clk_ibuf
    BUFGCTRL_X0Y0        BUFG (Prop_bufg_I_O)         0.081    84.580 f  u_bufg_sys_clk/O
                         net (fo=68, routed)          1.374    85.954    clk_sys_bufg
    MMCME2_ADV_X0Y1      MMCME2_ADV (Prop_mmcme2_adv_CLKIN1_CLKOUT0)
                                                      0.077    86.031 f  u_dual_family_audio_clock/u_mmcm_48k/CLKOUT0
                         net (fo=1, routed)           1.425    87.456    u_dual_family_audio_clock/clk_48k_raw
    BUFGCTRL_X0Y16       BUFGCTRL (Prop_bufgctrl_I1_O)
                                                      0.081    87.537 f  u_dual_family_audio_clock/u_bufgmux_audio_family/O
                         net (fo=440, routed)         1.440    88.977    clk_audio_128x
    OLOGIC_X0Y91         FDRE                                         r  u_demo_interp_dac8_audio_pcm_common/dac_data_r_reg[3]/C  (IS_INVERTED)
  -------------------------------------------------------------------    -------------------
    OLOGIC_X0Y91         FDRE (Prop_fdre_C_Q)         0.418    89.395 r  u_demo_interp_dac8_audio_pcm_common/dac_data_r_reg[3]/Q
                         net (fo=1, routed)           0.001    89.396    dac_data_OBUF[3]
    G18                  OBUF (Prop_obuf_I_O)         3.740    93.136 r  dac_data_OBUF[3]_inst/O
                         net (fo=0)                   0.000    93.136    dac_data[3]
    G18                                                               r  dac_data[3] (OUT)
  -------------------------------------------------------------------    -------------------

                         (clock dac_clk_48k_128x rise edge)
                                                    162.759   162.759 r  
    Y18                                               0.000   162.759 r  clk (IN)
                         net (fo=0)                   0.000   162.759    clk
    Y18                  IBUF (Prop_ibuf_I_O)         1.361   164.119 r  u_ibuf_sys_clk/O
                         net (fo=1, routed)           1.604   165.724    clk_ibuf
    BUFGCTRL_X0Y0        BUFG (Prop_bufg_I_O)         0.077   165.801 r  u_bufg_sys_clk/O
                         net (fo=68, routed)          1.270   167.071    clk_sys_bufg
    MMCME2_ADV_X0Y1      MMCME2_ADV (Prop_mmcme2_adv_CLKIN1_CLKOUT0)
                                                      0.073   167.144 r  u_dual_family_audio_clock/u_mmcm_48k/CLKOUT0
                         net (fo=1, routed)           1.357   168.501    u_dual_family_audio_clock/clk_48k_raw
    BUFGCTRL_X0Y16       BUFGCTRL (Prop_bufgctrl_I1_O)
                                                      0.077   168.578 r  u_dual_family_audio_clock/u_bufgmux_audio_family/O
                         net (fo=440, routed)         1.299   169.877    clk_audio_128x
    OLOGIC_X0Y95         ODDR (Prop_oddr_C_Q)         0.363   170.240 r  u_demo_interp_dac8_audio_pcm_common/gen_dac_clock_oddr.u_dac_clock_oddr/Q
                         net (fo=1, routed)           0.001   170.241    dac_clk_OBUF
    G16                  OBUF (Prop_obuf_I_O)         2.745   172.986 r  dac_clk_OBUF_inst/O
                         net (fo=0)                   0.000   172.986    dac_clk
    G16                                                               r  dac_clk (OUT)
                         clock pessimism              0.451   173.437    
                         clock uncertainty           -1.431   172.006    
                         output delay                -2.500   169.506    
  -------------------------------------------------------------------
                         required time                        169.506    
                         arrival time                         -93.136    
  -------------------------------------------------------------------
                         slack                                 76.370    

Slack (MET) :             76.373ns  (required time - arrival time)
  Source:                 u_demo_interp_dac8_audio_pcm_common/dac_data_r_reg[5]/C
                            (falling edge-triggered cell FDRE clocked by u_dual_family_audio_clock/clk_48k_raw  {rise@0.000ns fall@81.379ns period=162.759ns})
  Destination:            dac_data[5]
                            (output port clocked by dac_clk_48k_128x  {rise@0.000ns fall@81.379ns period=162.759ns})
  Path Group:             dac_clk_48k_128x
  Path Type:              Max at Slow Process Corner
  Requirement:            81.379ns  (dac_clk_48k_128x rise@162.759ns - u_dual_family_audio_clock/clk_48k_raw fall@81.379ns)
  Data Path Delay:        4.156ns  (logic 4.155ns (99.976%)  route 0.001ns (0.024%))
  Logic Levels:           1  (OBUF=1)
  Output Delay:           2.500ns
  Clock Path Skew:        3.081ns (DCD - SCD + CPR)
    Destination Clock Delay (DCD):    10.227ns = ( 172.986 - 162.759 ) 
    Source Clock Delay      (SCD):    7.598ns = ( 88.977 - 81.379 ) 
    Clock Pessimism Removal (CPR):    0.451ns
  Clock Uncertainty:      1.431ns  ((TSJ^2 + DJ^2)^1/2) / 2 + PE
    Total System Jitter     (TSJ):    0.071ns
    Discrete Jitter          (DJ):    0.972ns
    Phase Error              (PE):    0.944ns

    Location             Delay type                Incr(ns)  Path(ns)    Netlist Resource(s)
  -------------------------------------------------------------------    -------------------
                         (clock u_dual_family_audio_clock/clk_48k_raw fall edge)
                                                     81.379    81.379 f  
    Y18                                               0.000    81.379 f  clk (IN)
                         net (fo=0)                   0.000    81.379    clk
    Y18                  IBUF (Prop_ibuf_I_O)         1.427    82.806 f  u_ibuf_sys_clk/O
                         net (fo=1, routed)           1.693    84.499    clk_ibuf
    BUFGCTRL_X0Y0        BUFG (Prop_bufg_I_O)         0.081    84.580 f  u_bufg_sys_clk/O
                         net (fo=68, routed)          1.374    85.954    clk_sys_bufg
    MMCME2_ADV_X0Y1      MMCME2_ADV (Prop_mmcme2_adv_CLKIN1_CLKOUT0)
                                                      0.077    86.031 f  u_dual_family_audio_clock/u_mmcm_48k/CLKOUT0
                         net (fo=1, routed)           1.425    87.456    u_dual_family_audio_clock/clk_48k_raw
    BUFGCTRL_X0Y16       BUFGCTRL (Prop_bufgctrl_I1_O)
                                                      0.081    87.537 f  u_dual_family_audio_clock/u_bufgmux_audio_family/O
                         net (fo=440, routed)         1.440    88.977    clk_audio_128x
    OLOGIC_X0Y92         FDRE                                         r  u_demo_interp_dac8_audio_pcm_common/dac_data_r_reg[5]/C  (IS_INVERTED)
  -------------------------------------------------------------------    -------------------
    OLOGIC_X0Y92         FDRE (Prop_fdre_C_Q)         0.418    89.395 r  u_demo_interp_dac8_audio_pcm_common/dac_data_r_reg[5]/Q
                         net (fo=1, routed)           0.001    89.396    dac_data_OBUF[5]
    G17                  OBUF (Prop_obuf_I_O)         3.737    93.133 r  dac_data_OBUF[5]_inst/O
                         net (fo=0)                   0.000    93.133    dac_data[5]
    G17                                                               r  dac_data[5] (OUT)
  -------------------------------------------------------------------    -------------------

                         (clock dac_clk_48k_128x rise edge)
                                                    162.759   162.759 r  
    Y18                                               0.000   162.759 r  clk (IN)
                         net (fo=0)                   0.000   162.759    clk
    Y18                  IBUF (Prop_ibuf_I_O)         1.361   164.119 r  u_ibuf_sys_clk/O
                         net (fo=1, routed)           1.604   165.724    clk_ibuf
    BUFGCTRL_X0Y0        BUFG (Prop_bufg_I_O)         0.077   165.801 r  u_bufg_sys_clk/O
                         net (fo=68, routed)          1.270   167.071    clk_sys_bufg
    MMCME2_ADV_X0Y1      MMCME2_ADV (Prop_mmcme2_adv_CLKIN1_CLKOUT0)
                                                      0.073   167.144 r  u_dual_family_audio_clock/u_mmcm_48k/CLKOUT0
                         net (fo=1, routed)           1.357   168.501    u_dual_family_audio_clock/clk_48k_raw
    BUFGCTRL_X0Y16       BUFGCTRL (Prop_bufgctrl_I1_O)
                                                      0.077   168.578 r  u_dual_family_audio_clock/u_bufgmux_audio_family/O
                         net (fo=440, routed)         1.299   169.877    clk_audio_128x
    OLOGIC_X0Y95         ODDR (Prop_oddr_C_Q)         0.363   170.240 r  u_demo_interp_dac8_audio_pcm_common/gen_dac_clock_oddr.u_dac_clock_oddr/Q
                         net (fo=1, routed)           0.001   170.241    dac_clk_OBUF
    G16                  OBUF (Prop_obuf_I_O)         2.745   172.986 r  dac_clk_OBUF_inst/O
                         net (fo=0)                   0.000   172.986    dac_clk
    G16                                                               r  dac_clk (OUT)
                         clock pessimism              0.451   173.437    
                         clock uncertainty           -1.431   172.006    
                         output delay                -2.500   169.506    
  -------------------------------------------------------------------
                         required time                        169.506    
                         arrival time                         -93.133    
  -------------------------------------------------------------------
                         slack                                 76.373    

Slack (MET) :             76.388ns  (required time - arrival time)
  Source:                 u_demo_interp_dac8_audio_pcm_common/dac_data_r_reg[0]/C
                            (falling edge-triggered cell FDRE clocked by u_dual_family_audio_clock/clk_48k_raw  {rise@0.000ns fall@81.379ns period=162.759ns})
  Destination:            dac_data[0]
                            (output port clocked by dac_clk_48k_128x  {rise@0.000ns fall@81.379ns period=162.759ns})
  Path Group:             dac_clk_48k_128x
  Path Type:              Max at Slow Process Corner
  Requirement:            81.379ns  (dac_clk_48k_128x rise@162.759ns - u_dual_family_audio_clock/clk_48k_raw fall@81.379ns)
  Data Path Delay:        4.155ns  (logic 4.154ns (99.976%)  route 0.001ns (0.024%))
  Logic Levels:           1  (OBUF=1)
  Output Delay:           2.500ns
  Clock Path Skew:        3.095ns (DCD - SCD + CPR)
    Destination Clock Delay (DCD):    10.227ns = ( 172.986 - 162.759 ) 
    Source Clock Delay      (SCD):    7.584ns = ( 88.963 - 81.379 ) 
    Clock Pessimism Removal (CPR):    0.451ns
  Clock Uncertainty:      1.431ns  ((TSJ^2 + DJ^2)^1/2) / 2 + PE
    Total System Jitter     (TSJ):    0.071ns
    Discrete Jitter          (DJ):    0.972ns
    Phase Error              (PE):    0.944ns

    Location             Delay type                Incr(ns)  Path(ns)    Netlist Resource(s)
  -------------------------------------------------------------------    -------------------
                         (clock u_dual_family_audio_clock/clk_48k_raw fall edge)
                                                     81.379    81.379 f  
    Y18                                               0.000    81.379 f  clk (IN)
                         net (fo=0)                   0.000    81.379    clk
    Y18                  IBUF (Prop_ibuf_I_O)         1.427    82.806 f  u_ibuf_sys_clk/O
                         net (fo=1, routed)           1.693    84.499    clk_ibuf
    BUFGCTRL_X0Y0        BUFG (Prop_bufg_I_O)         0.081    84.580 f  u_bufg_sys_clk/O
                         net (fo=68, routed)          1.374    85.954    clk_sys_bufg
    MMCME2_ADV_X0Y1      MMCME2_ADV (Prop_mmcme2_adv_CLKIN1_CLKOUT0)
                                                      0.077    86.031 f  u_dual_family_audio_clock/u_mmcm_48k/CLKOUT0
                         net (fo=1, routed)           1.425    87.456    u_dual_family_audio_clock/clk_48k_raw
    BUFGCTRL_X0Y16       BUFGCTRL (Prop_bufgctrl_I1_O)
                                                      0.081    87.537 f  u_dual_family_audio_clock/u_bufgmux_audio_family/O
                         net (fo=440, routed)         1.426    88.963    clk_audio_128x
    OLOGIC_X0Y75         FDRE                                         r  u_demo_interp_dac8_audio_pcm_common/dac_data_r_reg[0]/C  (IS_INVERTED)
  -------------------------------------------------------------------    -------------------
    OLOGIC_X0Y75         FDRE (Prop_fdre_C_Q)         0.418    89.381 r  u_demo_interp_dac8_audio_pcm_common/dac_data_r_reg[0]/Q
                         net (fo=1, routed)           0.001    89.382    dac_data_OBUF[0]
    H19                  OBUF (Prop_obuf_I_O)         3.736    93.118 r  dac_data_OBUF[0]_inst/O
                         net (fo=0)                   0.000    93.118    dac_data[0]
    H19                                                               r  dac_data[0] (OUT)
  -------------------------------------------------------------------    -------------------

                         (clock dac_clk_48k_128x rise edge)
                                                    162.759   162.759 r  
    Y18                                               0.000   162.759 r  clk (IN)
                         net (fo=0)                   0.000   162.759    clk
    Y18                  IBUF (Prop_ibuf_I_O)         1.361   164.119 r  u_ibuf_sys_clk/O
                         net (fo=1, routed)           1.604   165.724    clk_ibuf
    BUFGCTRL_X0Y0        BUFG (Prop_bufg_I_O)         0.077   165.801 r  u_bufg_sys_clk/O
                         net (fo=68, routed)          1.270   167.071    clk_sys_bufg
    MMCME2_ADV_X0Y1      MMCME2_ADV (Prop_mmcme2_adv_CLKIN1_CLKOUT0)
                                                      0.073   167.144 r  u_dual_family_audio_clock/u_mmcm_48k/CLKOUT0
                         net (fo=1, routed)           1.357   168.501    u_dual_family_audio_clock/clk_48k_raw
    BUFGCTRL_X0Y16       BUFGCTRL (Prop_bufgctrl_I1_O)
                                                      0.077   168.578 r  u_dual_family_audio_clock/u_bufgmux_audio_family/O
                         net (fo=440, routed)         1.299   169.877    clk_audio_128x
    OLOGIC_X0Y95         ODDR (Prop_oddr_C_Q)         0.363   170.240 r  u_demo_interp_dac8_audio_pcm_common/gen_dac_clock_oddr.u_dac_clock_oddr/Q
                         net (fo=1, routed)           0.001   170.241    dac_clk_OBUF
    G16                  OBUF (Prop_obuf_I_O)         2.745   172.986 r  dac_clk_OBUF_inst/O
                         net (fo=0)                   0.000   172.986    dac_clk
    G16                                                               r  dac_clk (OUT)
                         clock pessimism              0.451   173.437    
                         clock uncertainty           -1.431   172.006    
                         output delay                -2.500   169.506    
  -------------------------------------------------------------------
                         required time                        169.506    
                         arrival time                         -93.118    
  -------------------------------------------------------------------
                         slack                                 76.388    

Slack (MET) :             76.395ns  (required time - arrival time)
  Source:                 u_demo_interp_dac8_audio_pcm_common/dac_data_r_reg[2]/C
                            (falling edge-triggered cell FDRE clocked by u_dual_family_audio_clock/clk_48k_raw  {rise@0.000ns fall@81.379ns period=162.759ns})
  Destination:            dac_data[2]
                            (output port clocked by dac_clk_48k_128x  {rise@0.000ns fall@81.379ns period=162.759ns})
  Path Group:             dac_clk_48k_128x
  Path Type:              Max at Slow Process Corner
  Requirement:            81.379ns  (dac_clk_48k_128x rise@162.759ns - u_dual_family_audio_clock/clk_48k_raw fall@81.379ns)
  Data Path Delay:        4.136ns  (logic 4.135ns (99.976%)  route 0.001ns (0.024%))
  Logic Levels:           1  (OBUF=1)
  Output Delay:           2.500ns
  Clock Path Skew:        3.083ns (DCD - SCD + CPR)
    Destination Clock Delay (DCD):    10.227ns = ( 172.986 - 162.759 ) 
    Source Clock Delay      (SCD):    7.596ns = ( 88.975 - 81.379 ) 
    Clock Pessimism Removal (CPR):    0.451ns
  Clock Uncertainty:      1.431ns  ((TSJ^2 + DJ^2)^1/2) / 2 + PE
    Total System Jitter     (TSJ):    0.071ns
    Discrete Jitter          (DJ):    0.972ns
    Phase Error              (PE):    0.944ns

    Location             Delay type                Incr(ns)  Path(ns)    Netlist Resource(s)
  -------------------------------------------------------------------    -------------------
                         (clock u_dual_family_audio_clock/clk_48k_raw fall edge)
                                                     81.379    81.379 f  
    Y18                                               0.000    81.379 f  clk (IN)
                         net (fo=0)                   0.000    81.379    clk
    Y18                  IBUF (Prop_ibuf_I_O)         1.427    82.806 f  u_ibuf_sys_clk/O
                         net (fo=1, routed)           1.693    84.499    clk_ibuf
    BUFGCTRL_X0Y0        BUFG (Prop_bufg_I_O)         0.081    84.580 f  u_bufg_sys_clk/O
                         net (fo=68, routed)          1.374    85.954    clk_sys_bufg
    MMCME2_ADV_X0Y1      MMCME2_ADV (Prop_mmcme2_adv_CLKIN1_CLKOUT0)
                                                      0.077    86.031 f  u_dual_family_audio_clock/u_mmcm_48k/CLKOUT0
                         net (fo=1, routed)           1.425    87.456    u_dual_family_audio_clock/clk_48k_raw
    BUFGCTRL_X0Y16       BUFGCTRL (Prop_bufgctrl_I1_O)
                                                      0.081    87.537 f  u_dual_family_audio_clock/u_bufgmux_audio_family/O
                         net (fo=440, routed)         1.438    88.975    clk_audio_128x
    OLOGIC_X0Y87         FDRE                                         r  u_demo_interp_dac8_audio_pcm_common/dac_data_r_reg[2]/C  (IS_INVERTED)
  -------------------------------------------------------------------    -------------------
    OLOGIC_X0Y87         FDRE (Prop_fdre_C_Q)         0.418    89.393 r  u_demo_interp_dac8_audio_pcm_common/dac_data_r_reg[2]/Q
                         net (fo=1, routed)           0.001    89.394    dac_data_OBUF[2]
    H18                  OBUF (Prop_obuf_I_O)         3.717    93.111 r  dac_data_OBUF[2]_inst/O
                         net (fo=0)                   0.000    93.111    dac_data[2]
    H18                                                               r  dac_data[2] (OUT)
  -------------------------------------------------------------------    -------------------

                         (clock dac_clk_48k_128x rise edge)
                                                    162.759   162.759 r  
    Y18                                               0.000   162.759 r  clk (IN)
                         net (fo=0)                   0.000   162.759    clk
    Y18                  IBUF (Prop_ibuf_I_O)         1.361   164.119 r  u_ibuf_sys_clk/O
                         net (fo=1, routed)           1.604   165.724    clk_ibuf
    BUFGCTRL_X0Y0        BUFG (Prop_bufg_I_O)         0.077   165.801 r  u_bufg_sys_clk/O
                         net (fo=68, routed)          1.270   167.071    clk_sys_bufg
    MMCME2_ADV_X0Y1      MMCME2_ADV (Prop_mmcme2_adv_CLKIN1_CLKOUT0)
                                                      0.073   167.144 r  u_dual_family_audio_clock/u_mmcm_48k/CLKOUT0
                         net (fo=1, routed)           1.357   168.501    u_dual_family_audio_clock/clk_48k_raw
    BUFGCTRL_X0Y16       BUFGCTRL (Prop_bufgctrl_I1_O)
                                                      0.077   168.578 r  u_dual_family_audio_clock/u_bufgmux_audio_family/O
                         net (fo=440, routed)         1.299   169.877    clk_audio_128x
    OLOGIC_X0Y95         ODDR (Prop_oddr_C_Q)         0.363   170.240 r  u_demo_interp_dac8_audio_pcm_common/gen_dac_clock_oddr.u_dac_clock_oddr/Q
                         net (fo=1, routed)           0.001   170.241    dac_clk_OBUF
    G16                  OBUF (Prop_obuf_I_O)         2.745   172.986 r  dac_clk_OBUF_inst/O
                         net (fo=0)                   0.000   172.986    dac_clk
    G16                                                               r  dac_clk (OUT)
                         clock pessimism              0.451   173.437    
                         clock uncertainty           -1.431   172.006    
                         output delay                -2.500   169.506    
  -------------------------------------------------------------------
                         required time                        169.506    
                         arrival time                         -93.111    
  -------------------------------------------------------------------
                         slack                                 76.395    




