#-----------------------------------------------------------
# xsim v2018.3 (64-bit)
# SW Build 2405991 on Thu Dec  6 23:38:27 MST 2018
# IP Build 2404404 on Fri Dec  7 01:43:56 MST 2018
# Start of session at: Sun Aug  2 21:57:04 2026
# Process ID: 43324
# Current directory: D:/FpgaProject/XilinxProject/XC7A35T/fir_interpolation/matlab_fir/national_finals/_work/rtl_regression/20260802_215438/full_chain_bittrue
# Command line: xsim.exe -mode tcl -source {xsim.dir/tb_nf_full_final_sim/xsim_script.tcl}
# Log file: D:/FpgaProject/XilinxProject/XC7A35T/fir_interpolation/matlab_fir/national_finals/_work/rtl_regression/20260802_215438/full_chain_bittrue/xsim.log
# Journal file: D:/FpgaProject/XilinxProject/XC7A35T/fir_interpolation/matlab_fir/national_finals/_work/rtl_regression/20260802_215438/full_chain_bittrue\xsim.jou
#-----------------------------------------------------------
source xsim.dir/tb_nf_full_final_sim/xsim_script.tcl
# xsim {tb_nf_full_final_sim} -autoloadwcfg -runall
Vivado Simulator 2018.3
Time resolution is 1 ps
run -all
PHASE7 FULL CHAIN case=1 PASS y4=1245 y8=2499 y128=40064
PHASE7 FULL CHAIN case=2 PASS y4=16605 y8=33219 y128=531584
PHASE7 FULL CHAIN case=3 PASS y4=16605 y8=33219 y128=531584
PHASE7 FULL CHAIN case=4 PASS y4=16605 y8=33219 y128=531584
PHASE7 FULL CHAIN case=5 PASS y4=16605 y8=33219 y128=531584
PHASE7 FULL CHAIN case=6 PASS y4=16605 y8=33219 y128=531584
PHASE7 FULL CHAIN case=7 PASS y4=16605 y8=33219 y128=531584
PHASE7 FULL CHAIN case=8 PASS y4=16605 y8=33219 y128=531584
PHASE7 FULL CHAIN case=9 PASS y4=16605 y8=33219 y128=531584
PHASE7 FULL CHAIN case=10 PASS y4=16605 y8=33219 y128=531584
PHASE7 FULL CHAIN case=11 PASS y4=16605 y8=33219 y128=531584
PHASE7 FULL CHAIN case=12 PASS y4=1245 y8=2499 y128=40064
PHASE7 FULL CHAIN case=13 PASS y4=1245 y8=2499 y128=40064
PHASE7 FULL CHAIN case=14 PASS y4=8413 y8=16835 y128=269440
PHASE7 FULL CHAIN BITTRUE PASS: impulse + 10 seeds + 2 fullscale + strong -1 dBFS, reset-zero prefixes and all nodes 0 LSB.
$finish called at time : 118910388344 ps : File "D:/FpgaProject/XilinxProject/XC7A35T/fir_interpolation/matlab_fir/national_finals/_work/rtl_regression/20260802_215438/generated_candidate/tb_phase7_full_chain_bittrue.v" Line 559
run: Time (s): cpu = 00:00:00 ; elapsed = 00:10:52 . Memory (MB): peak = 219.777 ; gain = 0.000
exit
INFO: [Common 17-206] Exiting xsim at Sun Aug  2 22:08:00 2026...
