Copyright 1986-2018 Xilinx, Inc. All Rights Reserved.
--------------------------------------------------------------------------------------------------------------------------------------------------------------------------------
| Tool Version : Vivado v.2018.3 (win64) Build 2405991 Thu Dec  6 23:38:27 MST 2018
| Date         : Sat Aug  1 00:32:48 2026
| Host         : LAPTOP-476JT8H0 running 64-bit major release  (build 9200)
| Command      : report_drc -file D:/FpgaProject/XilinxProject/XC7A35T/fir_interpolation/matlab_fir/national_finals/vivado_results/board_dual_rate_p1_stage3_q15/drc_routed.rpt
| Design       : board_demo_competition_dac8_top
| Device       : xc7a35tfgg484-2
| Speed File   : -2
| Design State : Fully Routed
--------------------------------------------------------------------------------------------------------------------------------------------------------------------------------

Report DRC

Table of Contents
-----------------
1. REPORT SUMMARY
2. REPORT DETAILS

1. REPORT SUMMARY
-----------------
            Netlist: netlist
          Floorplan: checkpoint_board_demo_competition_dac8_top
      Design limits: <entire design considered>
           Ruledeck: default
             Max violations: <unlimited>
             Violations found: 66
+-----------+----------+-------------------------------------------------------------------+------------+
| Rule      | Severity | Description                                                       | Violations |
+-----------+----------+-------------------------------------------------------------------+------------+
| CHECK-3   | Warning  | Report rule limit reached                                         | 1          |
| DPIP-1    | Warning  | Input pipelining                                                  | 7          |
| DPOP-1    | Warning  | PREG Output pipelining                                            | 3          |
| DPOR-1    | Warning  | Asynchronous load check                                           | 33         |
| DPREG-4   | Warning  | DSP48E1_PregDynOpmodeZmuxP:                                       | 1          |
| REQP-1840 | Warning  | RAMB18 async control check                                        | 20         |
| AVAL-4    | Advisory | enum_USE_DPORT_FALSE_enum_DREG_ADREG_0_connects_CED_CEAD_RSTD_GND | 1          |
+-----------+----------+-------------------------------------------------------------------+------------+

2. REPORT DETAILS
-----------------
CHECK-3#1 Warning
Report rule limit reached  
REQP-1840 rule limit reached: 20 violations have been found.
Related violations: <none>

DPIP-1#1 Warning
Input pipelining  
DSP u_demo_interp_dac8_audio_pcm_common/gen_phase7_folded.u_interp128_all2x_v7_folded_fir_cic_top_ce/gen_lutram_stage23.u_interp2_stage23_lutram_cic_dsp_ce/u_stage23_dsp48e1 input u_demo_interp_dac8_audio_pcm_common/gen_phase7_folded.u_interp128_all2x_v7_folded_fir_cic_top_ce/gen_lutram_stage23.u_interp2_stage23_lutram_cic_dsp_ce/u_stage23_dsp48e1/A[29:0] is not pipelined. Pipelining DSP48 input will improve performance.
Related violations: <none>

DPIP-1#2 Warning
Input pipelining  
DSP u_demo_interp_dac8_audio_pcm_common/gen_phase7_folded.u_interp128_all2x_v7_folded_fir_cic_top_ce/gen_lutram_stage23.u_interp2_stage23_lutram_cic_dsp_ce/u_stage23_dsp48e1 input u_demo_interp_dac8_audio_pcm_common/gen_phase7_folded.u_interp128_all2x_v7_folded_fir_cic_top_ce/gen_lutram_stage23.u_interp2_stage23_lutram_cic_dsp_ce/u_stage23_dsp48e1/B[17:0] is not pipelined. Pipelining DSP48 input will improve performance.
Related violations: <none>

DPIP-1#3 Warning
Input pipelining  
DSP u_demo_interp_dac8_audio_pcm_common/gen_phase7_folded.u_interp128_all2x_v7_folded_fir_cic_top_ce/gen_serial_cic_comb.u_cic_interp16_serial_comb_dsp_ce/final_integrator_next input u_demo_interp_dac8_audio_pcm_common/gen_phase7_folded.u_interp128_all2x_v7_folded_fir_cic_top_ce/gen_serial_cic_comb.u_cic_interp16_serial_comb_dsp_ce/final_integrator_next/A[29:0] is not pipelined. Pipelining DSP48 input will improve performance.
Related violations: <none>

DPIP-1#4 Warning
Input pipelining  
DSP u_demo_interp_dac8_audio_pcm_common/gen_phase7_folded.u_interp128_all2x_v7_folded_fir_cic_top_ce/gen_serial_cic_comb.u_cic_interp16_serial_comb_dsp_ce/final_integrator_next input u_demo_interp_dac8_audio_pcm_common/gen_phase7_folded.u_interp128_all2x_v7_folded_fir_cic_top_ce/gen_serial_cic_comb.u_cic_interp16_serial_comb_dsp_ce/final_integrator_next/B[17:0] is not pipelined. Pipelining DSP48 input will improve performance.
Related violations: <none>

DPIP-1#5 Warning
Input pipelining  
DSP u_demo_interp_dac8_audio_pcm_common/gen_phase7_folded.u_interp128_all2x_v7_folded_fir_cic_top_ce/gen_serial_cic_comb.u_cic_interp16_serial_comb_dsp_ce/final_integrator_next1 input u_demo_interp_dac8_audio_pcm_common/gen_phase7_folded.u_interp128_all2x_v7_folded_fir_cic_top_ce/gen_serial_cic_comb.u_cic_interp16_serial_comb_dsp_ce/final_integrator_next1/C[47:0] is not pipelined. Pipelining DSP48 input will improve performance.
Related violations: <none>

DPIP-1#6 Warning
Input pipelining  
DSP u_demo_interp_dac8_audio_pcm_common/gen_phase7_folded.u_interp128_all2x_v7_folded_fir_cic_top_ce/u_interp2_stage1_strict_halfband_bram_ce/u_stage1_dsp48e1 input u_demo_interp_dac8_audio_pcm_common/gen_phase7_folded.u_interp128_all2x_v7_folded_fir_cic_top_ce/u_interp2_stage1_strict_halfband_bram_ce/u_stage1_dsp48e1/A[29:0] is not pipelined. Pipelining DSP48 input will improve performance.
Related violations: <none>

DPIP-1#7 Warning
Input pipelining  
DSP u_demo_interp_dac8_audio_pcm_common/gen_phase7_folded.u_interp128_all2x_v7_folded_fir_cic_top_ce/u_interp2_stage1_strict_halfband_bram_ce/u_stage1_dsp48e1 input u_demo_interp_dac8_audio_pcm_common/gen_phase7_folded.u_interp128_all2x_v7_folded_fir_cic_top_ce/u_interp2_stage1_strict_halfband_bram_ce/u_stage1_dsp48e1/B[17:0] is not pipelined. Pipelining DSP48 input will improve performance.
Related violations: <none>

DPOP-1#1 Warning
PREG Output pipelining  
DSP u_demo_interp_dac8_audio_pcm_common/gen_phase7_folded.u_interp128_all2x_v7_folded_fir_cic_top_ce/gen_serial_cic_comb.u_cic_interp16_serial_comb_dsp_ce/final_integrator_next output u_demo_interp_dac8_audio_pcm_common/gen_phase7_folded.u_interp128_all2x_v7_folded_fir_cic_top_ce/gen_serial_cic_comb.u_cic_interp16_serial_comb_dsp_ce/final_integrator_next/P[47:0] is not pipelined (PREG=0). Pipelining the DSP48 output will improve performance and often saves power so it is suggested whenever possible to fully pipeline this function.  If this DSP48 function was inferred, it is suggested to describe an additional register stage after this function.  If the DSP48 was instantiated in the design, it is suggested to set the PREG attribute to 1.
Related violations: <none>

DPOP-1#2 Warning
PREG Output pipelining  
DSP u_demo_interp_dac8_audio_pcm_common/gen_phase7_folded.u_interp128_all2x_v7_folded_fir_cic_top_ce/gen_serial_cic_comb.u_cic_interp16_serial_comb_dsp_ce/final_integrator_next0 output u_demo_interp_dac8_audio_pcm_common/gen_phase7_folded.u_interp128_all2x_v7_folded_fir_cic_top_ce/gen_serial_cic_comb.u_cic_interp16_serial_comb_dsp_ce/final_integrator_next0/P[47:0] is not pipelined (PREG=0). Pipelining the DSP48 output will improve performance and often saves power so it is suggested whenever possible to fully pipeline this function.  If this DSP48 function was inferred, it is suggested to describe an additional register stage after this function.  If the DSP48 was instantiated in the design, it is suggested to set the PREG attribute to 1.
Related violations: <none>

DPOP-1#3 Warning
PREG Output pipelining  
DSP u_demo_interp_dac8_audio_pcm_common/gen_phase7_folded.u_interp128_all2x_v7_folded_fir_cic_top_ce/gen_serial_cic_comb.u_cic_interp16_serial_comb_dsp_ce/final_integrator_next1 output u_demo_interp_dac8_audio_pcm_common/gen_phase7_folded.u_interp128_all2x_v7_folded_fir_cic_top_ce/gen_serial_cic_comb.u_cic_interp16_serial_comb_dsp_ce/final_integrator_next1/P[47:0] is not pipelined (PREG=0). Pipelining the DSP48 output will improve performance and often saves power so it is suggested whenever possible to fully pipeline this function.  If this DSP48 function was inferred, it is suggested to describe an additional register stage after this function.  If the DSP48 was instantiated in the design, it is suggested to set the PREG attribute to 1.
Related violations: <none>

DPOR-1#1 Warning
Asynchronous load check  
DSP u_demo_interp_dac8_audio_pcm_common/gen_phase7_folded.u_interp128_all2x_v7_folded_fir_cic_top_ce/gen_serial_cic_comb.u_cic_interp16_serial_comb_dsp_ce/final_integrator_next output is connected to registers with an asynchronous reset (u_demo_interp_dac8_audio_pcm_common/gen_phase7_folded.u_interp128_all2x_v7_folded_fir_cic_top_ce/gen_serial_cic_comb.u_cic_interp16_serial_comb_dsp_ce/final_integrator_state_reg[0]). This is preventing the possibility of merging these registers in to the DSP Block since the DSP block registers only possess synchronous reset capability.  It is suggested to recode or change these registers to remove the reset or use a synchronous reset to get the best optimization for performance, power and area.
Related violations: <none>

DPOR-1#2 Warning
Asynchronous load check  
DSP u_demo_interp_dac8_audio_pcm_common/gen_phase7_folded.u_interp128_all2x_v7_folded_fir_cic_top_ce/gen_serial_cic_comb.u_cic_interp16_serial_comb_dsp_ce/final_integrator_next output is connected to registers with an asynchronous reset (u_demo_interp_dac8_audio_pcm_common/gen_phase7_folded.u_interp128_all2x_v7_folded_fir_cic_top_ce/gen_serial_cic_comb.u_cic_interp16_serial_comb_dsp_ce/final_integrator_state_reg[10]). This is preventing the possibility of merging these registers in to the DSP Block since the DSP block registers only possess synchronous reset capability.  It is suggested to recode or change these registers to remove the reset or use a synchronous reset to get the best optimization for performance, power and area.
Related violations: <none>

DPOR-1#3 Warning
Asynchronous load check  
DSP u_demo_interp_dac8_audio_pcm_common/gen_phase7_folded.u_interp128_all2x_v7_folded_fir_cic_top_ce/gen_serial_cic_comb.u_cic_interp16_serial_comb_dsp_ce/final_integrator_next output is connected to registers with an asynchronous reset (u_demo_interp_dac8_audio_pcm_common/gen_phase7_folded.u_interp128_all2x_v7_folded_fir_cic_top_ce/gen_serial_cic_comb.u_cic_interp16_serial_comb_dsp_ce/final_integrator_state_reg[11]). This is preventing the possibility of merging these registers in to the DSP Block since the DSP block registers only possess synchronous reset capability.  It is suggested to recode or change these registers to remove the reset or use a synchronous reset to get the best optimization for performance, power and area.
Related violations: <none>

DPOR-1#4 Warning
Asynchronous load check  
DSP u_demo_interp_dac8_audio_pcm_common/gen_phase7_folded.u_interp128_all2x_v7_folded_fir_cic_top_ce/gen_serial_cic_comb.u_cic_interp16_serial_comb_dsp_ce/final_integrator_next output is connected to registers with an asynchronous reset (u_demo_interp_dac8_audio_pcm_common/gen_phase7_folded.u_interp128_all2x_v7_folded_fir_cic_top_ce/gen_serial_cic_comb.u_cic_interp16_serial_comb_dsp_ce/final_integrator_state_reg[12]). This is preventing the possibility of merging these registers in to the DSP Block since the DSP block registers only possess synchronous reset capability.  It is suggested to recode or change these registers to remove the reset or use a synchronous reset to get the best optimization for performance, power and area.
Related violations: <none>

DPOR-1#5 Warning
Asynchronous load check  
DSP u_demo_interp_dac8_audio_pcm_common/gen_phase7_folded.u_interp128_all2x_v7_folded_fir_cic_top_ce/gen_serial_cic_comb.u_cic_interp16_serial_comb_dsp_ce/final_integrator_next output is connected to registers with an asynchronous reset (u_demo_interp_dac8_audio_pcm_common/gen_phase7_folded.u_interp128_all2x_v7_folded_fir_cic_top_ce/gen_serial_cic_comb.u_cic_interp16_serial_comb_dsp_ce/final_integrator_state_reg[13]). This is preventing the possibility of merging these registers in to the DSP Block since the DSP block registers only possess synchronous reset capability.  It is suggested to recode or change these registers to remove the reset or use a synchronous reset to get the best optimization for performance, power and area.
Related violations: <none>

DPOR-1#6 Warning
Asynchronous load check  
DSP u_demo_interp_dac8_audio_pcm_common/gen_phase7_folded.u_interp128_all2x_v7_folded_fir_cic_top_ce/gen_serial_cic_comb.u_cic_interp16_serial_comb_dsp_ce/final_integrator_next output is connected to registers with an asynchronous reset (u_demo_interp_dac8_audio_pcm_common/gen_phase7_folded.u_interp128_all2x_v7_folded_fir_cic_top_ce/gen_serial_cic_comb.u_cic_interp16_serial_comb_dsp_ce/final_integrator_state_reg[14]). This is preventing the possibility of merging these registers in to the DSP Block since the DSP block registers only possess synchronous reset capability.  It is suggested to recode or change these registers to remove the reset or use a synchronous reset to get the best optimization for performance, power and area.
Related violations: <none>

DPOR-1#7 Warning
Asynchronous load check  
DSP u_demo_interp_dac8_audio_pcm_common/gen_phase7_folded.u_interp128_all2x_v7_folded_fir_cic_top_ce/gen_serial_cic_comb.u_cic_interp16_serial_comb_dsp_ce/final_integrator_next output is connected to registers with an asynchronous reset (u_demo_interp_dac8_audio_pcm_common/gen_phase7_folded.u_interp128_all2x_v7_folded_fir_cic_top_ce/gen_serial_cic_comb.u_cic_interp16_serial_comb_dsp_ce/final_integrator_state_reg[15]). This is preventing the possibility of merging these registers in to the DSP Block since the DSP block registers only possess synchronous reset capability.  It is suggested to recode or change these registers to remove the reset or use a synchronous reset to get the best optimization for performance, power and area.
Related violations: <none>

DPOR-1#8 Warning
Asynchronous load check  
DSP u_demo_interp_dac8_audio_pcm_common/gen_phase7_folded.u_interp128_all2x_v7_folded_fir_cic_top_ce/gen_serial_cic_comb.u_cic_interp16_serial_comb_dsp_ce/final_integrator_next output is connected to registers with an asynchronous reset (u_demo_interp_dac8_audio_pcm_common/gen_phase7_folded.u_interp128_all2x_v7_folded_fir_cic_top_ce/gen_serial_cic_comb.u_cic_interp16_serial_comb_dsp_ce/final_integrator_state_reg[16]). This is preventing the possibility of merging these registers in to the DSP Block since the DSP block registers only possess synchronous reset capability.  It is suggested to recode or change these registers to remove the reset or use a synchronous reset to get the best optimization for performance, power and area.
Related violations: <none>

DPOR-1#9 Warning
Asynchronous load check  
DSP u_demo_interp_dac8_audio_pcm_common/gen_phase7_folded.u_interp128_all2x_v7_folded_fir_cic_top_ce/gen_serial_cic_comb.u_cic_interp16_serial_comb_dsp_ce/final_integrator_next output is connected to registers with an asynchronous reset (u_demo_interp_dac8_audio_pcm_common/gen_phase7_folded.u_interp128_all2x_v7_folded_fir_cic_top_ce/gen_serial_cic_comb.u_cic_interp16_serial_comb_dsp_ce/final_integrator_state_reg[17]). This is preventing the possibility of merging these registers in to the DSP Block since the DSP block registers only possess synchronous reset capability.  It is suggested to recode or change these registers to remove the reset or use a synchronous reset to get the best optimization for performance, power and area.
Related violations: <none>

DPOR-1#10 Warning
Asynchronous load check  
DSP u_demo_interp_dac8_audio_pcm_common/gen_phase7_folded.u_interp128_all2x_v7_folded_fir_cic_top_ce/gen_serial_cic_comb.u_cic_interp16_serial_comb_dsp_ce/final_integrator_next output is connected to registers with an asynchronous reset (u_demo_interp_dac8_audio_pcm_common/gen_phase7_folded.u_interp128_all2x_v7_folded_fir_cic_top_ce/gen_serial_cic_comb.u_cic_interp16_serial_comb_dsp_ce/final_integrator_state_reg[18]). This is preventing the possibility of merging these registers in to the DSP Block since the DSP block registers only possess synchronous reset capability.  It is suggested to recode or change these registers to remove the reset or use a synchronous reset to get the best optimization for performance, power and area.
Related violations: <none>

DPOR-1#11 Warning
Asynchronous load check  
DSP u_demo_interp_dac8_audio_pcm_common/gen_phase7_folded.u_interp128_all2x_v7_folded_fir_cic_top_ce/gen_serial_cic_comb.u_cic_interp16_serial_comb_dsp_ce/final_integrator_next output is connected to registers with an asynchronous reset (u_demo_interp_dac8_audio_pcm_common/gen_phase7_folded.u_interp128_all2x_v7_folded_fir_cic_top_ce/gen_serial_cic_comb.u_cic_interp16_serial_comb_dsp_ce/final_integrator_state_reg[19]). This is preventing the possibility of merging these registers in to the DSP Block since the DSP block registers only possess synchronous reset capability.  It is suggested to recode or change these registers to remove the reset or use a synchronous reset to get the best optimization for performance, power and area.
Related violations: <none>

DPOR-1#12 Warning
Asynchronous load check  
DSP u_demo_interp_dac8_audio_pcm_common/gen_phase7_folded.u_interp128_all2x_v7_folded_fir_cic_top_ce/gen_serial_cic_comb.u_cic_interp16_serial_comb_dsp_ce/final_integrator_next output is connected to registers with an asynchronous reset (u_demo_interp_dac8_audio_pcm_common/gen_phase7_folded.u_interp128_all2x_v7_folded_fir_cic_top_ce/gen_serial_cic_comb.u_cic_interp16_serial_comb_dsp_ce/final_integrator_state_reg[1]). This is preventing the possibility of merging these registers in to the DSP Block since the DSP block registers only possess synchronous reset capability.  It is suggested to recode or change these registers to remove the reset or use a synchronous reset to get the best optimization for performance, power and area.
Related violations: <none>

DPOR-1#13 Warning
Asynchronous load check  
DSP u_demo_interp_dac8_audio_pcm_common/gen_phase7_folded.u_interp128_all2x_v7_folded_fir_cic_top_ce/gen_serial_cic_comb.u_cic_interp16_serial_comb_dsp_ce/final_integrator_next output is connected to registers with an asynchronous reset (u_demo_interp_dac8_audio_pcm_common/gen_phase7_folded.u_interp128_all2x_v7_folded_fir_cic_top_ce/gen_serial_cic_comb.u_cic_interp16_serial_comb_dsp_ce/final_integrator_state_reg[20]). This is preventing the possibility of merging these registers in to the DSP Block since the DSP block registers only possess synchronous reset capability.  It is suggested to recode or change these registers to remove the reset or use a synchronous reset to get the best optimization for performance, power and area.
Related violations: <none>

DPOR-1#14 Warning
Asynchronous load check  
DSP u_demo_interp_dac8_audio_pcm_common/gen_phase7_folded.u_interp128_all2x_v7_folded_fir_cic_top_ce/gen_serial_cic_comb.u_cic_interp16_serial_comb_dsp_ce/final_integrator_next output is connected to registers with an asynchronous reset (u_demo_interp_dac8_audio_pcm_common/gen_phase7_folded.u_interp128_all2x_v7_folded_fir_cic_top_ce/gen_serial_cic_comb.u_cic_interp16_serial_comb_dsp_ce/final_integrator_state_reg[21]). This is preventing the possibility of merging these registers in to the DSP Block since the DSP block registers only possess synchronous reset capability.  It is suggested to recode or change these registers to remove the reset or use a synchronous reset to get the best optimization for performance, power and area.
Related violations: <none>

DPOR-1#15 Warning
Asynchronous load check  
DSP u_demo_interp_dac8_audio_pcm_common/gen_phase7_folded.u_interp128_all2x_v7_folded_fir_cic_top_ce/gen_serial_cic_comb.u_cic_interp16_serial_comb_dsp_ce/final_integrator_next output is connected to registers with an asynchronous reset (u_demo_interp_dac8_audio_pcm_common/gen_phase7_folded.u_interp128_all2x_v7_folded_fir_cic_top_ce/gen_serial_cic_comb.u_cic_interp16_serial_comb_dsp_ce/final_integrator_state_reg[22]). This is preventing the possibility of merging these registers in to the DSP Block since the DSP block registers only possess synchronous reset capability.  It is suggested to recode or change these registers to remove the reset or use a synchronous reset to get the best optimization for performance, power and area.
Related violations: <none>

DPOR-1#16 Warning
Asynchronous load check  
DSP u_demo_interp_dac8_audio_pcm_common/gen_phase7_folded.u_interp128_all2x_v7_folded_fir_cic_top_ce/gen_serial_cic_comb.u_cic_interp16_serial_comb_dsp_ce/final_integrator_next output is connected to registers with an asynchronous reset (u_demo_interp_dac8_audio_pcm_common/gen_phase7_folded.u_interp128_all2x_v7_folded_fir_cic_top_ce/gen_serial_cic_comb.u_cic_interp16_serial_comb_dsp_ce/final_integrator_state_reg[23]). This is preventing the possibility of merging these registers in to the DSP Block since the DSP block registers only possess synchronous reset capability.  It is suggested to recode or change these registers to remove the reset or use a synchronous reset to get the best optimization for performance, power and area.
Related violations: <none>

DPOR-1#17 Warning
Asynchronous load check  
DSP u_demo_interp_dac8_audio_pcm_common/gen_phase7_folded.u_interp128_all2x_v7_folded_fir_cic_top_ce/gen_serial_cic_comb.u_cic_interp16_serial_comb_dsp_ce/final_integrator_next output is connected to registers with an asynchronous reset (u_demo_interp_dac8_audio_pcm_common/gen_phase7_folded.u_interp128_all2x_v7_folded_fir_cic_top_ce/gen_serial_cic_comb.u_cic_interp16_serial_comb_dsp_ce/final_integrator_state_reg[24]). This is preventing the possibility of merging these registers in to the DSP Block since the DSP block registers only possess synchronous reset capability.  It is suggested to recode or change these registers to remove the reset or use a synchronous reset to get the best optimization for performance, power and area.
Related violations: <none>

DPOR-1#18 Warning
Asynchronous load check  
DSP u_demo_interp_dac8_audio_pcm_common/gen_phase7_folded.u_interp128_all2x_v7_folded_fir_cic_top_ce/gen_serial_cic_comb.u_cic_interp16_serial_comb_dsp_ce/final_integrator_next output is connected to registers with an asynchronous reset (u_demo_interp_dac8_audio_pcm_common/gen_phase7_folded.u_interp128_all2x_v7_folded_fir_cic_top_ce/gen_serial_cic_comb.u_cic_interp16_serial_comb_dsp_ce/final_integrator_state_reg[25]). This is preventing the possibility of merging these registers in to the DSP Block since the DSP block registers only possess synchronous reset capability.  It is suggested to recode or change these registers to remove the reset or use a synchronous reset to get the best optimization for performance, power and area.
Related violations: <none>

DPOR-1#19 Warning
Asynchronous load check  
DSP u_demo_interp_dac8_audio_pcm_common/gen_phase7_folded.u_interp128_all2x_v7_folded_fir_cic_top_ce/gen_serial_cic_comb.u_cic_interp16_serial_comb_dsp_ce/final_integrator_next output is connected to registers with an asynchronous reset (u_demo_interp_dac8_audio_pcm_common/gen_phase7_folded.u_interp128_all2x_v7_folded_fir_cic_top_ce/gen_serial_cic_comb.u_cic_interp16_serial_comb_dsp_ce/final_integrator_state_reg[26]). This is preventing the possibility of merging these registers in to the DSP Block since the DSP block registers only possess synchronous reset capability.  It is suggested to recode or change these registers to remove the reset or use a synchronous reset to get the best optimization for performance, power and area.
Related violations: <none>

DPOR-1#20 Warning
Asynchronous load check  
DSP u_demo_interp_dac8_audio_pcm_common/gen_phase7_folded.u_interp128_all2x_v7_folded_fir_cic_top_ce/gen_serial_cic_comb.u_cic_interp16_serial_comb_dsp_ce/final_integrator_next output is connected to registers with an asynchronous reset (u_demo_interp_dac8_audio_pcm_common/gen_phase7_folded.u_interp128_all2x_v7_folded_fir_cic_top_ce/gen_serial_cic_comb.u_cic_interp16_serial_comb_dsp_ce/final_integrator_state_reg[27]). This is preventing the possibility of merging these registers in to the DSP Block since the DSP block registers only possess synchronous reset capability.  It is suggested to recode or change these registers to remove the reset or use a synchronous reset to get the best optimization for performance, power and area.
Related violations: <none>

DPOR-1#21 Warning
Asynchronous load check  
DSP u_demo_interp_dac8_audio_pcm_common/gen_phase7_folded.u_interp128_all2x_v7_folded_fir_cic_top_ce/gen_serial_cic_comb.u_cic_interp16_serial_comb_dsp_ce/final_integrator_next output is connected to registers with an asynchronous reset (u_demo_interp_dac8_audio_pcm_common/gen_phase7_folded.u_interp128_all2x_v7_folded_fir_cic_top_ce/gen_serial_cic_comb.u_cic_interp16_serial_comb_dsp_ce/final_integrator_state_reg[28]). This is preventing the possibility of merging these registers in to the DSP Block since the DSP block registers only possess synchronous reset capability.  It is suggested to recode or change these registers to remove the reset or use a synchronous reset to get the best optimization for performance, power and area.
Related violations: <none>

DPOR-1#22 Warning
Asynchronous load check  
DSP u_demo_interp_dac8_audio_pcm_common/gen_phase7_folded.u_interp128_all2x_v7_folded_fir_cic_top_ce/gen_serial_cic_comb.u_cic_interp16_serial_comb_dsp_ce/final_integrator_next output is connected to registers with an asynchronous reset (u_demo_interp_dac8_audio_pcm_common/gen_phase7_folded.u_interp128_all2x_v7_folded_fir_cic_top_ce/gen_serial_cic_comb.u_cic_interp16_serial_comb_dsp_ce/final_integrator_state_reg[29]). This is preventing the possibility of merging these registers in to the DSP Block since the DSP block registers only possess synchronous reset capability.  It is suggested to recode or change these registers to remove the reset or use a synchronous reset to get the best optimization for performance, power and area.
Related violations: <none>

DPOR-1#23 Warning
Asynchronous load check  
DSP u_demo_interp_dac8_audio_pcm_common/gen_phase7_folded.u_interp128_all2x_v7_folded_fir_cic_top_ce/gen_serial_cic_comb.u_cic_interp16_serial_comb_dsp_ce/final_integrator_next output is connected to registers with an asynchronous reset (u_demo_interp_dac8_audio_pcm_common/gen_phase7_folded.u_interp128_all2x_v7_folded_fir_cic_top_ce/gen_serial_cic_comb.u_cic_interp16_serial_comb_dsp_ce/final_integrator_state_reg[2]). This is preventing the possibility of merging these registers in to the DSP Block since the DSP block registers only possess synchronous reset capability.  It is suggested to recode or change these registers to remove the reset or use a synchronous reset to get the best optimization for performance, power and area.
Related violations: <none>

DPOR-1#24 Warning
Asynchronous load check  
DSP u_demo_interp_dac8_audio_pcm_common/gen_phase7_folded.u_interp128_all2x_v7_folded_fir_cic_top_ce/gen_serial_cic_comb.u_cic_interp16_serial_comb_dsp_ce/final_integrator_next output is connected to registers with an asynchronous reset (u_demo_interp_dac8_audio_pcm_common/gen_phase7_folded.u_interp128_all2x_v7_folded_fir_cic_top_ce/gen_serial_cic_comb.u_cic_interp16_serial_comb_dsp_ce/final_integrator_state_reg[30]). This is preventing the possibility of merging these registers in to the DSP Block since the DSP block registers only possess synchronous reset capability.  It is suggested to recode or change these registers to remove the reset or use a synchronous reset to get the best optimization for performance, power and area.
Related violations: <none>

DPOR-1#25 Warning
Asynchronous load check  
DSP u_demo_interp_dac8_audio_pcm_common/gen_phase7_folded.u_interp128_all2x_v7_folded_fir_cic_top_ce/gen_serial_cic_comb.u_cic_interp16_serial_comb_dsp_ce/final_integrator_next output is connected to registers with an asynchronous reset (u_demo_interp_dac8_audio_pcm_common/gen_phase7_folded.u_interp128_all2x_v7_folded_fir_cic_top_ce/gen_serial_cic_comb.u_cic_interp16_serial_comb_dsp_ce/final_integrator_state_reg[31]). This is preventing the possibility of merging these registers in to the DSP Block since the DSP block registers only possess synchronous reset capability.  It is suggested to recode or change these registers to remove the reset or use a synchronous reset to get the best optimization for performance, power and area.
Related violations: <none>

DPOR-1#26 Warning
Asynchronous load check  
DSP u_demo_interp_dac8_audio_pcm_common/gen_phase7_folded.u_interp128_all2x_v7_folded_fir_cic_top_ce/gen_serial_cic_comb.u_cic_interp16_serial_comb_dsp_ce/final_integrator_next output is connected to registers with an asynchronous reset (u_demo_interp_dac8_audio_pcm_common/gen_phase7_folded.u_interp128_all2x_v7_folded_fir_cic_top_ce/gen_serial_cic_comb.u_cic_interp16_serial_comb_dsp_ce/final_integrator_state_reg[32]). This is preventing the possibility of merging these registers in to the DSP Block since the DSP block registers only possess synchronous reset capability.  It is suggested to recode or change these registers to remove the reset or use a synchronous reset to get the best optimization for performance, power and area.
Related violations: <none>

DPOR-1#27 Warning
Asynchronous load check  
DSP u_demo_interp_dac8_audio_pcm_common/gen_phase7_folded.u_interp128_all2x_v7_folded_fir_cic_top_ce/gen_serial_cic_comb.u_cic_interp16_serial_comb_dsp_ce/final_integrator_next output is connected to registers with an asynchronous reset (u_demo_interp_dac8_audio_pcm_common/gen_phase7_folded.u_interp128_all2x_v7_folded_fir_cic_top_ce/gen_serial_cic_comb.u_cic_interp16_serial_comb_dsp_ce/final_integrator_state_reg[3]). This is preventing the possibility of merging these registers in to the DSP Block since the DSP block registers only possess synchronous reset capability.  It is suggested to recode or change these registers to remove the reset or use a synchronous reset to get the best optimization for performance, power and area.
Related violations: <none>

DPOR-1#28 Warning
Asynchronous load check  
DSP u_demo_interp_dac8_audio_pcm_common/gen_phase7_folded.u_interp128_all2x_v7_folded_fir_cic_top_ce/gen_serial_cic_comb.u_cic_interp16_serial_comb_dsp_ce/final_integrator_next output is connected to registers with an asynchronous reset (u_demo_interp_dac8_audio_pcm_common/gen_phase7_folded.u_interp128_all2x_v7_folded_fir_cic_top_ce/gen_serial_cic_comb.u_cic_interp16_serial_comb_dsp_ce/final_integrator_state_reg[4]). This is preventing the possibility of merging these registers in to the DSP Block since the DSP block registers only possess synchronous reset capability.  It is suggested to recode or change these registers to remove the reset or use a synchronous reset to get the best optimization for performance, power and area.
Related violations: <none>

DPOR-1#29 Warning
Asynchronous load check  
DSP u_demo_interp_dac8_audio_pcm_common/gen_phase7_folded.u_interp128_all2x_v7_folded_fir_cic_top_ce/gen_serial_cic_comb.u_cic_interp16_serial_comb_dsp_ce/final_integrator_next output is connected to registers with an asynchronous reset (u_demo_interp_dac8_audio_pcm_common/gen_phase7_folded.u_interp128_all2x_v7_folded_fir_cic_top_ce/gen_serial_cic_comb.u_cic_interp16_serial_comb_dsp_ce/final_integrator_state_reg[5]). This is preventing the possibility of merging these registers in to the DSP Block since the DSP block registers only possess synchronous reset capability.  It is suggested to recode or change these registers to remove the reset or use a synchronous reset to get the best optimization for performance, power and area.
Related violations: <none>

DPOR-1#30 Warning
Asynchronous load check  
DSP u_demo_interp_dac8_audio_pcm_common/gen_phase7_folded.u_interp128_all2x_v7_folded_fir_cic_top_ce/gen_serial_cic_comb.u_cic_interp16_serial_comb_dsp_ce/final_integrator_next output is connected to registers with an asynchronous reset (u_demo_interp_dac8_audio_pcm_common/gen_phase7_folded.u_interp128_all2x_v7_folded_fir_cic_top_ce/gen_serial_cic_comb.u_cic_interp16_serial_comb_dsp_ce/final_integrator_state_reg[6]). This is preventing the possibility of merging these registers in to the DSP Block since the DSP block registers only possess synchronous reset capability.  It is suggested to recode or change these registers to remove the reset or use a synchronous reset to get the best optimization for performance, power and area.
Related violations: <none>

DPOR-1#31 Warning
Asynchronous load check  
DSP u_demo_interp_dac8_audio_pcm_common/gen_phase7_folded.u_interp128_all2x_v7_folded_fir_cic_top_ce/gen_serial_cic_comb.u_cic_interp16_serial_comb_dsp_ce/final_integrator_next output is connected to registers with an asynchronous reset (u_demo_interp_dac8_audio_pcm_common/gen_phase7_folded.u_interp128_all2x_v7_folded_fir_cic_top_ce/gen_serial_cic_comb.u_cic_interp16_serial_comb_dsp_ce/final_integrator_state_reg[7]). This is preventing the possibility of merging these registers in to the DSP Block since the DSP block registers only possess synchronous reset capability.  It is suggested to recode or change these registers to remove the reset or use a synchronous reset to get the best optimization for performance, power and area.
Related violations: <none>

DPOR-1#32 Warning
Asynchronous load check  
DSP u_demo_interp_dac8_audio_pcm_common/gen_phase7_folded.u_interp128_all2x_v7_folded_fir_cic_top_ce/gen_serial_cic_comb.u_cic_interp16_serial_comb_dsp_ce/final_integrator_next output is connected to registers with an asynchronous reset (u_demo_interp_dac8_audio_pcm_common/gen_phase7_folded.u_interp128_all2x_v7_folded_fir_cic_top_ce/gen_serial_cic_comb.u_cic_interp16_serial_comb_dsp_ce/final_integrator_state_reg[8]). This is preventing the possibility of merging these registers in to the DSP Block since the DSP block registers only possess synchronous reset capability.  It is suggested to recode or change these registers to remove the reset or use a synchronous reset to get the best optimization for performance, power and area.
Related violations: <none>

DPOR-1#33 Warning
Asynchronous load check  
DSP u_demo_interp_dac8_audio_pcm_common/gen_phase7_folded.u_interp128_all2x_v7_folded_fir_cic_top_ce/gen_serial_cic_comb.u_cic_interp16_serial_comb_dsp_ce/final_integrator_next output is connected to registers with an asynchronous reset (u_demo_interp_dac8_audio_pcm_common/gen_phase7_folded.u_interp128_all2x_v7_folded_fir_cic_top_ce/gen_serial_cic_comb.u_cic_interp16_serial_comb_dsp_ce/final_integrator_state_reg[9]). This is preventing the possibility of merging these registers in to the DSP Block since the DSP block registers only possess synchronous reset capability.  It is suggested to recode or change these registers to remove the reset or use a synchronous reset to get the best optimization for performance, power and area.
Related violations: <none>

DPREG-4#1 Warning
DSP48E1_PregDynOpmodeZmuxP:  
The DSP48E1 cell u_demo_interp_dac8_audio_pcm_common/gen_phase7_folded.u_interp128_all2x_v7_folded_fir_cic_top_ce/gen_serial_cic_comb.u_cic_interp16_serial_comb_dsp_ce/final_integrator_next1 with the given dynamic OPMODE[6:0] connections may lead to an unregistered asynchronous feedback path without the PREG attribute enabled. Please refer to the user guide and if one of the internal P feedback opmodes is possible for this design the PREG attribute must be set to 1, currently set to 0
Related violations: <none>

REQP-1840#1 Warning
RAMB18 async control check  
The RAMB18E1 u_demo_interp_dac8_audio_pcm_common/gen_dual_rate_test_tone.u_dual_rate_test_tone_rom_source/rom_data_q_reg has an input control pin u_demo_interp_dac8_audio_pcm_common/gen_dual_rate_test_tone.u_dual_rate_test_tone_rom_source/rom_data_q_reg/RSTREGARSTREG (net: u_demo_interp_dac8_audio_pcm_common/gen_dual_rate_test_tone.u_dual_rate_test_tone_rom_source/out[0]) which is driven by a register (rst_audio_sync_reg[2]) that has an active asychronous set or reset. This may cause corruption of the memory contents and/or read values when the set/reset is asserted and is not analyzed by the default static timing analysis. It is suggested to eliminate the use of a set/reset to registers driving this RAMB pin or else use a synchronous reset in which the assertion of the reset is timed by default.
Related violations: <none>

REQP-1840#2 Warning
RAMB18 async control check  
The RAMB18E1 u_demo_interp_dac8_audio_pcm_common/gen_dual_rate_test_tone.u_dual_rate_test_tone_rom_source/rom_data_q_reg has an input control pin u_demo_interp_dac8_audio_pcm_common/gen_dual_rate_test_tone.u_dual_rate_test_tone_rom_source/rom_data_q_reg/RSTREGB (net: u_demo_interp_dac8_audio_pcm_common/gen_dual_rate_test_tone.u_dual_rate_test_tone_rom_source/out[0]) which is driven by a register (rst_audio_sync_reg[2]) that has an active asychronous set or reset. This may cause corruption of the memory contents and/or read values when the set/reset is asserted and is not analyzed by the default static timing analysis. It is suggested to eliminate the use of a set/reset to registers driving this RAMB pin or else use a synchronous reset in which the assertion of the reset is timed by default.
Related violations: <none>

REQP-1840#3 Warning
RAMB18 async control check  
The RAMB18E1 u_demo_interp_dac8_audio_pcm_common/gen_phase7_folded.u_interp128_all2x_v7_folded_fir_cic_top_ce/gen_lutram_stage23.u_interp2_stage23_lutram_cic_dsp_ce/gen_bram_history.stage2_hist_bram_reg has an input control pin u_demo_interp_dac8_audio_pcm_common/gen_phase7_folded.u_interp128_all2x_v7_folded_fir_cic_top_ce/gen_lutram_stage23.u_interp2_stage23_lutram_cic_dsp_ce/gen_bram_history.stage2_hist_bram_reg/ADDRARDADDR[8] (net: u_demo_interp_dac8_audio_pcm_common/gen_phase7_folded.u_interp128_all2x_v7_folded_fir_cic_top_ce/gen_lutram_stage23.u_interp2_stage23_lutram_cic_dsp_ce/stage2_bram_read_addr[3]) which is driven by a register (u_demo_interp_dac8_audio_pcm_common/gen_phase7_folded.u_interp128_all2x_v7_folded_fir_cic_top_ce/gen_lutram_stage23.u_interp2_stage23_lutram_cic_dsp_ce/job_active_reg) that has an active asychronous set or reset. This may cause corruption of the memory contents and/or read values when the set/reset is asserted and is not analyzed by the default static timing analysis. It is suggested to eliminate the use of a set/reset to registers driving this RAMB pin or else use a synchronous reset in which the assertion of the reset is timed by default.
Related violations: <none>

REQP-1840#4 Warning
RAMB18 async control check  
The RAMB18E1 u_demo_interp_dac8_audio_pcm_common/gen_phase7_folded.u_interp128_all2x_v7_folded_fir_cic_top_ce/gen_lutram_stage23.u_interp2_stage23_lutram_cic_dsp_ce/gen_bram_history.stage2_hist_bram_reg has an input control pin u_demo_interp_dac8_audio_pcm_common/gen_phase7_folded.u_interp128_all2x_v7_folded_fir_cic_top_ce/gen_lutram_stage23.u_interp2_stage23_lutram_cic_dsp_ce/gen_bram_history.stage2_hist_bram_reg/ADDRARDADDR[8] (net: u_demo_interp_dac8_audio_pcm_common/gen_phase7_folded.u_interp128_all2x_v7_folded_fir_cic_top_ce/gen_lutram_stage23.u_interp2_stage23_lutram_cic_dsp_ce/stage2_bram_read_addr[3]) which is driven by a register (u_demo_interp_dac8_audio_pcm_common/gen_phase7_folded.u_interp128_all2x_v7_folded_fir_cic_top_ce/gen_lutram_stage23.u_interp2_stage23_lutram_cic_dsp_ce/job_history_head_reg[0]) that has an active asychronous set or reset. This may cause corruption of the memory contents and/or read values when the set/reset is asserted and is not analyzed by the default static timing analysis. It is suggested to eliminate the use of a set/reset to registers driving this RAMB pin or else use a synchronous reset in which the assertion of the reset is timed by default.
Related violations: <none>

REQP-1840#5 Warning
RAMB18 async control check  
The RAMB18E1 u_demo_interp_dac8_audio_pcm_common/gen_phase7_folded.u_interp128_all2x_v7_folded_fir_cic_top_ce/gen_lutram_stage23.u_interp2_stage23_lutram_cic_dsp_ce/gen_bram_history.stage2_hist_bram_reg has an input control pin u_demo_interp_dac8_audio_pcm_common/gen_phase7_folded.u_interp128_all2x_v7_folded_fir_cic_top_ce/gen_lutram_stage23.u_interp2_stage23_lutram_cic_dsp_ce/gen_bram_history.stage2_hist_bram_reg/ADDRARDADDR[8] (net: u_demo_interp_dac8_audio_pcm_common/gen_phase7_folded.u_interp128_all2x_v7_folded_fir_cic_top_ce/gen_lutram_stage23.u_interp2_stage23_lutram_cic_dsp_ce/stage2_bram_read_addr[3]) which is driven by a register (u_demo_interp_dac8_audio_pcm_common/gen_phase7_folded.u_interp128_all2x_v7_folded_fir_cic_top_ce/gen_lutram_stage23.u_interp2_stage23_lutram_cic_dsp_ce/job_history_head_reg[1]) that has an active asychronous set or reset. This may cause corruption of the memory contents and/or read values when the set/reset is asserted and is not analyzed by the default static timing analysis. It is suggested to eliminate the use of a set/reset to registers driving this RAMB pin or else use a synchronous reset in which the assertion of the reset is timed by default.
Related violations: <none>

REQP-1840#6 Warning
RAMB18 async control check  
The RAMB18E1 u_demo_interp_dac8_audio_pcm_common/gen_phase7_folded.u_interp128_all2x_v7_folded_fir_cic_top_ce/gen_lutram_stage23.u_interp2_stage23_lutram_cic_dsp_ce/gen_bram_history.stage2_hist_bram_reg has an input control pin u_demo_interp_dac8_audio_pcm_common/gen_phase7_folded.u_interp128_all2x_v7_folded_fir_cic_top_ce/gen_lutram_stage23.u_interp2_stage23_lutram_cic_dsp_ce/gen_bram_history.stage2_hist_bram_reg/ADDRARDADDR[8] (net: u_demo_interp_dac8_audio_pcm_common/gen_phase7_folded.u_interp128_all2x_v7_folded_fir_cic_top_ce/gen_lutram_stage23.u_interp2_stage23_lutram_cic_dsp_ce/stage2_bram_read_addr[3]) which is driven by a register (u_demo_interp_dac8_audio_pcm_common/gen_phase7_folded.u_interp128_all2x_v7_folded_fir_cic_top_ce/gen_lutram_stage23.u_interp2_stage23_lutram_cic_dsp_ce/job_history_head_reg[2]) that has an active asychronous set or reset. This may cause corruption of the memory contents and/or read values when the set/reset is asserted and is not analyzed by the default static timing analysis. It is suggested to eliminate the use of a set/reset to registers driving this RAMB pin or else use a synchronous reset in which the assertion of the reset is timed by default.
Related violations: <none>

REQP-1840#7 Warning
RAMB18 async control check  
The RAMB18E1 u_demo_interp_dac8_audio_pcm_common/gen_phase7_folded.u_interp128_all2x_v7_folded_fir_cic_top_ce/gen_lutram_stage23.u_interp2_stage23_lutram_cic_dsp_ce/gen_bram_history.stage2_hist_bram_reg has an input control pin u_demo_interp_dac8_audio_pcm_common/gen_phase7_folded.u_interp128_all2x_v7_folded_fir_cic_top_ce/gen_lutram_stage23.u_interp2_stage23_lutram_cic_dsp_ce/gen_bram_history.stage2_hist_bram_reg/ADDRARDADDR[8] (net: u_demo_interp_dac8_audio_pcm_common/gen_phase7_folded.u_interp128_all2x_v7_folded_fir_cic_top_ce/gen_lutram_stage23.u_interp2_stage23_lutram_cic_dsp_ce/stage2_bram_read_addr[3]) which is driven by a register (u_demo_interp_dac8_audio_pcm_common/gen_phase7_folded.u_interp128_all2x_v7_folded_fir_cic_top_ce/gen_lutram_stage23.u_interp2_stage23_lutram_cic_dsp_ce/job_history_head_reg[3]) that has an active asychronous set or reset. This may cause corruption of the memory contents and/or read values when the set/reset is asserted and is not analyzed by the default static timing analysis. It is suggested to eliminate the use of a set/reset to registers driving this RAMB pin or else use a synchronous reset in which the assertion of the reset is timed by default.
Related violations: <none>

REQP-1840#8 Warning
RAMB18 async control check  
The RAMB18E1 u_demo_interp_dac8_audio_pcm_common/gen_phase7_folded.u_interp128_all2x_v7_folded_fir_cic_top_ce/gen_lutram_stage23.u_interp2_stage23_lutram_cic_dsp_ce/gen_bram_history.stage2_hist_bram_reg has an input control pin u_demo_interp_dac8_audio_pcm_common/gen_phase7_folded.u_interp128_all2x_v7_folded_fir_cic_top_ce/gen_lutram_stage23.u_interp2_stage23_lutram_cic_dsp_ce/gen_bram_history.stage2_hist_bram_reg/ADDRARDADDR[8] (net: u_demo_interp_dac8_audio_pcm_common/gen_phase7_folded.u_interp128_all2x_v7_folded_fir_cic_top_ce/gen_lutram_stage23.u_interp2_stage23_lutram_cic_dsp_ce/stage2_bram_read_addr[3]) which is driven by a register (u_demo_interp_dac8_audio_pcm_common/gen_phase7_folded.u_interp128_all2x_v7_folded_fir_cic_top_ce/gen_lutram_stage23.u_interp2_stage23_lutram_cic_dsp_ce/job_mac_index_reg[0]) that has an active asychronous set or reset. This may cause corruption of the memory contents and/or read values when the set/reset is asserted and is not analyzed by the default static timing analysis. It is suggested to eliminate the use of a set/reset to registers driving this RAMB pin or else use a synchronous reset in which the assertion of the reset is timed by default.
Related violations: <none>

REQP-1840#9 Warning
RAMB18 async control check  
The RAMB18E1 u_demo_interp_dac8_audio_pcm_common/gen_phase7_folded.u_interp128_all2x_v7_folded_fir_cic_top_ce/gen_lutram_stage23.u_interp2_stage23_lutram_cic_dsp_ce/gen_bram_history.stage2_hist_bram_reg has an input control pin u_demo_interp_dac8_audio_pcm_common/gen_phase7_folded.u_interp128_all2x_v7_folded_fir_cic_top_ce/gen_lutram_stage23.u_interp2_stage23_lutram_cic_dsp_ce/gen_bram_history.stage2_hist_bram_reg/ADDRARDADDR[8] (net: u_demo_interp_dac8_audio_pcm_common/gen_phase7_folded.u_interp128_all2x_v7_folded_fir_cic_top_ce/gen_lutram_stage23.u_interp2_stage23_lutram_cic_dsp_ce/stage2_bram_read_addr[3]) which is driven by a register (u_demo_interp_dac8_audio_pcm_common/gen_phase7_folded.u_interp128_all2x_v7_folded_fir_cic_top_ce/gen_lutram_stage23.u_interp2_stage23_lutram_cic_dsp_ce/job_mac_index_reg[1]) that has an active asychronous set or reset. This may cause corruption of the memory contents and/or read values when the set/reset is asserted and is not analyzed by the default static timing analysis. It is suggested to eliminate the use of a set/reset to registers driving this RAMB pin or else use a synchronous reset in which the assertion of the reset is timed by default.
Related violations: <none>

REQP-1840#10 Warning
RAMB18 async control check  
The RAMB18E1 u_demo_interp_dac8_audio_pcm_common/gen_phase7_folded.u_interp128_all2x_v7_folded_fir_cic_top_ce/gen_lutram_stage23.u_interp2_stage23_lutram_cic_dsp_ce/gen_bram_history.stage2_hist_bram_reg has an input control pin u_demo_interp_dac8_audio_pcm_common/gen_phase7_folded.u_interp128_all2x_v7_folded_fir_cic_top_ce/gen_lutram_stage23.u_interp2_stage23_lutram_cic_dsp_ce/gen_bram_history.stage2_hist_bram_reg/ADDRARDADDR[8] (net: u_demo_interp_dac8_audio_pcm_common/gen_phase7_folded.u_interp128_all2x_v7_folded_fir_cic_top_ce/gen_lutram_stage23.u_interp2_stage23_lutram_cic_dsp_ce/stage2_bram_read_addr[3]) which is driven by a register (u_demo_interp_dac8_audio_pcm_common/gen_phase7_folded.u_interp128_all2x_v7_folded_fir_cic_top_ce/gen_lutram_stage23.u_interp2_stage23_lutram_cic_dsp_ce/job_mac_index_reg[2]) that has an active asychronous set or reset. This may cause corruption of the memory contents and/or read values when the set/reset is asserted and is not analyzed by the default static timing analysis. It is suggested to eliminate the use of a set/reset to registers driving this RAMB pin or else use a synchronous reset in which the assertion of the reset is timed by default.
Related violations: <none>

REQP-1840#11 Warning
RAMB18 async control check  
The RAMB18E1 u_demo_interp_dac8_audio_pcm_common/gen_phase7_folded.u_interp128_all2x_v7_folded_fir_cic_top_ce/gen_lutram_stage23.u_interp2_stage23_lutram_cic_dsp_ce/gen_bram_history.stage2_hist_bram_reg has an input control pin u_demo_interp_dac8_audio_pcm_common/gen_phase7_folded.u_interp128_all2x_v7_folded_fir_cic_top_ce/gen_lutram_stage23.u_interp2_stage23_lutram_cic_dsp_ce/gen_bram_history.stage2_hist_bram_reg/ADDRARDADDR[8] (net: u_demo_interp_dac8_audio_pcm_common/gen_phase7_folded.u_interp128_all2x_v7_folded_fir_cic_top_ce/gen_lutram_stage23.u_interp2_stage23_lutram_cic_dsp_ce/stage2_bram_read_addr[3]) which is driven by a register (u_demo_interp_dac8_audio_pcm_common/gen_phase7_folded.u_interp128_all2x_v7_folded_fir_cic_top_ce/gen_lutram_stage23.u_interp2_stage23_lutram_cic_dsp_ce/job_mac_index_reg[3]) that has an active asychronous set or reset. This may cause corruption of the memory contents and/or read values when the set/reset is asserted and is not analyzed by the default static timing analysis. It is suggested to eliminate the use of a set/reset to registers driving this RAMB pin or else use a synchronous reset in which the assertion of the reset is timed by default.
Related violations: <none>

REQP-1840#12 Warning
RAMB18 async control check  
The RAMB18E1 u_demo_interp_dac8_audio_pcm_common/gen_phase7_folded.u_interp128_all2x_v7_folded_fir_cic_top_ce/gen_lutram_stage23.u_interp2_stage23_lutram_cic_dsp_ce/gen_bram_history.stage2_hist_bram_reg has an input control pin u_demo_interp_dac8_audio_pcm_common/gen_phase7_folded.u_interp128_all2x_v7_folded_fir_cic_top_ce/gen_lutram_stage23.u_interp2_stage23_lutram_cic_dsp_ce/gen_bram_history.stage2_hist_bram_reg/ADDRARDADDR[8] (net: u_demo_interp_dac8_audio_pcm_common/gen_phase7_folded.u_interp128_all2x_v7_folded_fir_cic_top_ce/gen_lutram_stage23.u_interp2_stage23_lutram_cic_dsp_ce/stage2_bram_read_addr[3]) which is driven by a register (u_demo_interp_dac8_audio_pcm_common/gen_phase7_folded.u_interp128_all2x_v7_folded_fir_cic_top_ce/gen_lutram_stage23.u_interp2_stage23_lutram_cic_dsp_ce/job_stage3_reg) that has an active asychronous set or reset. This may cause corruption of the memory contents and/or read values when the set/reset is asserted and is not analyzed by the default static timing analysis. It is suggested to eliminate the use of a set/reset to registers driving this RAMB pin or else use a synchronous reset in which the assertion of the reset is timed by default.
Related violations: <none>

REQP-1840#13 Warning
RAMB18 async control check  
The RAMB18E1 u_demo_interp_dac8_audio_pcm_common/gen_phase7_folded.u_interp128_all2x_v7_folded_fir_cic_top_ce/gen_lutram_stage23.u_interp2_stage23_lutram_cic_dsp_ce/gen_bram_history.stage2_hist_bram_reg has an input control pin u_demo_interp_dac8_audio_pcm_common/gen_phase7_folded.u_interp128_all2x_v7_folded_fir_cic_top_ce/gen_lutram_stage23.u_interp2_stage23_lutram_cic_dsp_ce/gen_bram_history.stage2_hist_bram_reg/ADDRARDADDR[8] (net: u_demo_interp_dac8_audio_pcm_common/gen_phase7_folded.u_interp128_all2x_v7_folded_fir_cic_top_ce/gen_lutram_stage23.u_interp2_stage23_lutram_cic_dsp_ce/stage2_bram_read_addr[3]) which is driven by a register (u_demo_interp_dac8_audio_pcm_common/gen_phase7_folded.u_interp128_all2x_v7_folded_fir_cic_top_ce/gen_lutram_stage23.u_interp2_stage23_lutram_cic_dsp_ce/stage2_head_reg[0]) that has an active asychronous set or reset. This may cause corruption of the memory contents and/or read values when the set/reset is asserted and is not analyzed by the default static timing analysis. It is suggested to eliminate the use of a set/reset to registers driving this RAMB pin or else use a synchronous reset in which the assertion of the reset is timed by default.
Related violations: <none>

REQP-1840#14 Warning
RAMB18 async control check  
The RAMB18E1 u_demo_interp_dac8_audio_pcm_common/gen_phase7_folded.u_interp128_all2x_v7_folded_fir_cic_top_ce/gen_lutram_stage23.u_interp2_stage23_lutram_cic_dsp_ce/gen_bram_history.stage2_hist_bram_reg has an input control pin u_demo_interp_dac8_audio_pcm_common/gen_phase7_folded.u_interp128_all2x_v7_folded_fir_cic_top_ce/gen_lutram_stage23.u_interp2_stage23_lutram_cic_dsp_ce/gen_bram_history.stage2_hist_bram_reg/ADDRARDADDR[8] (net: u_demo_interp_dac8_audio_pcm_common/gen_phase7_folded.u_interp128_all2x_v7_folded_fir_cic_top_ce/gen_lutram_stage23.u_interp2_stage23_lutram_cic_dsp_ce/stage2_bram_read_addr[3]) which is driven by a register (u_demo_interp_dac8_audio_pcm_common/gen_phase7_folded.u_interp128_all2x_v7_folded_fir_cic_top_ce/gen_lutram_stage23.u_interp2_stage23_lutram_cic_dsp_ce/stage2_head_reg[1]) that has an active asychronous set or reset. This may cause corruption of the memory contents and/or read values when the set/reset is asserted and is not analyzed by the default static timing analysis. It is suggested to eliminate the use of a set/reset to registers driving this RAMB pin or else use a synchronous reset in which the assertion of the reset is timed by default.
Related violations: <none>

REQP-1840#15 Warning
RAMB18 async control check  
The RAMB18E1 u_demo_interp_dac8_audio_pcm_common/gen_phase7_folded.u_interp128_all2x_v7_folded_fir_cic_top_ce/gen_lutram_stage23.u_interp2_stage23_lutram_cic_dsp_ce/gen_bram_history.stage2_hist_bram_reg has an input control pin u_demo_interp_dac8_audio_pcm_common/gen_phase7_folded.u_interp128_all2x_v7_folded_fir_cic_top_ce/gen_lutram_stage23.u_interp2_stage23_lutram_cic_dsp_ce/gen_bram_history.stage2_hist_bram_reg/ADDRARDADDR[8] (net: u_demo_interp_dac8_audio_pcm_common/gen_phase7_folded.u_interp128_all2x_v7_folded_fir_cic_top_ce/gen_lutram_stage23.u_interp2_stage23_lutram_cic_dsp_ce/stage2_bram_read_addr[3]) which is driven by a register (u_demo_interp_dac8_audio_pcm_common/gen_phase7_folded.u_interp128_all2x_v7_folded_fir_cic_top_ce/gen_lutram_stage23.u_interp2_stage23_lutram_cic_dsp_ce/stage2_head_reg[2]) that has an active asychronous set or reset. This may cause corruption of the memory contents and/or read values when the set/reset is asserted and is not analyzed by the default static timing analysis. It is suggested to eliminate the use of a set/reset to registers driving this RAMB pin or else use a synchronous reset in which the assertion of the reset is timed by default.
Related violations: <none>

REQP-1840#16 Warning
RAMB18 async control check  
The RAMB18E1 u_demo_interp_dac8_audio_pcm_common/gen_phase7_folded.u_interp128_all2x_v7_folded_fir_cic_top_ce/gen_lutram_stage23.u_interp2_stage23_lutram_cic_dsp_ce/gen_bram_history.stage2_hist_bram_reg has an input control pin u_demo_interp_dac8_audio_pcm_common/gen_phase7_folded.u_interp128_all2x_v7_folded_fir_cic_top_ce/gen_lutram_stage23.u_interp2_stage23_lutram_cic_dsp_ce/gen_bram_history.stage2_hist_bram_reg/ADDRARDADDR[8] (net: u_demo_interp_dac8_audio_pcm_common/gen_phase7_folded.u_interp128_all2x_v7_folded_fir_cic_top_ce/gen_lutram_stage23.u_interp2_stage23_lutram_cic_dsp_ce/stage2_bram_read_addr[3]) which is driven by a register (u_demo_interp_dac8_audio_pcm_common/gen_phase7_folded.u_interp128_all2x_v7_folded_fir_cic_top_ce/gen_lutram_stage23.u_interp2_stage23_lutram_cic_dsp_ce/stage2_head_reg[3]) that has an active asychronous set or reset. This may cause corruption of the memory contents and/or read values when the set/reset is asserted and is not analyzed by the default static timing analysis. It is suggested to eliminate the use of a set/reset to registers driving this RAMB pin or else use a synchronous reset in which the assertion of the reset is timed by default.
Related violations: <none>

REQP-1840#17 Warning
RAMB18 async control check  
The RAMB18E1 u_demo_interp_dac8_audio_pcm_common/gen_phase7_folded.u_interp128_all2x_v7_folded_fir_cic_top_ce/gen_lutram_stage23.u_interp2_stage23_lutram_cic_dsp_ce/gen_bram_history.stage2_hist_bram_reg has an input control pin u_demo_interp_dac8_audio_pcm_common/gen_phase7_folded.u_interp128_all2x_v7_folded_fir_cic_top_ce/gen_lutram_stage23.u_interp2_stage23_lutram_cic_dsp_ce/gen_bram_history.stage2_hist_bram_reg/ADDRARDADDR[8] (net: u_demo_interp_dac8_audio_pcm_common/gen_phase7_folded.u_interp128_all2x_v7_folded_fir_cic_top_ce/gen_lutram_stage23.u_interp2_stage23_lutram_cic_dsp_ce/stage2_bram_read_addr[3]) which is driven by a register (u_demo_interp_dac8_audio_pcm_common/gen_phase7_folded.u_interp128_all2x_v7_folded_fir_cic_top_ce/gen_lutram_stage23.u_interp2_stage23_lutram_cic_dsp_ce/stage2_pending_reg) that has an active asychronous set or reset. This may cause corruption of the memory contents and/or read values when the set/reset is asserted and is not analyzed by the default static timing analysis. It is suggested to eliminate the use of a set/reset to registers driving this RAMB pin or else use a synchronous reset in which the assertion of the reset is timed by default.
Related violations: <none>

REQP-1840#18 Warning
RAMB18 async control check  
The RAMB18E1 u_demo_interp_dac8_audio_pcm_common/gen_phase7_folded.u_interp128_all2x_v7_folded_fir_cic_top_ce/gen_lutram_stage23.u_interp2_stage23_lutram_cic_dsp_ce/gen_bram_history.stage2_hist_bram_reg has an input control pin u_demo_interp_dac8_audio_pcm_common/gen_phase7_folded.u_interp128_all2x_v7_folded_fir_cic_top_ce/gen_lutram_stage23.u_interp2_stage23_lutram_cic_dsp_ce/gen_bram_history.stage2_hist_bram_reg/ADDRARDADDR[8] (net: u_demo_interp_dac8_audio_pcm_common/gen_phase7_folded.u_interp128_all2x_v7_folded_fir_cic_top_ce/gen_lutram_stage23.u_interp2_stage23_lutram_cic_dsp_ce/stage2_bram_read_addr[3]) which is driven by a register (u_demo_interp_dac8_audio_pcm_common/gen_phase7_folded.u_interp128_all2x_v7_folded_fir_cic_top_ce/gen_lutram_stage23.u_interp2_stage23_lutram_cic_dsp_ce/stage3_head_reg[0]) that has an active asychronous set or reset. This may cause corruption of the memory contents and/or read values when the set/reset is asserted and is not analyzed by the default static timing analysis. It is suggested to eliminate the use of a set/reset to registers driving this RAMB pin or else use a synchronous reset in which the assertion of the reset is timed by default.
Related violations: <none>

REQP-1840#19 Warning
RAMB18 async control check  
The RAMB18E1 u_demo_interp_dac8_audio_pcm_common/gen_phase7_folded.u_interp128_all2x_v7_folded_fir_cic_top_ce/gen_lutram_stage23.u_interp2_stage23_lutram_cic_dsp_ce/gen_bram_history.stage2_hist_bram_reg has an input control pin u_demo_interp_dac8_audio_pcm_common/gen_phase7_folded.u_interp128_all2x_v7_folded_fir_cic_top_ce/gen_lutram_stage23.u_interp2_stage23_lutram_cic_dsp_ce/gen_bram_history.stage2_hist_bram_reg/ADDRARDADDR[8] (net: u_demo_interp_dac8_audio_pcm_common/gen_phase7_folded.u_interp128_all2x_v7_folded_fir_cic_top_ce/gen_lutram_stage23.u_interp2_stage23_lutram_cic_dsp_ce/stage2_bram_read_addr[3]) which is driven by a register (u_demo_interp_dac8_audio_pcm_common/gen_phase7_folded.u_interp128_all2x_v7_folded_fir_cic_top_ce/gen_lutram_stage23.u_interp2_stage23_lutram_cic_dsp_ce/stage3_head_reg[1]) that has an active asychronous set or reset. This may cause corruption of the memory contents and/or read values when the set/reset is asserted and is not analyzed by the default static timing analysis. It is suggested to eliminate the use of a set/reset to registers driving this RAMB pin or else use a synchronous reset in which the assertion of the reset is timed by default.
Related violations: <none>

REQP-1840#20 Warning
RAMB18 async control check  
The RAMB18E1 u_demo_interp_dac8_audio_pcm_common/gen_phase7_folded.u_interp128_all2x_v7_folded_fir_cic_top_ce/gen_lutram_stage23.u_interp2_stage23_lutram_cic_dsp_ce/gen_bram_history.stage2_hist_bram_reg has an input control pin u_demo_interp_dac8_audio_pcm_common/gen_phase7_folded.u_interp128_all2x_v7_folded_fir_cic_top_ce/gen_lutram_stage23.u_interp2_stage23_lutram_cic_dsp_ce/gen_bram_history.stage2_hist_bram_reg/ADDRARDADDR[8] (net: u_demo_interp_dac8_audio_pcm_common/gen_phase7_folded.u_interp128_all2x_v7_folded_fir_cic_top_ce/gen_lutram_stage23.u_interp2_stage23_lutram_cic_dsp_ce/stage2_bram_read_addr[3]) which is driven by a register (u_demo_interp_dac8_audio_pcm_common/gen_phase7_folded.u_interp128_all2x_v7_folded_fir_cic_top_ce/gen_lutram_stage23.u_interp2_stage23_lutram_cic_dsp_ce/stage3_head_reg[2]) that has an active asychronous set or reset. This may cause corruption of the memory contents and/or read values when the set/reset is asserted and is not analyzed by the default static timing analysis. It is suggested to eliminate the use of a set/reset to registers driving this RAMB pin or else use a synchronous reset in which the assertion of the reset is timed by default.
Related violations: <none>

AVAL-4#1 Advisory
enum_USE_DPORT_FALSE_enum_DREG_ADREG_0_connects_CED_CEAD_RSTD_GND  
u_demo_interp_dac8_audio_pcm_common/gen_phase7_folded.u_interp128_all2x_v7_folded_fir_cic_top_ce/gen_lutram_stage23.u_interp2_stage23_lutram_cic_dsp_ce/u_stage23_dsp48e1: DSP48E1 is not using the D port (USE_DPORT = FALSE). For improved power characteristics, set DREG and ADREG to '1', tie CED, CEAD, and RSTD to logic '0'.
Related violations: <none>


