Copyright 1986-2018 Xilinx, Inc. All Rights Reserved.
------------------------------------------------------------------------------------------------------------------------------------------------------------------------------------------------------------------------------------------
| Tool Version : Vivado v.2018.3 (win64) Build 2405991 Thu Dec  6 23:38:27 MST 2018
| Date         : Mon Aug  3 00:41:26 2026
| Host         : LAPTOP-476JT8H0 running 64-bit major release  (build 9200)
| Command      : report_utilization -hierarchical -file D:/FpgaProject/XilinxProject/XC7A35T/fir_interpolation/matlab_fir/national_finals/vivado_results/p3j_final_430lut_431ff_4dsp_2bram_clean/utilization_hierarchical_synthesized.rpt
| Design       : board_demo_competition_dac8_top
| Device       : 7a35tfgg484-2
| Design State : Synthesized
------------------------------------------------------------------------------------------------------------------------------------------------------------------------------------------------------------------------------------------

Utilization Design Information

Table of Contents
-----------------
1. Utilization by Hierarchy

1. Utilization by Hierarchy
---------------------------

+------------------------------------------------------------------------------------+------------------------------------------------------+------------+------------+---------+------+-----+--------+--------+--------------+
|                                      Instance                                      |                        Module                        | Total LUTs | Logic LUTs | LUTRAMs | SRLs | FFs | RAMB36 | RAMB18 | DSP48 Blocks |
+------------------------------------------------------------------------------------+------------------------------------------------------+------------+------------+---------+------+-----+--------+--------+--------------+
| board_demo_competition_dac8_top                                                    |                                                (top) |        471 |        470 |       0 |    1 | 437 |      0 |      4 |            4 |
|   (board_demo_competition_dac8_top)                                                |                                                (top) |         19 |         18 |       0 |    1 |  40 |      0 |      0 |            0 |
|   gen_compact_keypad.u_matrix_keypad_mode_ctrl_compact                             |                      matrix_keypad_mode_ctrl_compact |         42 |         42 |       0 |    0 |  26 |      0 |      0 |            0 |
|   u_demo_interp_dac8_audio_pcm_common                                              |                    demo_interp_dac8_audio_pcm_common |        400 |        400 |       0 |    0 | 357 |      0 |      4 |            4 |
|     (u_demo_interp_dac8_audio_pcm_common)                                          |                    demo_interp_dac8_audio_pcm_common |          6 |          6 |       0 |    0 |  18 |      0 |      0 |            0 |
|     gen_dual_rate_test_tone.gen_separate_pcm_bram.u_dual_rate_test_tone_rom_source |                       dual_rate_test_tone_rom_source |         39 |         39 |       0 |    0 |  17 |      0 |      1 |            0 |
|     gen_phase7_folded.u_interp128_all2x_v7_folded_fir_cic_top_ce                   |             interp128_all2x_v7_folded_fir_cic_top_ce |        355 |        355 |       0 |    0 | 322 |      0 |      3 |            4 |
|       gen_lutram_stage23.u_interp2_stage23_lutram_cic_dsp_ce                       |                    interp2_stage23_lutram_cic_dsp_ce |        131 |        131 |       0 |    0 |  85 |      0 |      1 |            1 |
|         (gen_lutram_stage23.u_interp2_stage23_lutram_cic_dsp_ce)                   |                    interp2_stage23_lutram_cic_dsp_ce |         76 |         76 |       0 |    0 |  85 |      0 |      0 |            1 |
|         gen_unified_bram_history.u_nf_stage23_history_ramb18_sdp                   |                        nf_stage23_history_ramb18_sdp |         55 |         55 |       0 |    0 |   0 |      0 |      1 |            0 |
|       gen_serial_cic_comb.u_cic_interp16_serial_comb_dsp_ce                        |                         cic_interp16_n3_hold2_dsp_ce |         70 |         70 |       0 |    0 | 107 |      0 |      0 |            2 |
|         (gen_serial_cic_comb.u_cic_interp16_serial_comb_dsp_ce)                    |                         cic_interp16_n3_hold2_dsp_ce |         63 |         63 |       0 |    0 | 107 |      0 |      0 |            2 |
|         u_round_cic_normalized_output                                              |                              round_sat_shift_compact |          7 |          7 |       0 |    0 |   0 |      0 |      0 |            0 |
|       gen_single_bram_stage1.u_interp2_stage1_strict_halfband_bram_ce              |                 interp2_stage1_single_bram_serial_ce |        150 |        150 |       0 |    0 | 126 |      0 |      1 |            1 |
|         (gen_single_bram_stage1.u_interp2_stage1_strict_halfband_bram_ce)          |                 interp2_stage1_single_bram_serial_ce |        100 |        100 |       0 |    0 | 126 |      0 |      0 |            1 |
|         gen_separate_history_bram.u_nf_stage1_history_ramb18_sdp                   |                         nf_stage1_history_ramb18_sdp |         50 |         50 |       0 |    0 |   0 |      0 |      1 |            0 |
|       gen_unified_fir_coeff_bram.u_nf_unified_fir_coeff_bram                       |                            nf_unified_fir_coeff_bram |          0 |          0 |       0 |    0 |   0 |      0 |      1 |            0 |
|       u_bridge_2_to_4_quantized                                                    |                 bridge_valid_quantized_to_interp2_ce |          2 |          2 |       0 |    0 |   2 |      0 |      0 |            0 |
|         (u_bridge_2_to_4_quantized)                                                |                 bridge_valid_quantized_to_interp2_ce |          2 |          2 |       0 |    0 |   2 |      0 |      0 |            0 |
|         u_round_sat_shift_compact                                                  |              round_sat_shift_compact__parameterized0 |          0 |          0 |       0 |    0 |   0 |      0 |      0 |            0 |
|       u_bridge_4_to_8_quantized                                                    | bridge_valid_quantized_to_interp2_ce__parameterized0 |          2 |          2 |       0 |    0 |   2 |      0 |      0 |            0 |
|         (u_bridge_4_to_8_quantized)                                                | bridge_valid_quantized_to_interp2_ce__parameterized0 |          2 |          2 |       0 |    0 |   2 |      0 |      0 |            0 |
|         u_round_sat_shift_compact                                                  |              round_sat_shift_compact__parameterized1 |          0 |          0 |       0 |    0 |   0 |      0 |      0 |            0 |
|   u_dual_family_audio_clock                                                        |                              dual_family_audio_clock |          0 |          0 |       0 |    0 |   0 |      0 |      0 |            0 |
|   u_nf_mode_cdc_handshake                                                          |                                nf_mode_cdc_handshake |         10 |         10 |       0 |    0 |  14 |      0 |      0 |            0 |
+------------------------------------------------------------------------------------+------------------------------------------------------+------------+------------+---------+------+-----+--------+--------+--------------+


