#-----------------------------------------------------------
# xsim v2018.3 (64-bit)
# SW Build 2405991 on Thu Dec  6 23:38:27 MST 2018
# IP Build 2404404 on Fri Dec  7 01:43:56 MST 2018
# Start of session at: Thu Aug  6 01:07:16 2026
# Process ID: 52676
# Current directory: D:/FpgaProject/XilinxProject/XC7A35T/fir_interpolation/matlab_fir/national_finals/_work/rtl_regression/20260806_010509/clock
# Command line: xsim.exe -mode tcl -source {xsim.dir/tb_nf_clock_sim/xsim_script.tcl}
# Log file: D:/FpgaProject/XilinxProject/XC7A35T/fir_interpolation/matlab_fir/national_finals/_work/rtl_regression/20260806_010509/clock/xsim.log
# Journal file: D:/FpgaProject/XilinxProject/XC7A35T/fir_interpolation/matlab_fir/national_finals/_work/rtl_regression/20260806_010509/clock\xsim.jou
#-----------------------------------------------------------
source xsim.dir/tb_nf_clock_sim/xsim_script.tcl
# xsim {tb_nf_clock_sim} -autoloadwcfg -runall
Vivado Simulator 2018.3
Time resolution is 1 ps
run -all
CLOCK family=0 average_period=177154 ps frequency=5644806.213803 Hz
CLOCK family=1 average_period=162758 ps frequency=6144091.227467 Hz
CLOCK family=0 average_period=177154 ps frequency=5644806.213803 Hz
PASS: dual-family clock frequency and glitchless switching; 100-switch pulse-width stress
$finish called at time : 248895039 ps : File "D:/FpgaProject/XilinxProject/XC7A35T/fir_interpolation/XC7A35T_interp_audio_pcm_wordlen_opt/XC7A35T_interp.srcs/sim_1/new/national_finals/tb_dual_family_audio_clock.v" Line 137
exit
INFO: [Common 17-206] Exiting xsim at Thu Aug  6 01:07:21 2026...
