#-----------------------------------------------------------
# xsim v2018.3 (64-bit)
# SW Build 2405991 on Thu Dec  6 23:38:27 MST 2018
# IP Build 2404404 on Fri Dec  7 01:43:56 MST 2018
# Start of session at: Thu Aug  6 01:10:32 2026
# Process ID: 37420
# Current directory: D:/FpgaProject/XilinxProject/XC7A35T/fir_interpolation/matlab_fir/national_finals/_work/rtl_regression/20260806_010916/equalizer
# Command line: xsim.exe -mode tcl -source {xsim.dir/tb_nf_equalizer_sim/xsim_script.tcl}
# Log file: D:/FpgaProject/XilinxProject/XC7A35T/fir_interpolation/matlab_fir/national_finals/_work/rtl_regression/20260806_010916/equalizer/xsim.log
# Journal file: D:/FpgaProject/XilinxProject/XC7A35T/fir_interpolation/matlab_fir/national_finals/_work/rtl_regression/20260806_010916/equalizer\xsim.jou
#-----------------------------------------------------------
source xsim.dir/tb_nf_equalizer_sim/xsim_script.tcl
# xsim {tb_nf_equalizer_sim} -autoloadwcfg -runall
Vivado Simulator 2018.3
Time resolution is 1 ps
run -all
NF CIC3 SHIFTADD COMPENSATOR PASS samples=2009 boundary_crossings=391 legacy_clips=391
$finish called at time : 60320 ns : File "D:/FpgaProject/XilinxProject/XC7A35T/fir_interpolation/XC7A35T_interp_audio_pcm_wordlen_opt/XC7A35T_interp.srcs/sim_1/new/national_finals/tb_cic3_compensator_shiftadd_ce.v" Line 157
exit
INFO: [Common 17-206] Exiting xsim at Thu Aug  6 01:10:36 2026...
