#-----------------------------------------------------------
# Vivado v2018.3 (64-bit)
# SW Build 2405991 on Thu Dec  6 23:38:27 MST 2018
# IP Build 2404404 on Fri Dec  7 01:43:56 MST 2018
# Start of session at: Thu Aug  6 16:44:00 2026
# Process ID: 56560
# Current directory: D:/FpgaProject/XilinxProject/XC7A35T/fir_interpolation
# Command line: vivado.exe -mode batch -source D:\FpgaProject\XilinxProject\XC7A35T\fir_interpolation\matlab_fir\national_finals\vivado\verify_national_finals_gui_project.tcl -log D:\FpgaProject\XilinxProject\XC7A35T\fir_interpolation\matlab_fir\national_finals\vivado_results\p3t_341lut_381ff_4dsp_2bram_signedoff\gui_verify_inspect.log -journal D:\FpgaProject\XilinxProject\XC7A35T\fir_interpolation\matlab_fir\national_finals\_work\p3t_gui_verify_inspect.jou
# Log file: D:/FpgaProject/XilinxProject/XC7A35T/fir_interpolation/matlab_fir/national_finals/vivado_results/p3t_341lut_381ff_4dsp_2bram_signedoff/gui_verify_inspect.log
# Journal file: D:\FpgaProject\XilinxProject\XC7A35T\fir_interpolation\matlab_fir\national_finals\_work\p3t_gui_verify_inspect.jou
#-----------------------------------------------------------
CRITICAL WARNING: [Common 17-741] No write access right to the local Tcl store at 'C'. XilinxTclStore is reverted to the installation area. If you want to use local Tcl Store, please change the access right and relaunch Vivado.
source {D:\FpgaProject\XilinxProject\XC7A35T\fir_interpolation\matlab_fir\national_finals\vivado\verify_national_finals_gui_project.tcl}
# set script_dir [file dirname [file normalize [info script]]]
# set repo_dir [file normalize [file join $script_dir .. .. ..]]
# set project_file [file join $repo_dir \
#     XC7A35T_interp_audio_pcm_wordlen_opt XC7A35T_interp.xpr]
# set requested_action [expr {$argc > 0 ? [lindex $argv 0] : "inspect"}]
# proc require_condition {condition message} {
#     if {!$condition} {
#         error $message
#     }
# }
# proc require_generic {generic_text name value} {
#     set expected "${name}=${value}"
#     require_condition \
#         [expr {[lsearch -exact $generic_text $expected] >= 0}] \
#         "GUI project generic mismatch: expected $expected"
# }
# require_condition \
#     [expr {$requested_action in {"inspect" "rebuild" "reimplement"}}] \
#     "Action must be inspect, rebuild, or reimplement."
# open_project $project_file
INFO: [ProjectBase 1-489] The host OS only allows 260 characters in a normal path. The project is stored in a path with more than 80 characters. If you experience issues with IP, Block Designs, or files not being found, please consider moving the project to a location with a shorter path. Alternately consider using the OS subst command to map part of the path to a drive letter.
Current project path is 'D:/FpgaProject/XilinxProject/XC7A35T/fir_interpolation/XC7A35T_interp_audio_pcm_wordlen_opt'
Scanning sources...
Finished scanning sources
INFO: [IP_Flow 19-234] Refreshing IP repositories
INFO: [IP_Flow 19-1704] No user IP repositories specified
INFO: [IP_Flow 19-2313] Loaded Vivado IP repository 'E:/app/Xilinx2018.3/Vivado/2018.3/data/ip'.
open_project: Time (s): cpu = 00:00:03 ; elapsed = 00:00:06 . Memory (MB): peak = 310.961 ; gain = 56.301
# set source_set [get_filesets sources_1]
# set project_generics [get_property generic $source_set]
# require_generic $project_generics USE_ULTRACOMPACT_KEYPAD 1
# require_generic $project_generics USE_NATIONAL_FINALS_DATAPATH 1
# require_generic $project_generics USE_NATIONAL_FINALS_SERIAL_CIC_COMB 1
# require_generic $project_generics USE_NATIONAL_FINALS_N3_HOLD_EQUIV 1
# require_generic $project_generics USE_PHASE7_UNIFIED_BRAM_STAGE23_HISTORY 1
# require_generic $project_generics USE_NATIONAL_FINALS_SINGLE_BRAM_STAGE1 1
# require_generic $project_generics USE_NATIONAL_FINALS_STAGE1_DSP48_PREADDER 1
# require_generic $project_generics USE_NATIONAL_FINALS_CIC_INTEGRATOR_DSP_MODE 2
# require_generic $project_generics USE_NATIONAL_FINALS_NARROW_STAGE23 1
# require_generic $project_generics USE_NATIONAL_FINALS_P3_JOINT_STAGE3 1
# set sim_set [get_filesets sim_1]
# set project_sim_defines [get_property verilog_define $sim_set]
# require_condition \
#     [expr {[get_property top $sim_set] eq "tb_phase7_full_chain_bittrue"}] \
#     "GUI sim_1 top must be tb_phase7_full_chain_bittrue."
# require_condition \
#     [expr {[llength $project_sim_defines] == 0}] \
#     "GUI sim_1 must not use macros to select the signed-off topology."
# set signedoff_wrapper [get_files -quiet \
#     "*national_finals/nf_signedoff_filter_core.v"]
# require_condition [expr {[llength $signedoff_wrapper] == 1}] \
#     "Signed-off filter wrapper is not registered exactly once."
# set daily_asset_patterns [list \
#     impulse_input_24bit.mem \
#     impulse_y4_golden_24bit.mem \
#     impulse_y8_golden_24bit.mem \
#     impulse_y128_golden_24bit.mem \
#     random_seed01_input_24bit.mem \
#     random_seed01_y4_golden_24bit.mem \
#     random_seed01_y8_golden_24bit.mem \
#     random_seed01_y128_golden_24bit.mem]
# foreach asset_name $daily_asset_patterns {
#     set asset_file [get_files -quiet -of_objects $sim_set "*$asset_name"]
#     require_condition [expr {[llength $asset_file] == 1}] \
#         "GUI simulation asset is not registered exactly once: $asset_name"
#     require_condition \
#         [expr {[string first "/vectors/p3j_daily/" \
#             [string map {\\ /} [file normalize $asset_file]]] >= 0}] \
#         "GUI simulation asset is not from the signed-off P3-J vector set: $asset_file"
# }
# proc wait_for_run_complete {run_name timeout_seconds} {
#     set deadline [expr {[clock seconds] + $timeout_seconds}]
#     while {1} {
#         wait_on_run $run_name
#         set run_object [get_runs $run_name]
#         set run_progress [get_property PROGRESS $run_object]
#         set run_status [get_property STATUS $run_object]
#         if {$run_progress eq "100%"} {
#             return
#         }
#         if {[regexp -nocase {error|fail|cancel} $run_status]} {
#             error "$run_name failed: status='$run_status', progress='$run_progress'"
#         }
#         if {[clock seconds] >= $deadline} {
#             error "$run_name timed out: status='$run_status', progress='$run_progress'"
#         }
#         after 1000
#     }
# }
# set serial_cic_file [get_files -quiet \
#     "*national_finals/cic_interp16_serial_comb_dsp_ce.v"]
# set n3_hold_cic_file [get_files -quiet \
#     "*national_finals/cic_interp16_n3_hold2_dsp_ce.v"]
# set stage23_history_file [get_files -quiet \
#     "*national_finals/nf_stage23_history_ramb18_sdp.v"]
# set stage1_history_file [get_files -quiet \
#     "*national_finals/nf_stage1_history_ramb18_sdp.v"]
# set stage1_serial_file [get_files -quiet \
#     "*national_finals/interp2_stage1_single_bram_serial_ce.v"]
# set ultracompact_keypad_file [get_files -quiet \
#     "*national_finals/matrix_keypad_mode_ctrl_ultracompact.v"]
# require_condition [expr {[llength $serial_cic_file] == 1}] \
#     "Serial-comb CIC source is not registered exactly once in sources_1."
# require_condition [expr {[llength $n3_hold_cic_file] == 1}] \
#     "N=3 Hold CIC source is not registered exactly once in sources_1."
# require_condition [expr {[llength $stage23_history_file] == 1}] \
#     "Stage2/3 history RAMB18 source is not registered exactly once."
# require_condition [expr {[llength $stage1_history_file] == 1}] \
#     "Stage1 history RAMB18 source is not registered exactly once."
# require_condition [expr {[llength $stage1_serial_file] == 1}] \
#     "Stage1 serialized-read source is not registered exactly once."
# require_condition [expr {[llength $ultracompact_keypad_file] == 1}] \
#     "Ultra-compact keypad source is not registered exactly once."
# set gui_resource_sharing [string tolower [get_property \
#     STEPS.SYNTH_DESIGN.ARGS.RESOURCE_SHARING [get_runs synth_1]]]
# set gui_synth_directive [get_property \
#     STEPS.SYNTH_DESIGN.ARGS.DIRECTIVE [get_runs synth_1]]
# set gui_flatten_hierarchy [string tolower [get_property \
#     STEPS.SYNTH_DESIGN.ARGS.FLATTEN_HIERARCHY [get_runs synth_1]]]
# set gui_opt_directive [get_property \
#     STEPS.OPT_DESIGN.ARGS.DIRECTIVE [get_runs impl_1]]
# set gui_place_directive [get_property \
#     STEPS.PLACE_DESIGN.ARGS.DIRECTIVE [get_runs impl_1]]
# require_condition \
#     [expr {$gui_resource_sharing in {"on" "1" "true"}}] \
#     "GUI synthesis ResourceSharing must be enabled."
# require_condition [expr {$gui_synth_directive eq "AreaOptimized_high"}] \
#     "GUI synthesis directive must be AreaOptimized_high."
# require_condition [expr {$gui_flatten_hierarchy eq "full"}] \
#     "GUI synthesis flatten_hierarchy must be full."
# require_condition [expr {$gui_opt_directive eq "ExploreWithRemap"}] \
#     "GUI implementation opt_design directive must be ExploreWithRemap; got '$gui_opt_directive'. Close every Vivado window and run open_national_finals_gui_clean.ps1."
# require_condition [expr {$gui_place_directive eq "ExtraTimingOpt"}] \
#     "GUI implementation place_design directive must be ExtraTimingOpt; got '$gui_place_directive'. A stale GUI session can overwrite the XPR. Close every Vivado window and run open_national_finals_gui_clean.ps1."
# puts "NATIONAL_FINALS_GUI_CONFIG_PASS"
NATIONAL_FINALS_GUI_CONFIG_PASS
# puts "GUI_GENERICS=$project_generics"
GUI_GENERICS=USE_PHASE7_LUTRAM_STAGE23=1 USE_COMPACT_KEYPAD=1 COMPACT_KEYPAD_SCAN_DIV=20000 USE_SHARED_KEYPAD_SCAN_TICK=1 USE_PHASE7_BRAM_STAGE23_HISTORY=1 USE_PHASE7_UNIFIED_BRAM_STAGE23_HISTORY=1 USE_NATIONAL_FINALS_SINGLE_BRAM_STAGE1=1 USE_PHASE7_BRAM_STAGE23_COEFF=1 USE_PHASE8_PACKED_BRAM_STAGE23=0 USE_PHASE7_CIC_BURST_COUNTER_DSP=0 USE_NATIONAL_FINALS_DATAPATH=1 USE_NATIONAL_FINALS_SERIAL_CIC_COMB=1 USE_NATIONAL_FINALS_N3_HOLD_EQUIV=1 USE_NATIONAL_FINALS_CIC_COMB_DSP=0 USE_NATIONAL_FINALS_STAGE1_DSP48_PREADDER=1 USE_NATIONAL_FINALS_NARROW_STAGE23=1 USE_NATIONAL_FINALS_P3_JOINT_STAGE3=1 USE_NATIONAL_FINALS_CIC_INTEGRATOR_DSP_MODE=2 USE_ULTRACOMPACT_KEYPAD=1
# puts "GUI_SIM_DEFINES=$project_sim_defines"
GUI_SIM_DEFINES=
# puts "GUI_RESOURCE_SHARING=$gui_resource_sharing"
GUI_RESOURCE_SHARING=on
# puts "GUI_SYNTH_DIRECTIVE=$gui_synth_directive"
GUI_SYNTH_DIRECTIVE=AreaOptimized_high
# puts "GUI_FLATTEN_HIERARCHY=$gui_flatten_hierarchy"
GUI_FLATTEN_HIERARCHY=full
# puts "GUI_OPT_DIRECTIVE=$gui_opt_directive"
GUI_OPT_DIRECTIVE=ExploreWithRemap
# puts "GUI_PLACE_DIRECTIVE=$gui_place_directive"
GUI_PLACE_DIRECTIVE=ExtraTimingOpt
# if {$requested_action eq "rebuild"} {
#     reset_run synth_1
#     launch_runs synth_1 -jobs 4
#     wait_for_run_complete synth_1 900
#     require_condition \
#         [expr {[get_property PROGRESS [get_runs synth_1]] eq "100%"}] \
#         "GUI synth_1 did not complete."
# 
# }
# if {$requested_action in {"rebuild" "reimplement"}} {
#     reset_run impl_1
#     launch_runs impl_1 -to_step write_bitstream -jobs 4
#     wait_for_run_complete impl_1 1200
#     require_condition \
#         [expr {[get_property PROGRESS [get_runs impl_1]] eq "100%"}] \
#         "GUI impl_1 did not complete."
# 
#     set impl_directory [get_property DIRECTORY [get_runs impl_1]]
#     set impl_runme_log [file join $impl_directory runme.log]
#     require_condition [file exists $impl_runme_log] \
#         "GUI implementation runme.log is missing: $impl_runme_log"
#     set log_handle [open $impl_runme_log r]
#     set impl_runme_text [read $log_handle]
#     close $log_handle
#     require_condition \
#         [expr {[string first \
#             "Command: place_design -directive ExtraTimingOpt" \
#             $impl_runme_text] >= 0}] \
#         "GUI run did not execute place_design -directive ExtraTimingOpt."
#     puts "GUI_RUNME_PLACE_DIRECTIVE=ExtraTimingOpt"
# }
# if {[get_property PROGRESS [get_runs impl_1]] eq "100%"} {
#     open_run impl_1
#     set utilization_report [report_utilization -return_string]
#     require_condition \
#         [regexp {\|\s*Slice LUTs\s*\|\s*([0-9]+)\s*\|} \
#             $utilization_report unused lut_count] \
#         "Could not read the Slice LUT count from report_utilization."
#     require_condition \
#         [regexp {\|\s*Slice Registers\s*\|\s*([0-9]+)\s*\|} \
#             $utilization_report unused ff_count] \
#         "Could not read the Slice Register count from report_utilization."
#     set dsp_count [llength [get_cells -hierarchical \
#         -filter {REF_NAME == DSP48E1}]]
#     set bram18_count [llength [get_cells -hierarchical \
#         -filter {REF_NAME == RAMB18E1}]]
#     set mmcm_count [llength [get_cells -hierarchical \
#         -filter {REF_NAME == MMCME2_ADV}]]
# 
#     puts "GUI_LUT=$lut_count"
#     puts "GUI_FF=$ff_count"
#     puts "GUI_DSP=$dsp_count"
#     puts "GUI_BRAM18=$bram18_count"
#     puts "GUI_MMCM=$mmcm_count"
# 
#     require_condition [expr {$dsp_count == 4}] \
#         "GUI implementation is not the P3-R 4-DSP architecture."
#     require_condition [expr {$bram18_count == 4}] \
#         "GUI implementation does not use the expected two BRAM tiles."
#     require_condition [expr {$mmcm_count == 2}] \
#         "GUI implementation does not use the expected two MMCMs."
#     require_condition [expr {$lut_count <= 342}] \
#         "GUI implementation exceeds the P3-T 342-LUT release guard."
#     require_condition [expr {$ff_count <= 390}] \
#         "GUI implementation exceeds the P3-T 390-FF release guard."
# 
#     puts "NATIONAL_FINALS_GUI_IMPLEMENTATION_PASS"
#     close_design
# }
INFO: [Netlist 29-17] Analyzing 41 Unisim elements for replacement
INFO: [Netlist 29-28] Unisim Transformation completed in 0 CPU seconds
INFO: [Project 1-479] Netlist was created with Vivado 2018.3
INFO: [Device 21-403] Loading part xc7a35tfgg484-2
INFO: [Project 1-570] Preparing netlist for logic optimization
INFO: [Timing 38-478] Restoring timing data from binary archive.
INFO: [Timing 38-479] Binary timing data restore complete.
INFO: [Project 1-856] Restoring constraints from binary archive.
INFO: [Project 1-853] Binary constraint restore complete.
Reading XDEF placement.
Reading placer database...
Reading XDEF routing.
Read XDEF File: Time (s): cpu = 00:00:01 ; elapsed = 00:00:00.163 . Memory (MB): peak = 1142.273 ; gain = 0.000
Restored from archive | CPU: 1.000000 secs | Memory: 0.000000 MB |
Finished XDEF File Restore: Time (s): cpu = 00:00:01 ; elapsed = 00:00:00.164 . Memory (MB): peak = 1142.273 ; gain = 0.000
Netlist sorting complete. Time (s): cpu = 00:00:00 ; elapsed = 00:00:00.001 . Memory (MB): peak = 1142.273 ; gain = 0.000
INFO: [Project 1-111] Unisim Transformation Summary:
No Unisim elements were transformed.

open_run: Time (s): cpu = 00:00:12 ; elapsed = 00:00:16 . Memory (MB): peak = 1142.273 ; gain = 831.312
GUI_LUT=341
GUI_FF=381
GUI_DSP=4
GUI_BRAM18=4
GUI_MMCM=2
NATIONAL_FINALS_GUI_IMPLEMENTATION_PASS
# close_project
INFO: [Common 17-206] Exiting Vivado at Thu Aug  6 16:44:24 2026...
