#-----------------------------------------------------------
# xsim v2018.3 (64-bit)
# SW Build 2405991 on Thu Dec  6 23:38:27 MST 2018
# IP Build 2404404 on Fri Dec  7 01:43:56 MST 2018
# Start of session at: Fri Aug  7 13:37:02 2026
# Process ID: 43808
# Current directory: D:/FpgaProject/XilinxProject/XC7A35T/fir_interpolation/matlab_fir/national_finals/_work/rtl_regression/20260807_133559/stage1_single_bram_equivalence
# Command line: xsim.exe -mode tcl -source {xsim.dir/tb_nf_stage1_single_bram_sim/xsim_script.tcl}
# Log file: D:/FpgaProject/XilinxProject/XC7A35T/fir_interpolation/matlab_fir/national_finals/_work/rtl_regression/20260807_133559/stage1_single_bram_equivalence/xsim.log
# Journal file: D:/FpgaProject/XilinxProject/XC7A35T/fir_interpolation/matlab_fir/national_finals/_work/rtl_regression/20260807_133559/stage1_single_bram_equivalence\xsim.jou
#-----------------------------------------------------------
source xsim.dir/tb_nf_stage1_single_bram_sim/xsim_script.tcl
# xsim {tb_nf_stage1_single_bram_sim} -autoloadwcfg -runall
Vivado Simulator 2018.3
Time resolution is 1 ps
run -all
STAGE1 SINGLE BRAM EQUIVALENCE PASS: outputs=1400, 0 LSB
$finish called at time : 895575 ns : File "D:/FpgaProject/XilinxProject/XC7A35T/fir_interpolation/XC7A35T_interp_audio_pcm_wordlen_opt/XC7A35T_interp.srcs/sim_1/new/national_finals/tb_stage1_single_bram_equiv.v" Line 108
exit
INFO: [Common 17-206] Exiting xsim at Fri Aug  7 13:37:08 2026...
