#-----------------------------------------------------------
# xsim v2018.3 (64-bit)
# SW Build 2405991 on Thu Dec  6 23:38:27 MST 2018
# IP Build 2404404 on Fri Dec  7 01:43:56 MST 2018
# Start of session at: Fri Aug  7 13:31:29 2026
# Process ID: 62700
# Current directory: D:/FpgaProject/XilinxProject/XC7A35T/fir_interpolation/matlab_fir/national_finals/_work/rtl_regression/20260807_132603/cic_serial_equivalence
# Command line: xsim.exe -mode tcl -source {xsim.dir/tb_nf_cic_serial_equiv_sim/xsim_script.tcl}
# Log file: D:/FpgaProject/XilinxProject/XC7A35T/fir_interpolation/matlab_fir/national_finals/_work/rtl_regression/20260807_132603/cic_serial_equivalence/xsim.log
# Journal file: D:/FpgaProject/XilinxProject/XC7A35T/fir_interpolation/matlab_fir/national_finals/_work/rtl_regression/20260807_132603/cic_serial_equivalence\xsim.jou
#-----------------------------------------------------------
source xsim.dir/tb_nf_cic_serial_equiv_sim/xsim_script.tcl
# xsim {tb_nf_cic_serial_equiv_sim} -autoloadwcfg -runall
Vivado Simulator 2018.3
Time resolution is 1 ps
run -all
CIC SERIAL COMB EQUIVALENCE PASS: continuous=160 stalled=240 reset-mid-burst=PASS samples=3840
$finish called at time : 74530 ns : File "D:/FpgaProject/XilinxProject/XC7A35T/fir_interpolation/XC7A35T_interp_audio_pcm_wordlen_opt/XC7A35T_interp.srcs/sim_1/new/national_finals/tb_cic_interp16_serial_comb_equiv.v" Line 224
exit
INFO: [Common 17-206] Exiting xsim at Fri Aug  7 13:31:39 2026...
