Property                              Type     Read-only  Value
ACASCREG                              int      false      0
ADREG                                 int      false      1
ADV_USEFUL_SKEW                       bool     false      
ALUMODEREG                            int      false      0
AREG                                  int      false      0
ASYNC_REG                             bool     false      
AUTOPIPELINE_MODULE                   bool     false      
AUTORESET_PATDET                      string   false      NO_RESET
A_INPUT                               string   false      DIRECT
BCASCREG                              int      false      0
BEL                                   string   false      DSP48E1.DSP48E1
BLKNM                                 string   true       
BLOCK_SYNTH.ADDER_THRESHOLD           int      false      
BLOCK_SYNTH.AUTO_PIPELINING           int      false      
BLOCK_SYNTH.COMPARATOR_THRESHOLD      int      false      
BLOCK_SYNTH.CONTROL_SET_THRESHOLD     int      false      
BLOCK_SYNTH.EXTRACT_PARTITION         int      false      
BLOCK_SYNTH.FLATTEN_HIERARCHY         enum     false      
BLOCK_SYNTH.FLATTEN_INSIDE_PARTITION  int      false      
BLOCK_SYNTH.FSM_EXTRACTION            enum     false      
BLOCK_SYNTH.KEEP_EQUIVALENT_REGISTER  int      false      
BLOCK_SYNTH.LUT_COMBINING             int      false      
BLOCK_SYNTH.MAX_LUT_INPUT             int      false      
BLOCK_SYNTH.MUXF_MAPPING              int      false      
BLOCK_SYNTH.PRESERVE_BOUNDARY         int      false      
BLOCK_SYNTH.RETIMING                  int      false      
BLOCK_SYNTH.ROM_MAPPING               int      false      
BLOCK_SYNTH.SHREG_MIN_SIZE            int      false      
BLOCK_SYNTH.STRATEGY                  enum     false      
BLOCK_SYNTH.USER_PROVIDED             string   false      
BREG                                  int      false      0
BUFG                                  enum     true       
B_INPUT                               string   false      DIRECT
CARRYINREG                            int      false      0
CARRYINSELREG                         int      false      0
CARRY_REMAP                           int      false      
CASCADE_HEIGHT                        int      false      
CELL_BLOAT_FACTOR                     enum     false      
CLASS                                 string   true       cell
CLOCK_REGION                          string   false      
CONTROL_SET_REMAP                     enum     false      
CONVERT_BRAM8                         bool     true       
CREG                                  int      false      1
DCI_VALUE                             int      false      
DELAY_BYPASS                          bool     false      
DONT_PARTITION                        bool     false      
DONT_TOUCH                            bool     false      
DREG                                  int      false      1
DSP_FOLDING                           bool     false      
ESSENTIAL_CLASSIFICATION_VALUE        int      false      
EXTRACT_ENABLE                        bool     false      
EXTRACT_RESET                         bool     false      
FILE_NAME                             string   true       D:/FpgaProject/XilinxProject/XC7A35T/fir_interpolation/XC7A35T_interp_audio_pcm_wordlen_opt/XC7A35T_interp.srcs/sources_1/new/national_finals/cic_interp16_n3_hold2_dsp_ce.v
FSM_ENCODING                          enum     false      
FSM_SAFE_STATE                        enum     false      
HBLKNM                                string   true       
HD.ISOLATED                           bool     false      
HD.ISOLATED_EXEMPT                    bool     false      
HD.PLATFORM_WRAPPER                   bool     false      
HD.RECONFIGURABLE                     bool     false      
HD.RECONFIGURABLE_CONTAINER           bool     false      
HD.RECONFIG_PLATFORM                  bool     false      
HD.TANDEM                             int      false      
HLUTNM                                string   false      
H_SET                                 string   true       
INIT_VAL                              string   true       
INMODEREG                             int      false      0
IOB                                   enum     false      
IOBDELAY                              enum     false      
IOB_TRI_REG                           bool     false      
IODELAY_GROUP                         string   false      
IPROGRAMMING                          string   false      
IS_ALUMODE_INVERTED                   binary   false      
IS_BEL_FIXED                          bool     false      0
IS_BLACKBOX                           bool     true       0
IS_CARRYIN_INVERTED                   binary   false      
IS_CLK_INVERTED                       binary   false      
IS_CLOCK_GATED                        bool     true       
IS_DEBUGGABLE                         bool     true       1
IS_INMODE_INVERTED                    binary   false      
IS_LOC_FIXED                          bool     false      0
IS_MATCHED                            bool     true       1
IS_OPMODE_INVERTED                    binary   false      
IS_ORIG_CELL                          bool     true       1
IS_PRIMITIVE                          bool     true       1
IS_REUSED                             bool     true       0
IS_SEQUENTIAL                         bool     true       1
KEEP                                  string   false      
KEEP_HIERARCHY                        enum     false      
KEEP_PRSHELL_DISCONNECT               bool     true       
LINE_NUMBER                           int      true       112
LOC                                   site     false      DSP48_X0Y30
LOCK_PINS                             string*  false      
LOPT_BUFG_MISC                        bool     true       
LUTNM                                 string   false      
LUT_REMAP                             bool     false      
MACRO_NAME                            string   true       
MASK                                  hex      false      48'h3FFFFFFFFFFF
MAX_FANOUT                            string   false      
MEM.ADDRESS_BEGIN                     int      false      
MEM.ADDRESS_END                       int      false      
MEM.ADDRESS_SPACE                     bool     false      
MEM.ADDRESS_SPACE_BEGIN               int      false      
MEM.ADDRESS_SPACE_DATA_LSB            int      false      
MEM.ADDRESS_SPACE_DATA_MSB            int      false      
MEM.ADDRESS_SPACE_DATA_WIDTH          int      false      
MEM.ADDRESS_SPACE_END                 int      false      
MEM.ADDRESS_SPACE_WORD_WIDTH          int      false      
MEM.CORE_MEMORY_WIDTH                 int      false      
MEM.DATA_LSB                          int      false      
MEM.DATA_MSB                          int      false      
MEM.ENDIANNESS                        string   false      
MEM.PORTA.ADDRESS_BEGIN               int      false      
MEM.PORTA.ADDRESS_END                 int      false      
MEM.PORTA.DATA_BIT_LAYOUT             string   false      
MEM.PORTA.DATA_LSB                    int      false      
MEM.PORTA.DATA_MSB                    int      false      
MEM.PORTB.ADDRESS_BEGIN               int      false      
MEM.PORTB.ADDRESS_END                 int      false      
MEM.PORTB.DATA_BIT_LAYOUT             string   false      
MEM.PORTB.DATA_LSB                    int      false      
MEM.PORTB.DATA_MSB                    int      false      
METHODOLOGY_DRC_VIOS                  string   false      {SYNTH-11 {cell *THIS*}}
MIG_FLOORPLAN_MODE                    enum     false      
MREG                                  int      false      0
MUXF_REMAP                            bool     false      
NAME                                  string   true       gen_final_integrator_dsp.final_integrator_sum
NODELAY                               bool     true       
OPMODEREG                             int      false      0
OPROGRAMMING                          string   false      
OPT_MODIFIED                          string   true       
ORIG_CELL_NAME                        string   false      
ORIG_REF_NAME                         string   true       
PARENT                                string   true       
PATTERN                               hex      false      48'h000000000000
PBLOCK                                string   true       
PHASESHIFT_MODE                       enum     false      
PHYS_OPT_MODIFIED                     string   true       
PHYS_OPT_SKIPPED                      string   true       
POWER_OPTED_CE                        string   true       
PREG                                  int      false      0
PRIMITIVE_COUNT                       int      true       1
PRIMITIVE_GROUP                       enum     true       MULT
PRIMITIVE_LEVEL                       enum     true       LEAF
PRIMITIVE_SUBGROUP                    enum     true       dsp
PRIMITIVE_TYPE                        enum     true       MULT.dsp.DSP48E1
PRSHELL_CONNECTED_BEL_PINS            string*  true       
PRSHELL_DISCONNECTED_BEL_PINS         string*  true       
PRSHELL_OK_FOR_IMPL                   bool     true       
PRSHELL_SKIP_IP                       bool     true       
PWR_MODE                              enum     true       
RAM_DECOMP                            enum     false      
RAM_STYLE                             enum     false      
REF_NAME                              string   true       DSP48E1
REG_TO_SRL                            bool     false      
RETIMING_BACKWARD                     int      false      
RETIMING_FORWARD                      int      false      
REUSE_STATUS                          enum     true       
RLOC                                  string   true       
ROM_STYLE                             enum     false      
RPM                                   string   true       
RPM_GRID                              enum     true       
RW_ADDR_COLLISION                     bool     false      
SDX_FEATURE_ROM                       bool     false      
SEL_MASK                              string   false      MASK
SEL_PATTERN                           string   false      PATTERN
SETUP_SLACK                           double   false      
SEU_PROTECTED                         long     false      
SHREG_EXTRACT                         enum     false      
SIM_COLLISION_CHECK                   enum     true       
SLR                                   string   false      
SLR_INDEX                             int      true       0
SOFT_HLUTNM                           string   false      
SRL_STYLE                             enum     false      
SRL_TO_REG                            bool     false      
STATUS                                enum     true       PLACED
TRANSIENT_FILTER                      enum     false      
USER_LAGUNA                           bool     false      
USER_MAX_FANOUT                       string   false      
USER_SLL_REG                          bool     false      
USER_SLR_ASSIGNMENT                   string   false      
USE_DPORT                             bool     false      0
USE_DSP                               enum     false      
USE_DSP48                             enum     false      
USE_LUTNM                             bool     false      
USE_MULT                              string   false      NONE
USE_PATTERN_DETECT                    string   false      NO_PATDET
USE_RLOC                              bool     true       
USE_SIMD                              string   false      ONE48
XBLKNM                                string   true       
XPM_CDC                               enum     false      
XSTLIB                                bool     true       
Property                              Type     Read-only  Value
ACASCREG                              int      false      0
ADREG                                 int      false      1
ADV_USEFUL_SKEW                       bool     false      
ALUMODEREG                            int      false      0
AREG                                  int      false      0
ASYNC_REG                             bool     false      
AUTOPIPELINE_MODULE                   bool     false      
AUTORESET_PATDET                      string   false      NO_RESET
A_INPUT                               string   false      DIRECT
BCASCREG                              int      false      0
BEL                                   string   false      DSP48E1.DSP48E1
BLKNM                                 string   true       
BLOCK_SYNTH.ADDER_THRESHOLD           int      false      
BLOCK_SYNTH.AUTO_PIPELINING           int      false      
BLOCK_SYNTH.COMPARATOR_THRESHOLD      int      false      
BLOCK_SYNTH.CONTROL_SET_THRESHOLD     int      false      
BLOCK_SYNTH.EXTRACT_PARTITION         int      false      
BLOCK_SYNTH.FLATTEN_HIERARCHY         enum     false      
BLOCK_SYNTH.FLATTEN_INSIDE_PARTITION  int      false      
BLOCK_SYNTH.FSM_EXTRACTION            enum     false      
BLOCK_SYNTH.KEEP_EQUIVALENT_REGISTER  int      false      
BLOCK_SYNTH.LUT_COMBINING             int      false      
BLOCK_SYNTH.MAX_LUT_INPUT             int      false      
BLOCK_SYNTH.MUXF_MAPPING              int      false      
BLOCK_SYNTH.PRESERVE_BOUNDARY         int      false      
BLOCK_SYNTH.RETIMING                  int      false      
BLOCK_SYNTH.ROM_MAPPING               int      false      
BLOCK_SYNTH.SHREG_MIN_SIZE            int      false      
BLOCK_SYNTH.STRATEGY                  enum     false      
BLOCK_SYNTH.USER_PROVIDED             string   false      
BREG                                  int      false      0
BUFG                                  enum     true       
B_INPUT                               string   false      DIRECT
CARRYINREG                            int      false      0
CARRYINSELREG                         int      false      0
CARRY_REMAP                           int      false      
CASCADE_HEIGHT                        int      false      
CELL_BLOAT_FACTOR                     enum     false      
CLASS                                 string   true       cell
CLOCK_REGION                          string   false      
CONTROL_SET_REMAP                     enum     false      
CONVERT_BRAM8                         bool     true       
CREG                                  int      false      1
DCI_VALUE                             int      false      
DELAY_BYPASS                          bool     false      
DONT_PARTITION                        bool     false      
DONT_TOUCH                            bool     false      
DREG                                  int      false      1
DSP_FOLDING                           bool     false      
ESSENTIAL_CLASSIFICATION_VALUE        int      false      
EXTRACT_ENABLE                        bool     false      
EXTRACT_RESET                         bool     false      
FILE_NAME                             string   true       D:/FpgaProject/XilinxProject/XC7A35T/fir_interpolation/XC7A35T_interp_audio_pcm_wordlen_opt/XC7A35T_interp.srcs/sources_1/new/national_finals/cic_interp16_n3_hold2_dsp_ce.v
FSM_ENCODING                          enum     false      
FSM_SAFE_STATE                        enum     false      
HBLKNM                                string   true       
HD.ISOLATED                           bool     false      
HD.ISOLATED_EXEMPT                    bool     false      
HD.PLATFORM_WRAPPER                   bool     false      
HD.RECONFIGURABLE                     bool     false      
HD.RECONFIGURABLE_CONTAINER           bool     false      
HD.RECONFIG_PLATFORM                  bool     false      
HD.TANDEM                             int      false      
HLUTNM                                string   false      
H_SET                                 string   true       
INIT_VAL                              string   true       
INMODEREG                             int      false      0
IOB                                   enum     false      
IOBDELAY                              enum     false      
IOB_TRI_REG                           bool     false      
IODELAY_GROUP                         string   false      
IPROGRAMMING                          string   false      
IS_ALUMODE_INVERTED                   binary   false      
IS_BEL_FIXED                          bool     false      0
IS_BLACKBOX                           bool     true       0
IS_CARRYIN_INVERTED                   binary   false      
IS_CLK_INVERTED                       binary   false      
IS_CLOCK_GATED                        bool     true       
IS_DEBUGGABLE                         bool     true       1
IS_INMODE_INVERTED                    binary   false      
IS_LOC_FIXED                          bool     false      0
IS_MATCHED                            bool     true       1
IS_OPMODE_INVERTED                    binary   false      
IS_ORIG_CELL                          bool     true       1
IS_PRIMITIVE                          bool     true       1
IS_REUSED                             bool     true       0
IS_SEQUENTIAL                         bool     true       1
KEEP                                  string   false      
KEEP_HIERARCHY                        enum     false      
KEEP_PRSHELL_DISCONNECT               bool     true       
LINE_NUMBER                           int      true       97
LOC                                   site     false      DSP48_X0Y31
LOCK_PINS                             string*  false      
LOPT_BUFG_MISC                        bool     true       
LUTNM                                 string   false      
LUT_REMAP                             bool     false      
MACRO_NAME                            string   true       
MASK                                  hex      false      48'h3FFFFFFFFFFF
MAX_FANOUT                            string   false      
MEM.ADDRESS_BEGIN                     int      false      
MEM.ADDRESS_END                       int      false      
MEM.ADDRESS_SPACE                     bool     false      
MEM.ADDRESS_SPACE_BEGIN               int      false      
MEM.ADDRESS_SPACE_DATA_LSB            int      false      
MEM.ADDRESS_SPACE_DATA_MSB            int      false      
MEM.ADDRESS_SPACE_DATA_WIDTH          int      false      
MEM.ADDRESS_SPACE_END                 int      false      
MEM.ADDRESS_SPACE_WORD_WIDTH          int      false      
MEM.CORE_MEMORY_WIDTH                 int      false      
MEM.DATA_LSB                          int      false      
MEM.DATA_MSB                          int      false      
MEM.ENDIANNESS                        string   false      
MEM.PORTA.ADDRESS_BEGIN               int      false      
MEM.PORTA.ADDRESS_END                 int      false      
MEM.PORTA.DATA_BIT_LAYOUT             string   false      
MEM.PORTA.DATA_LSB                    int      false      
MEM.PORTA.DATA_MSB                    int      false      
MEM.PORTB.ADDRESS_BEGIN               int      false      
MEM.PORTB.ADDRESS_END                 int      false      
MEM.PORTB.DATA_BIT_LAYOUT             string   false      
MEM.PORTB.DATA_LSB                    int      false      
MEM.PORTB.DATA_MSB                    int      false      
METHODOLOGY_DRC_VIOS                  string   false      {SYNTH-11 {cell *THIS*}}
MIG_FLOORPLAN_MODE                    enum     false      
MREG                                  int      false      0
MUXF_REMAP                            bool     false      
NAME                                  string   true       gen_first_integrator_dsp.first_integrator_sum
NODELAY                               bool     true       
OPMODEREG                             int      false      0
OPROGRAMMING                          string   false      
OPT_MODIFIED                          string   true       
ORIG_CELL_NAME                        string   false      
ORIG_REF_NAME                         string   true       
PARENT                                string   true       
PATTERN                               hex      false      48'h000000000000
PBLOCK                                string   true       
PHASESHIFT_MODE                       enum     false      
PHYS_OPT_MODIFIED                     string   true       
PHYS_OPT_SKIPPED                      string   true       
POWER_OPTED_CE                        string   true       
PREG                                  int      false      0
PRIMITIVE_COUNT                       int      true       1
PRIMITIVE_GROUP                       enum     true       MULT
PRIMITIVE_LEVEL                       enum     true       LEAF
PRIMITIVE_SUBGROUP                    enum     true       dsp
PRIMITIVE_TYPE                        enum     true       MULT.dsp.DSP48E1
PRSHELL_CONNECTED_BEL_PINS            string*  true       
PRSHELL_DISCONNECTED_BEL_PINS         string*  true       
PRSHELL_OK_FOR_IMPL                   bool     true       
PRSHELL_SKIP_IP                       bool     true       
PWR_MODE                              enum     true       
RAM_DECOMP                            enum     false      
RAM_STYLE                             enum     false      
REF_NAME                              string   true       DSP48E1
REG_TO_SRL                            bool     false      
RETIMING_BACKWARD                     int      false      
RETIMING_FORWARD                      int      false      
REUSE_STATUS                          enum     true       
RLOC                                  string   true       
ROM_STYLE                             enum     false      
RPM                                   string   true       
RPM_GRID                              enum     true       
RW_ADDR_COLLISION                     bool     false      
SDX_FEATURE_ROM                       bool     false      
SEL_MASK                              string   false      MASK
SEL_PATTERN                           string   false      PATTERN
SETUP_SLACK                           double   false      
SEU_PROTECTED                         long     false      
SHREG_EXTRACT                         enum     false      
SIM_COLLISION_CHECK                   enum     true       
SLR                                   string   false      
SLR_INDEX                             int      true       0
SOFT_HLUTNM                           string   false      
SRL_STYLE                             enum     false      
SRL_TO_REG                            bool     false      
STATUS                                enum     true       PLACED
TRANSIENT_FILTER                      enum     false      
USER_LAGUNA                           bool     false      
USER_MAX_FANOUT                       string   false      
USER_SLL_REG                          bool     false      
USER_SLR_ASSIGNMENT                   string   false      
USE_DPORT                             bool     false      0
USE_DSP                               enum     false      
USE_DSP48                             enum     false      
USE_LUTNM                             bool     false      
USE_MULT                              string   false      NONE
USE_PATTERN_DETECT                    string   false      NO_PATDET
USE_RLOC                              bool     true       
USE_SIMD                              string   false      ONE48
XBLKNM                                string   true       
XPM_CDC                               enum     false      
XSTLIB                                bool     true       
