#-----------------------------------------------------------
# xsim v2018.3 (64-bit)
# SW Build 2405991 on Thu Dec  6 23:38:27 MST 2018
# IP Build 2404404 on Fri Dec  7 01:43:56 MST 2018
# Start of session at: Sun Aug  2 02:34:08 2026
# Process ID: 25312
# Current directory: D:/FpgaProject/XilinxProject/XC7A35T/fir_interpolation/matlab_fir/national_finals/_work/rtl_regression/20260802_023242/cic_two24_full_equivalence
# Command line: xsim.exe -mode tcl -source {xsim.dir/tb_nf_cic_two24_full_equivalence_sim/xsim_script.tcl}
# Log file: D:/FpgaProject/XilinxProject/XC7A35T/fir_interpolation/matlab_fir/national_finals/_work/rtl_regression/20260802_023242/cic_two24_full_equivalence/xsim.log
# Journal file: D:/FpgaProject/XilinxProject/XC7A35T/fir_interpolation/matlab_fir/national_finals/_work/rtl_regression/20260802_023242/cic_two24_full_equivalence\xsim.jou
#-----------------------------------------------------------
source xsim.dir/tb_nf_cic_two24_full_equivalence_sim/xsim_script.tcl
# xsim {tb_nf_cic_two24_full_equivalence_sim} -autoloadwcfg -runall
Vivado Simulator 2018.3
Time resolution is 1 ps
run -all
P1C TWO24 CIC EQUIVALENCE PASS: continuous=320 stalled=480 seeds=20x256 reset-mid-burst=PASS outputs=95107 0 LSB
$finish called at time : 1091 us : File "D:/FpgaProject/XilinxProject/XC7A35T/fir_interpolation/XC7A35T_interp_audio_pcm_wordlen_opt/XC7A35T_interp.srcs/sim_1/new/national_finals/p1_two24/tb_cic_interp16_n3_hold2_two24_p1s_equiv.v" Line 193
exit
INFO: [Common 17-206] Exiting xsim at Sun Aug  2 02:34:14 2026...
