#-----------------------------------------------------------
# xsim v2018.3 (64-bit)
# SW Build 2405991 on Thu Dec  6 23:38:27 MST 2018
# IP Build 2404404 on Fri Dec  7 01:43:56 MST 2018
# Start of session at: Sun Aug  2 02:33:59 2026
# Process ID: 9280
# Current directory: D:/FpgaProject/XilinxProject/XC7A35T/fir_interpolation/matlab_fir/national_finals/_work/rtl_regression/20260802_023242/cic_two24_integrator_pair
# Command line: xsim.exe -mode tcl -source {xsim.dir/tb_nf_cic_two24_integrator_pair_p1s_sim/xsim_script.tcl}
# Log file: D:/FpgaProject/XilinxProject/XC7A35T/fir_interpolation/matlab_fir/national_finals/_work/rtl_regression/20260802_023242/cic_two24_integrator_pair/xsim.log
# Journal file: D:/FpgaProject/XilinxProject/XC7A35T/fir_interpolation/matlab_fir/national_finals/_work/rtl_regression/20260802_023242/cic_two24_integrator_pair\xsim.jou
#-----------------------------------------------------------
source xsim.dir/tb_nf_cic_two24_integrator_pair_p1s_sim/xsim_script.tcl
# xsim {tb_nf_cic_two24_integrator_pair_p1s_sim} -autoloadwcfg -runall
Vivado Simulator 2018.3
Time resolution is 1 ps
run -all
P1B TWO24 UNISIM PASS: events=7461 commits=7413 resets=84, carry lanes [1]/[3], II=1/stall/reset exact
$finish called at time : 120476 ns : File "D:/FpgaProject/XilinxProject/XC7A35T/fir_interpolation/XC7A35T_interp_audio_pcm_wordlen_opt/XC7A35T_interp.srcs/sim_1/new/national_finals/p1_two24/tb_nf_cic_two24_integrator_pair_p1s.v" Line 148
exit
INFO: [Common 17-206] Exiting xsim at Sun Aug  2 02:34:03 2026...
