Copyright 1986-2018 Xilinx, Inc. All Rights Reserved.
--------------------------------------------------------------------------------------------------------------------------------------------------------------------------------------------------
| Tool Version : Vivado v.2018.3 (win64) Build 2405991 Thu Dec  6 23:38:27 MST 2018
| Date         : Fri Jul 31 22:44:22 2026
| Host         : LAPTOP-476JT8H0 running 64-bit major release  (build 9200)
| Command      : report_cdc -details -file D:/FpgaProject/XilinxProject/XC7A35T/fir_interpolation/matlab_fir/national_finals/vivado_results/board_dual_rate_cic5_comb_lut_v1_final/cdc_routed.rpt
| Design       : board_demo_competition_dac8_top
| Device       : 7a35t-fgg484
| Speed File   : -2  PRODUCTION 1.23 2018-06-13
--------------------------------------------------------------------------------------------------------------------------------------------------------------------------------------------------

CDC Report

ID      Severity  Count  Description
------  --------  -----  --------------------------------------------------
CDC-2   Warning       2  1-bit synchronized with missing ASYNC_REG property
CDC-6   Warning       2  Multi-bit synchronized with ASYNC_REG property
CDC-10  Critical      2  Combinational logic detected before a synchronizer
CDC-13  Critical      2  1-bit CDC path on a non-FD primitive
CDC-15  Warning      48  Clock enable controlled CDC structure detected

Source Clock: input port clock
Destination Clock: clk_20M
CDC Type: No Common Primary Clock

Row  ID     Severity  Description                                         Depth  Exception   Source (From)  Destination (To)
---  -----  --------  --------------------------------------------------  -----  ----------  -------------  ---------------------------------------------------------------------
  1  CDC-2  Warning   1-bit synchronized with missing ASYNC_REG property      2  False Path  key_kc[0]      gen_compact_keypad.u_matrix_keypad_mode_ctrl_compact/kc_meta_reg[0]/D
  2  CDC-2  Warning   1-bit synchronized with missing ASYNC_REG property      2  False Path  key_kc[1]      gen_compact_keypad.u_matrix_keypad_mode_ctrl_compact/kc_meta_reg[1]/D

Source Clock: clk_20M
Destination Clock: clk_44k1_raw
CDC Type: No Common Period

Row  ID      Severity  Description                                         Depth  Exception            Source (From)                                                             Destination (To)
---  ------  --------  --------------------------------------------------  -----  -------------------  ------------------------------------------------------------------------  -----------------------------------------------------------------------------------------------------------------
  1  CDC-6   Warning   Multi-bit synchronized with ASYNC_REG property          2  Asynch Clock Groups  gen_compact_keypad.u_matrix_keypad_mode_ctrl_compact/mode_sel_reg[1:0]/C  mode_audio_meta_reg[1:0]/D
  2  CDC-10  Critical  Combinational logic detected before a synchronizer      3  Asynch Clock Groups  family_switch_cnt_reg[3]/C                                                rst_audio_sync_reg[0]/CLR
  3  CDC-15  Warning   Clock enable controlled CDC structure detected          0  Asynch Clock Groups  family_active_reg/C                                                       u_demo_interp_dac8_audio_pcm_common/gen_dual_rate_test_tone.u_dual_rate_test_tone_rom_source/rd_addr_reg[0]/D
  4  CDC-15  Warning   Clock enable controlled CDC structure detected          0  Asynch Clock Groups  family_active_reg/C                                                       u_demo_interp_dac8_audio_pcm_common/gen_dual_rate_test_tone.u_dual_rate_test_tone_rom_source/rd_addr_reg[0]/S
  5  CDC-15  Warning   Clock enable controlled CDC structure detected          0  Asynch Clock Groups  family_active_reg/C                                                       u_demo_interp_dac8_audio_pcm_common/gen_dual_rate_test_tone.u_dual_rate_test_tone_rom_source/rd_addr_reg[1]/D
  6  CDC-15  Warning   Clock enable controlled CDC structure detected          0  Asynch Clock Groups  family_active_reg/C                                                       u_demo_interp_dac8_audio_pcm_common/gen_dual_rate_test_tone.u_dual_rate_test_tone_rom_source/rd_addr_reg[1]/S
  7  CDC-15  Warning   Clock enable controlled CDC structure detected          0  Asynch Clock Groups  family_active_reg/C                                                       u_demo_interp_dac8_audio_pcm_common/gen_dual_rate_test_tone.u_dual_rate_test_tone_rom_source/rd_addr_reg[2]/R
  8  CDC-15  Warning   Clock enable controlled CDC structure detected          0  Asynch Clock Groups  family_active_reg/C                                                       u_demo_interp_dac8_audio_pcm_common/gen_dual_rate_test_tone.u_dual_rate_test_tone_rom_source/rd_addr_reg[3]/R
  9  CDC-15  Warning   Clock enable controlled CDC structure detected          0  Asynch Clock Groups  family_active_reg/C                                                       u_demo_interp_dac8_audio_pcm_common/gen_dual_rate_test_tone.u_dual_rate_test_tone_rom_source/rd_addr_reg[4]/D
 10  CDC-15  Warning   Clock enable controlled CDC structure detected          0  Asynch Clock Groups  family_active_reg/C                                                       u_demo_interp_dac8_audio_pcm_common/gen_dual_rate_test_tone.u_dual_rate_test_tone_rom_source/rd_addr_reg[4]/S
 11  CDC-15  Warning   Clock enable controlled CDC structure detected          0  Asynch Clock Groups  family_active_reg/C                                                       u_demo_interp_dac8_audio_pcm_common/gen_dual_rate_test_tone.u_dual_rate_test_tone_rom_source/rd_addr_reg[5]/R
 12  CDC-15  Warning   Clock enable controlled CDC structure detected          0  Asynch Clock Groups  family_active_reg/C                                                       u_demo_interp_dac8_audio_pcm_common/gen_dual_rate_test_tone.u_dual_rate_test_tone_rom_source/rd_addr_reg[6]/R
 13  CDC-15  Warning   Clock enable controlled CDC structure detected          0  Asynch Clock Groups  family_active_reg/C                                                       u_demo_interp_dac8_audio_pcm_common/gen_dual_rate_test_tone.u_dual_rate_test_tone_rom_source/rd_addr_reg[7]/D
 14  CDC-15  Warning   Clock enable controlled CDC structure detected          0  Asynch Clock Groups  family_active_reg/C                                                       u_demo_interp_dac8_audio_pcm_common/gen_dual_rate_test_tone.u_dual_rate_test_tone_rom_source/rd_addr_reg[7]/S
 15  CDC-15  Warning   Clock enable controlled CDC structure detected          0  Asynch Clock Groups  family_active_reg/C                                                       u_demo_interp_dac8_audio_pcm_common/gen_dual_rate_test_tone.u_dual_rate_test_tone_rom_source/rd_addr_reg_rep[0]/D
 16  CDC-15  Warning   Clock enable controlled CDC structure detected          0  Asynch Clock Groups  family_active_reg/C                                                       u_demo_interp_dac8_audio_pcm_common/gen_dual_rate_test_tone.u_dual_rate_test_tone_rom_source/rd_addr_reg_rep[0]/S
 17  CDC-15  Warning   Clock enable controlled CDC structure detected          0  Asynch Clock Groups  family_active_reg/C                                                       u_demo_interp_dac8_audio_pcm_common/gen_dual_rate_test_tone.u_dual_rate_test_tone_rom_source/rd_addr_reg_rep[1]/D
 18  CDC-15  Warning   Clock enable controlled CDC structure detected          0  Asynch Clock Groups  family_active_reg/C                                                       u_demo_interp_dac8_audio_pcm_common/gen_dual_rate_test_tone.u_dual_rate_test_tone_rom_source/rd_addr_reg_rep[1]/S
 19  CDC-15  Warning   Clock enable controlled CDC structure detected          0  Asynch Clock Groups  family_active_reg/C                                                       u_demo_interp_dac8_audio_pcm_common/gen_dual_rate_test_tone.u_dual_rate_test_tone_rom_source/rd_addr_reg_rep[2]/R
 20  CDC-15  Warning   Clock enable controlled CDC structure detected          0  Asynch Clock Groups  family_active_reg/C                                                       u_demo_interp_dac8_audio_pcm_common/gen_dual_rate_test_tone.u_dual_rate_test_tone_rom_source/rd_addr_reg_rep[3]/R
 21  CDC-15  Warning   Clock enable controlled CDC structure detected          0  Asynch Clock Groups  family_active_reg/C                                                       u_demo_interp_dac8_audio_pcm_common/gen_dual_rate_test_tone.u_dual_rate_test_tone_rom_source/rd_addr_reg_rep[4]/D
 22  CDC-15  Warning   Clock enable controlled CDC structure detected          0  Asynch Clock Groups  family_active_reg/C                                                       u_demo_interp_dac8_audio_pcm_common/gen_dual_rate_test_tone.u_dual_rate_test_tone_rom_source/rd_addr_reg_rep[4]/S
 23  CDC-15  Warning   Clock enable controlled CDC structure detected          0  Asynch Clock Groups  family_active_reg/C                                                       u_demo_interp_dac8_audio_pcm_common/gen_dual_rate_test_tone.u_dual_rate_test_tone_rom_source/rd_addr_reg_rep[5]/R
 24  CDC-15  Warning   Clock enable controlled CDC structure detected          0  Asynch Clock Groups  family_active_reg/C                                                       u_demo_interp_dac8_audio_pcm_common/gen_dual_rate_test_tone.u_dual_rate_test_tone_rom_source/rd_addr_reg_rep[6]/R
 25  CDC-15  Warning   Clock enable controlled CDC structure detected          0  Asynch Clock Groups  family_active_reg/C                                                       u_demo_interp_dac8_audio_pcm_common/gen_dual_rate_test_tone.u_dual_rate_test_tone_rom_source/rd_addr_reg_rep[7]/D
 26  CDC-15  Warning   Clock enable controlled CDC structure detected          0  Asynch Clock Groups  family_active_reg/C                                                       u_demo_interp_dac8_audio_pcm_common/gen_dual_rate_test_tone.u_dual_rate_test_tone_rom_source/rd_addr_reg_rep[7]/S
 27  CDC-13  Critical  1-bit CDC path on a non-FD primitive                    0  Asynch Clock Groups  family_active_reg/C                                                       u_dual_family_audio_clock/u_bufgmux_audio_family/S0

Source Clock: clk_20M
Destination Clock: clk_48k_raw
CDC Type: No Common Period

Row  ID      Severity  Description                                         Depth  Exception            Source (From)                                                             Destination (To)
---  ------  --------  --------------------------------------------------  -----  -------------------  ------------------------------------------------------------------------  -----------------------------------------------------------------------------------------------------------------
  1  CDC-6   Warning   Multi-bit synchronized with ASYNC_REG property          2  Asynch Clock Groups  gen_compact_keypad.u_matrix_keypad_mode_ctrl_compact/mode_sel_reg[1:0]/C  mode_audio_meta_reg[1:0]/D
  2  CDC-10  Critical  Combinational logic detected before a synchronizer      3  Asynch Clock Groups  family_switch_cnt_reg[3]/C                                                rst_audio_sync_reg[0]/CLR
  3  CDC-15  Warning   Clock enable controlled CDC structure detected          0  Asynch Clock Groups  family_active_reg/C                                                       u_demo_interp_dac8_audio_pcm_common/gen_dual_rate_test_tone.u_dual_rate_test_tone_rom_source/rd_addr_reg[0]/D
  4  CDC-15  Warning   Clock enable controlled CDC structure detected          0  Asynch Clock Groups  family_active_reg/C                                                       u_demo_interp_dac8_audio_pcm_common/gen_dual_rate_test_tone.u_dual_rate_test_tone_rom_source/rd_addr_reg[0]/S
  5  CDC-15  Warning   Clock enable controlled CDC structure detected          0  Asynch Clock Groups  family_active_reg/C                                                       u_demo_interp_dac8_audio_pcm_common/gen_dual_rate_test_tone.u_dual_rate_test_tone_rom_source/rd_addr_reg[1]/D
  6  CDC-15  Warning   Clock enable controlled CDC structure detected          0  Asynch Clock Groups  family_active_reg/C                                                       u_demo_interp_dac8_audio_pcm_common/gen_dual_rate_test_tone.u_dual_rate_test_tone_rom_source/rd_addr_reg[1]/S
  7  CDC-15  Warning   Clock enable controlled CDC structure detected          0  Asynch Clock Groups  family_active_reg/C                                                       u_demo_interp_dac8_audio_pcm_common/gen_dual_rate_test_tone.u_dual_rate_test_tone_rom_source/rd_addr_reg[2]/R
  8  CDC-15  Warning   Clock enable controlled CDC structure detected          0  Asynch Clock Groups  family_active_reg/C                                                       u_demo_interp_dac8_audio_pcm_common/gen_dual_rate_test_tone.u_dual_rate_test_tone_rom_source/rd_addr_reg[3]/R
  9  CDC-15  Warning   Clock enable controlled CDC structure detected          0  Asynch Clock Groups  family_active_reg/C                                                       u_demo_interp_dac8_audio_pcm_common/gen_dual_rate_test_tone.u_dual_rate_test_tone_rom_source/rd_addr_reg[4]/D
 10  CDC-15  Warning   Clock enable controlled CDC structure detected          0  Asynch Clock Groups  family_active_reg/C                                                       u_demo_interp_dac8_audio_pcm_common/gen_dual_rate_test_tone.u_dual_rate_test_tone_rom_source/rd_addr_reg[4]/S
 11  CDC-15  Warning   Clock enable controlled CDC structure detected          0  Asynch Clock Groups  family_active_reg/C                                                       u_demo_interp_dac8_audio_pcm_common/gen_dual_rate_test_tone.u_dual_rate_test_tone_rom_source/rd_addr_reg[5]/R
 12  CDC-15  Warning   Clock enable controlled CDC structure detected          0  Asynch Clock Groups  family_active_reg/C                                                       u_demo_interp_dac8_audio_pcm_common/gen_dual_rate_test_tone.u_dual_rate_test_tone_rom_source/rd_addr_reg[6]/R
 13  CDC-15  Warning   Clock enable controlled CDC structure detected          0  Asynch Clock Groups  family_active_reg/C                                                       u_demo_interp_dac8_audio_pcm_common/gen_dual_rate_test_tone.u_dual_rate_test_tone_rom_source/rd_addr_reg[7]/D
 14  CDC-15  Warning   Clock enable controlled CDC structure detected          0  Asynch Clock Groups  family_active_reg/C                                                       u_demo_interp_dac8_audio_pcm_common/gen_dual_rate_test_tone.u_dual_rate_test_tone_rom_source/rd_addr_reg[7]/S
 15  CDC-15  Warning   Clock enable controlled CDC structure detected          0  Asynch Clock Groups  family_active_reg/C                                                       u_demo_interp_dac8_audio_pcm_common/gen_dual_rate_test_tone.u_dual_rate_test_tone_rom_source/rd_addr_reg_rep[0]/D
 16  CDC-15  Warning   Clock enable controlled CDC structure detected          0  Asynch Clock Groups  family_active_reg/C                                                       u_demo_interp_dac8_audio_pcm_common/gen_dual_rate_test_tone.u_dual_rate_test_tone_rom_source/rd_addr_reg_rep[0]/S
 17  CDC-15  Warning   Clock enable controlled CDC structure detected          0  Asynch Clock Groups  family_active_reg/C                                                       u_demo_interp_dac8_audio_pcm_common/gen_dual_rate_test_tone.u_dual_rate_test_tone_rom_source/rd_addr_reg_rep[1]/D
 18  CDC-15  Warning   Clock enable controlled CDC structure detected          0  Asynch Clock Groups  family_active_reg/C                                                       u_demo_interp_dac8_audio_pcm_common/gen_dual_rate_test_tone.u_dual_rate_test_tone_rom_source/rd_addr_reg_rep[1]/S
 19  CDC-15  Warning   Clock enable controlled CDC structure detected          0  Asynch Clock Groups  family_active_reg/C                                                       u_demo_interp_dac8_audio_pcm_common/gen_dual_rate_test_tone.u_dual_rate_test_tone_rom_source/rd_addr_reg_rep[2]/R
 20  CDC-15  Warning   Clock enable controlled CDC structure detected          0  Asynch Clock Groups  family_active_reg/C                                                       u_demo_interp_dac8_audio_pcm_common/gen_dual_rate_test_tone.u_dual_rate_test_tone_rom_source/rd_addr_reg_rep[3]/R
 21  CDC-15  Warning   Clock enable controlled CDC structure detected          0  Asynch Clock Groups  family_active_reg/C                                                       u_demo_interp_dac8_audio_pcm_common/gen_dual_rate_test_tone.u_dual_rate_test_tone_rom_source/rd_addr_reg_rep[4]/D
 22  CDC-15  Warning   Clock enable controlled CDC structure detected          0  Asynch Clock Groups  family_active_reg/C                                                       u_demo_interp_dac8_audio_pcm_common/gen_dual_rate_test_tone.u_dual_rate_test_tone_rom_source/rd_addr_reg_rep[4]/S
 23  CDC-15  Warning   Clock enable controlled CDC structure detected          0  Asynch Clock Groups  family_active_reg/C                                                       u_demo_interp_dac8_audio_pcm_common/gen_dual_rate_test_tone.u_dual_rate_test_tone_rom_source/rd_addr_reg_rep[5]/R
 24  CDC-15  Warning   Clock enable controlled CDC structure detected          0  Asynch Clock Groups  family_active_reg/C                                                       u_demo_interp_dac8_audio_pcm_common/gen_dual_rate_test_tone.u_dual_rate_test_tone_rom_source/rd_addr_reg_rep[6]/R
 25  CDC-15  Warning   Clock enable controlled CDC structure detected          0  Asynch Clock Groups  family_active_reg/C                                                       u_demo_interp_dac8_audio_pcm_common/gen_dual_rate_test_tone.u_dual_rate_test_tone_rom_source/rd_addr_reg_rep[7]/D
 26  CDC-15  Warning   Clock enable controlled CDC structure detected          0  Asynch Clock Groups  family_active_reg/C                                                       u_demo_interp_dac8_audio_pcm_common/gen_dual_rate_test_tone.u_dual_rate_test_tone_rom_source/rd_addr_reg_rep[7]/S
 27  CDC-13  Critical  1-bit CDC path on a non-FD primitive                    0  Asynch Clock Groups  family_active_reg/C                                                       u_dual_family_audio_clock/u_bufgmux_audio_family/S1

