Copyright 1986-2018 Xilinx, Inc. All Rights Reserved.
-----------------------------------------------------------------------------------------------------------------------------------------------------------------------------------------------------------------------------------------
| Tool Version : Vivado v.2018.3 (win64) Build 2405991 Thu Dec  6 23:38:27 MST 2018
| Date         : Fri Jul 31 22:44:18 2026
| Host         : LAPTOP-476JT8H0 running 64-bit major release  (build 9200)
| Command      : report_clock_interaction -delay_type min_max -file D:/FpgaProject/XilinxProject/XC7A35T/fir_interpolation/matlab_fir/national_finals/vivado_results/board_dual_rate_cic5_comb_lut_v1_final/clock_interaction_routed.rpt
| Design       : board_demo_competition_dac8_top
| Device       : 7a35t-fgg484
| Speed File   : -2  PRODUCTION 1.23 2018-06-13
-----------------------------------------------------------------------------------------------------------------------------------------------------------------------------------------------------------------------------------------

Clock Interaction Report

Clock Interaction Table
-----------------------

                            WNS                            TNS Failing  TNS Total    WNS Path         WHS                            THS Failing  THS Total    WHS Path         Clock-Pair           Inter-Clock          
From Clock    To Clock      Clock Edges  WNS(ns)  TNS(ns)    Endpoints    Endpoints  Requirement(ns)  Clock Edges  WHS(ns)  THS(ns)    Endpoints    Endpoints  Requirement(ns)  Classification       Constraints          
------------  ------------  -----------  -------  -------  -----------  -----------  ---------------  -----------  -------  -------  -----------  -----------  ---------------  -------------------  -------------------  
clk_20M       clk_20M       rise - rise    45.66     0.00            0          123            50.00  rise - rise     0.22     0.00            0          123             0.00  Clean                Timed                
clk_20M       clk_44k1_raw                                           0           30                                                            0           30                   Ignored              Asynchronous Groups  
clk_20M       clk_48k_raw                                            0           30                                                            0           30                   Ignored              Asynchronous Groups  
clk_44k1_raw  clk_44k1_raw  rise - fall    84.20     0.00            0         1588            88.58  rise - rise     0.12     0.00            0         1588             0.00  Clean                Timed                
clk_44k1_raw  clk_48k_raw                                            0         1588                                                            0         1588                   Ignored              Exclusive Groups     
clk_48k_raw   clk_44k1_raw                                           0         1588                                                            0         1588                   Ignored              Exclusive Groups     
clk_48k_raw   clk_48k_raw   rise - fall    77.21     0.00            0         1588            81.38  rise - rise     0.12     0.00            0         1588             0.00  Clean                Timed                


