Copyright 1986-2018 Xilinx, Inc. All Rights Reserved.
-----------------------------------------------------------------------------------------------------------------------------------------------------------------------------------------------------------------------------
| Tool Version : Vivado v.2018.3 (win64) Build 2405991 Thu Dec  6 23:38:27 MST 2018
| Date         : Fri Jul 31 22:44:17 2026
| Host         : LAPTOP-476JT8H0 running 64-bit major release  (build 9200)
| Command      : report_utilization -hierarchical -file D:/FpgaProject/XilinxProject/XC7A35T/fir_interpolation/matlab_fir/national_finals/vivado_results/board_dual_rate_cic5_comb_lut_v1_final/utilization_hierarchical.rpt
| Design       : board_demo_competition_dac8_top
| Device       : 7a35tfgg484-2
| Design State : Routed
-----------------------------------------------------------------------------------------------------------------------------------------------------------------------------------------------------------------------------

Utilization Design Information

Table of Contents
-----------------
1. Utilization by Hierarchy

1. Utilization by Hierarchy
---------------------------

+----------------------------------------------------------------------+------------------------------------------------------+------------+------------+---------+------+-----+--------+--------+--------------+
|                               Instance                               |                        Module                        | Total LUTs | Logic LUTs | LUTRAMs | SRLs | FFs | RAMB36 | RAMB18 | DSP48 Blocks |
+----------------------------------------------------------------------+------------------------------------------------------+------------+------------+---------+------+-----+--------+--------+--------------+
| board_demo_competition_dac8_top                                      |                                                (top) |        436 |        436 |       0 |    0 | 471 |      0 |      6 |            5 |
|   (board_demo_competition_dac8_top)                                  |                                                (top) |         17 |         17 |       0 |    0 |  37 |      0 |      0 |            0 |
|   gen_compact_keypad.u_matrix_keypad_mode_ctrl_compact               |                      matrix_keypad_mode_ctrl_compact |         30 |         30 |       0 |    0 |  26 |      0 |      0 |            0 |
|   u_demo_interp_dac8_audio_pcm_common                                |                    demo_interp_dac8_audio_pcm_common |        388 |        388 |       0 |    0 | 408 |      0 |      6 |            5 |
|     (u_demo_interp_dac8_audio_pcm_common)                            |                    demo_interp_dac8_audio_pcm_common |          6 |          6 |       0 |    0 |  18 |      0 |      0 |            0 |
|     gen_dual_rate_test_tone.u_dual_rate_test_tone_rom_source         |                       dual_rate_test_tone_rom_source |         33 |         33 |       0 |    0 |  17 |      0 |      1 |            0 |
|     gen_phase7_folded.u_interp128_all2x_v7_folded_fir_cic_top_ce     |             interp128_all2x_v7_folded_fir_cic_top_ce |        350 |        350 |       0 |    0 | 373 |      0 |      5 |            5 |
|       (gen_phase7_folded.u_interp128_all2x_v7_folded_fir_cic_top_ce) |             interp128_all2x_v7_folded_fir_cic_top_ce |          1 |          1 |       0 |    0 |   0 |      0 |      0 |            0 |
|       gen_cic3_shiftadd_compensator.u_cic3_compensator_shiftadd_ce   |                         cic3_compensator_shiftadd_ce |         41 |         41 |       0 |    0 |  40 |      0 |      0 |            0 |
|       gen_lutram_stage23.u_interp2_stage23_lutram_cic_dsp_ce         |                    interp2_stage23_lutram_cic_dsp_ce |        104 |        104 |       0 |    0 |  82 |      0 |      2 |            1 |
|       gen_serial_cic_comb.u_cic_interp16_serial_comb_dsp_ce          |                      cic_interp16_serial_comb_dsp_ce |         41 |         41 |       0 |    0 | 143 |      0 |      0 |            3 |
|         (gen_serial_cic_comb.u_cic_interp16_serial_comb_dsp_ce)      |                      cic_interp16_serial_comb_dsp_ce |         35 |         35 |       0 |    0 | 143 |      0 |      0 |            3 |
|         u_round_cic_normalized_output                                |                              round_sat_shift_compact |          6 |          6 |       0 |    0 |   0 |      0 |      0 |            0 |
|       gen_unified_fir_coeff_bram.u_nf_unified_fir_coeff_bram         |                            nf_unified_fir_coeff_bram |          1 |          1 |       0 |    0 |   2 |      0 |      1 |            0 |
|       u_bridge_2_to_4_quantized                                      |                 bridge_valid_quantized_to_interp2_ce |         23 |         23 |       0 |    0 |   2 |      0 |      0 |            0 |
|         (u_bridge_2_to_4_quantized)                                  |                 bridge_valid_quantized_to_interp2_ce |          1 |          1 |       0 |    0 |   2 |      0 |      0 |            0 |
|         u_round_sat_shift_compact                                    |              round_sat_shift_compact__parameterized0 |         22 |         22 |       0 |    0 |   0 |      0 |      0 |            0 |
|       u_bridge_4_to_8_quantized                                      | bridge_valid_quantized_to_interp2_ce__parameterized0 |         21 |         21 |       0 |    0 |   2 |      0 |      0 |            0 |
|         (u_bridge_4_to_8_quantized)                                  | bridge_valid_quantized_to_interp2_ce__parameterized0 |          2 |          2 |       0 |    0 |   2 |      0 |      0 |            0 |
|         u_round_sat_shift_compact                                    |              round_sat_shift_compact__parameterized1 |         19 |         19 |       0 |    0 |   0 |      0 |      0 |            0 |
|       u_interp2_stage1_strict_halfband_bram_ce                       |               interp2_stage1_strict_halfband_bram_ce |        118 |        118 |       0 |    0 | 102 |      0 |      2 |            1 |
|   u_dual_family_audio_clock                                          |                              dual_family_audio_clock |          1 |          1 |       0 |    0 |   0 |      0 |      0 |            0 |
+----------------------------------------------------------------------+------------------------------------------------------+------------+------------+---------+------+-----+--------+--------+--------------+
* Note: The sum of lower-level cells may be larger than their parent cells total, due to cross-hierarchy LUT combining


