#-----------------------------------------------------------
# Vivado v2018.3 (64-bit)
# SW Build 2405991 on Thu Dec  6 23:38:27 MST 2018
# IP Build 2404404 on Fri Dec  7 01:43:56 MST 2018
# Start of session at: Mon Aug  3 17:40:05 2026
# Process ID: 17992
# Current directory: D:/FpgaProject/XilinxProject/XC7A35T/fir_interpolation/matlab_fir/national_finals/_work
# Command line: vivado.exe -mode batch -source D:\FpgaProject\XilinxProject\XC7A35T\fir_interpolation\matlab_fir\national_finals\vivado\configure_national_finals_gui_project.tcl
# Log file: D:/FpgaProject/XilinxProject/XC7A35T/fir_interpolation/matlab_fir/national_finals/_work/vivado.log
# Journal file: D:/FpgaProject/XilinxProject/XC7A35T/fir_interpolation/matlab_fir/national_finals/_work\vivado.jou
#-----------------------------------------------------------
CRITICAL WARNING: [Common 17-741] No write access right to the local Tcl store at 'C'. XilinxTclStore is reverted to the installation area. If you want to use local Tcl Store, please change the access right and relaunch Vivado.
source {D:\FpgaProject\XilinxProject\XC7A35T\fir_interpolation\matlab_fir\national_finals\vivado\configure_national_finals_gui_project.tcl}
# set script_dir [file dirname [file normalize [info script]]]
# set repo_dir [file normalize [file join $script_dir .. .. ..]]
# set project_file [file join $repo_dir \
#     XC7A35T_interp_audio_pcm_wordlen_opt XC7A35T_interp.xpr]
# set project_src_dir [file join $repo_dir XC7A35T_interp_audio_pcm_wordlen_opt \
#     XC7A35T_interp.srcs sources_1 new]
# set signedoff_wrapper [file join $project_src_dir national_finals \
#     nf_signedoff_filter_core.v]
# set ultracompact_keypad [file join $project_src_dir national_finals \
#     matrix_keypad_mode_ctrl_ultracompact.v]
# set daily_vector_dir [file join $repo_dir matlab_fir national_finals \
#     vectors p3j_daily]
# proc require_condition {condition message} {
#     if {!$condition} {
#         error $message
#     }
# }
# proc require_generic {generic_text name value} {
#     set expected "${name}=${value}"
#     require_condition \
#         [expr {[lsearch -exact $generic_text $expected] >= 0}] \
#         "GUI project generic mismatch: expected $expected"
# }
# open_project $project_file
INFO: [ProjectBase 1-489] The host OS only allows 260 characters in a normal path. The project is stored in a path with more than 80 characters. If you experience issues with IP, Block Designs, or files not being found, please consider moving the project to a location with a shorter path. Alternately consider using the OS subst command to map part of the path to a drive letter.
Current project path is 'D:/FpgaProject/XilinxProject/XC7A35T/fir_interpolation/XC7A35T_interp_audio_pcm_wordlen_opt'
Scanning sources...
Finished scanning sources
WARNING: [Project 1-509] GeneratedRun file for 'impl_1' not found
INFO: [IP_Flow 19-234] Refreshing IP repositories
INFO: [IP_Flow 19-1704] No user IP repositories specified
INFO: [IP_Flow 19-2313] Loaded Vivado IP repository 'E:/app/Xilinx2018.3/Vivado/2018.3/data/ip'.
# set source_set [get_filesets sources_1]
# require_condition [file exists $signedoff_wrapper] \
#     "Signed-off wrapper is missing: $signedoff_wrapper"
# if {[llength [get_files -quiet -of_objects $source_set $signedoff_wrapper]] == 0} {
#     add_files -fileset sources_1 -norecurse $signedoff_wrapper
# }
# require_condition [file exists $ultracompact_keypad] \
#     "Ultra-compact keypad source is missing: $ultracompact_keypad"
# if {[llength [get_files -quiet -of_objects $source_set $ultracompact_keypad]] == 0} {
#     add_files -fileset sources_1 -norecurse $ultracompact_keypad
# }
# set project_generics [get_property generic $source_set]
# if {[lsearch -exact $project_generics "USE_ULTRACOMPACT_KEYPAD=1"] < 0} {
#     lappend project_generics "USE_ULTRACOMPACT_KEYPAD=1"
#     set_property generic $project_generics $source_set
# }
# require_generic $project_generics USE_ULTRACOMPACT_KEYPAD 1
# require_generic $project_generics USE_NATIONAL_FINALS_DATAPATH 1
# require_generic $project_generics USE_NATIONAL_FINALS_SERIAL_CIC_COMB 1
# require_generic $project_generics USE_NATIONAL_FINALS_N3_HOLD_EQUIV 1
# require_generic $project_generics USE_PHASE7_UNIFIED_BRAM_STAGE23_HISTORY 1
# require_generic $project_generics USE_NATIONAL_FINALS_SINGLE_BRAM_STAGE1 1
# require_generic $project_generics USE_NATIONAL_FINALS_STAGE1_DSP48_PREADDER 1
# require_generic $project_generics USE_NATIONAL_FINALS_CIC_INTEGRATOR_DSP_MODE 2
# require_generic $project_generics USE_NATIONAL_FINALS_NARROW_STAGE23 1
# require_generic $project_generics USE_NATIONAL_FINALS_P3_JOINT_STAGE3 1
# set_property STEPS.SYNTH_DESIGN.ARGS.DIRECTIVE AreaOptimized_high \
#     [get_runs synth_1]
# set_property STEPS.SYNTH_DESIGN.ARGS.FLATTEN_HIERARCHY full \
#     [get_runs synth_1]
# set_property STEPS.SYNTH_DESIGN.ARGS.RESOURCE_SHARING on \
#     [get_runs synth_1]
# set_property STEPS.OPT_DESIGN.ARGS.DIRECTIVE Default \
#     [get_runs impl_1]
# set sim_set [get_filesets sim_1]
# set daily_vector_names [list \
#     impulse_input_24bit.mem \
#     impulse_y4_golden_24bit.mem \
#     impulse_y8_golden_24bit.mem \
#     impulse_y128_golden_24bit.mem \
#     random_seed01_input_24bit.mem \
#     random_seed01_y4_golden_24bit.mem \
#     random_seed01_y8_golden_24bit.mem \
#     random_seed01_y128_golden_24bit.mem]
# foreach vector_name $daily_vector_names {
#     set vector_path [file join $daily_vector_dir $vector_name]
#     require_condition [file exists $vector_path] \
#         "GUI simulation asset is missing: $vector_path"
#     foreach existing_vector [get_files -quiet -of_objects $sim_set \
#             "*$vector_name"] {
#         if {[file normalize $existing_vector] ne [file normalize $vector_path]} {
#             remove_files -fileset sim_1 $existing_vector
#         }
#     }
#     if {[llength [get_files -quiet -of_objects $sim_set $vector_path]] == 0} {
#         add_files -fileset sim_1 -norecurse $vector_path
#     }
#     set vector_file [get_files -quiet -of_objects $sim_set $vector_path]
#     set_property file_type {Memory Initialization Files} $vector_file
#     set_property used_in_simulation true $vector_file
# }
# set_property top tb_phase7_full_chain_bittrue $sim_set
# set_property verilog_define [list] $sim_set
# update_compile_order -fileset sim_1
# puts "NATIONAL_FINALS_GUI_SIM_CONFIGURED"
NATIONAL_FINALS_GUI_SIM_CONFIGURED
# puts "GUI_SIM_TOP=[get_property top $sim_set]"
GUI_SIM_TOP=tb_phase7_full_chain_bittrue
# puts "GUI_SIM_DEFINES=[get_property verilog_define $sim_set]"
GUI_SIM_DEFINES=
# puts "GUI_SIM_ASSET_COUNT=[llength $daily_vector_names]"
GUI_SIM_ASSET_COUNT=8
# puts "GUI_SYNTH_DIRECTIVE=[get_property STEPS.SYNTH_DESIGN.ARGS.DIRECTIVE [get_runs synth_1]]"
GUI_SYNTH_DIRECTIVE=AreaOptimized_high
# puts "GUI_FLATTEN_HIERARCHY=[get_property STEPS.SYNTH_DESIGN.ARGS.FLATTEN_HIERARCHY [get_runs synth_1]]"
GUI_FLATTEN_HIERARCHY=full
# puts "GUI_RESOURCE_SHARING=[get_property STEPS.SYNTH_DESIGN.ARGS.RESOURCE_SHARING [get_runs synth_1]]"
GUI_RESOURCE_SHARING=on
# puts "GUI_OPT_DIRECTIVE=[get_property STEPS.OPT_DESIGN.ARGS.DIRECTIVE [get_runs impl_1]]"
GUI_OPT_DIRECTIVE=Default
# close_project
INFO: [Common 17-206] Exiting Vivado at Mon Aug  3 17:40:15 2026...
