#-----------------------------------------------------------
# xsim v2018.3 (64-bit)
# SW Build 2405991 on Thu Dec  6 23:38:27 MST 2018
# IP Build 2404404 on Fri Dec  7 01:43:56 MST 2018
# Start of session at: Mon Aug  3 00:11:32 2026
# Process ID: 33764
# Current directory: D:/FpgaProject/XilinxProject/XC7A35T/fir_interpolation/matlab_fir/national_finals/_work/rtl_regression/20260803_000818/full_chain_bittrue
# Command line: xsim.exe -mode tcl -source {xsim.dir/tb_nf_full_final_sim/xsim_script.tcl}
# Log file: D:/FpgaProject/XilinxProject/XC7A35T/fir_interpolation/matlab_fir/national_finals/_work/rtl_regression/20260803_000818/full_chain_bittrue/xsim.log
# Journal file: D:/FpgaProject/XilinxProject/XC7A35T/fir_interpolation/matlab_fir/national_finals/_work/rtl_regression/20260803_000818/full_chain_bittrue\xsim.jou
#-----------------------------------------------------------
source xsim.dir/tb_nf_full_final_sim/xsim_script.tcl
# xsim {tb_nf_full_final_sim} -autoloadwcfg -runall
Vivado Simulator 2018.3
Time resolution is 1 ps
run -all
PHASE7 FULL CHAIN case=1 PASS y4=1245 y8=2499 y128=40032
PHASE7 FULL CHAIN case=2 PASS y4=4317 y8=8643 y128=138336
PHASE7 FULL CHAIN BITTRUE PASS: impulse + 1 seeds, reset-zero prefixes and all nodes 0 LSB.
$finish called at time : 3722160772 ps : File "D:/FpgaProject/XilinxProject/XC7A35T/fir_interpolation/XC7A35T_interp_audio_pcm_wordlen_opt/XC7A35T_interp.srcs/sim_1/new/all2x_v7/verification/tb_phase7_full_chain_bittrue.v" Line 575
run: Time (s): cpu = 00:00:00 ; elapsed = 00:00:21 . Memory (MB): peak = 218.262 ; gain = 0.000
exit
INFO: [Common 17-206] Exiting xsim at Mon Aug  3 00:11:57 2026...
