Copyright 1986-2022 Xilinx, Inc. All Rights Reserved. Copyright 2022-2025 Advanced Micro Devices, Inc. All Rights Reserved.
-------------------------------------------------------------------------------------------------------------------------------------------------------------------------------------------------------------------------------------------------------------------------------------------------
| Tool Version : Vivado v.2025.2 (win64) Build 6299465 Fri Nov 14 19:35:11 GMT 2025
| Date         : Sun Aug 16 20:43:44 2026
| Host         : LAPTOP-476JT8H0 running 64-bit major release  (build 9200)
| Command      : report_utilization -hierarchical -hierarchical_min_primitive_count 0 -file D:/FpgaProject/XilinxProject/XC7A35T/fir_interpolation/submit/finally/XC7A35T_interp_DSP3_LUT239_2025.2/tools/vivado_2025_2/core_ooc/results/20260816_204232/utilization_post_route_hierarchical.rpt
| Design       : interp128_all2x_v7_folded_fir_cic_top_ce
| Device       : xc7a35tfgg484-2
| Speed File   : -2
| Design State : Routed
-------------------------------------------------------------------------------------------------------------------------------------------------------------------------------------------------------------------------------------------------------------------------------------------------

Utilization Design Information

Table of Contents
-----------------
1. Utilization by Hierarchy

1. Utilization by Hierarchy
---------------------------

+------------------------------------------+--------+------------+------------+---------+------+-----+--------+--------+------------+
|                 Instance                 | Module | Total LUTs | Logic LUTs | LUTRAMs | SRLs | FFs | RAMB36 | RAMB18 | DSP Blocks |
+------------------------------------------+--------+------------+------------+---------+------+-----+--------+--------+------------+
| interp128_all2x_v7_folded_fir_cic_top_ce |  (top) |        212 |        212 |       0 |    0 | 302 |      0 |      3 |          3 |
+------------------------------------------+--------+------------+------------+---------+------+-----+--------+--------+------------+
* Note: The sum of lower-level cells may be larger than their parent cells total, due to cross-hierarchy LUT combining


