Copyright 1986-2022 Xilinx, Inc. All Rights Reserved. Copyright 2022-2025 Advanced Micro Devices, Inc. All Rights Reserved.
---------------------------------------------------------------------------------------------------------------------------------------------------------------------------------------
| Tool Version : Vivado v.2025.2 (win64) Build 6299465 Fri Nov 14 19:35:11 GMT 2025
| Date         : Tue Aug 11 23:19:13 2026
| Host         : LAPTOP-476JT8H0 running 64-bit major release  (build 9200)
| Command      : report_cdc -details -file D:/FpgaProject/XilinxProject/XC7A35T/fir_interpolation/XC7A35T_interp_opt_2025.2/tools/vivado_2025_2/results/20260811_231722/cdc_routed.rpt
| Design       : board_demo_competition_dac8_top
| Device       : 7a35t-fgg484
| Speed File   : -2  PRODUCTION 1.23 2018-06-13
| Design State : Routed
---------------------------------------------------------------------------------------------------------------------------------------------------------------------------------------

CDC Report

ID      Severity  Count  Description
------  --------  -----  ----------------------------------------------
CDC-3   Info         10  1-bit synchronized with ASYNC_REG property
CDC-13  Critical      2  1-bit CDC path on a non-FD primitive
CDC-15  Warning       4  Clock enable controlled CDC structure detected

Source Clock: input port clock
Destination Clock: clk_20M
CDC Type: No Common Primary Clock

Row  ID     Severity  Description                                 Depth  Exception   Source (From)  Destination (To)
---  -----  --------  ------------------------------------------  -----  ----------  -------------  -------------------------------------------------------------------------------------------
  1  CDC-3  Info      1-bit synchronized with ASYNC_REG property      2  False Path  key_kc[0]      gen_compact_keypad.gen_ultracompact.u_matrix_keypad_mode_ctrl_ultracompact/kc_meta_reg[0]/D
  2  CDC-3  Info      1-bit synchronized with ASYNC_REG property      2  False Path  key_kc[1]      gen_compact_keypad.gen_ultracompact.u_matrix_keypad_mode_ctrl_ultracompact/kc_meta_reg[1]/D

Source Clock: u_dual_family_audio_clock/clk_44k1_raw
Destination Clock: clk_20M
CDC Type: No Common Period

Row  ID     Severity  Description                                 Depth  Exception   Source (From)                             Destination (To)
---  -----  --------  ------------------------------------------  -----  ----------  ----------------------------------------  --------------------------------------
  1  CDC-3  Info      1-bit synchronized with ASYNC_REG property      2  False Path  u_nf_mode_cdc_handshake/ack_toggle_reg/C  u_nf_mode_cdc_handshake/ack_meta_reg/D

Source Clock: u_dual_family_audio_clock/clk_48k_raw
Destination Clock: clk_20M
CDC Type: User Ignored

Row  ID     Severity  Description                                 Depth  Exception   Source (From)                             Destination (To)
---  -----  --------  ------------------------------------------  -----  ----------  ----------------------------------------  --------------------------------------
  1  CDC-3  Info      1-bit synchronized with ASYNC_REG property      2  False Path  u_nf_mode_cdc_handshake/ack_toggle_reg/C  u_nf_mode_cdc_handshake/ack_meta_reg/D

Source Clock: clk_20M
Destination Clock: u_dual_family_audio_clock/clk_44k1_raw
CDC Type: No Common Period

Row  ID      Severity  Description                                     Depth  Exception                Source (From)                                  Destination (To)
---  ------  --------  ----------------------------------------------  -----  -----------------------  ---------------------------------------------  ---------------------------------------------------
  1  CDC-3   Info      1-bit synchronized with ASYNC_REG property          2  False Path               gen_shared_family_guard.family_active_r_reg/C  family_audio_meta_reg/D
  2  CDC-3   Info      1-bit synchronized with ASYNC_REG property          6  False Path               rst_audio_request_n_sys_reg/C                  rst_request_sync_reg[0]/D
  3  CDC-13  Critical  1-bit CDC path on a non-FD primitive                0  False Path               gen_shared_family_guard.family_active_r_reg/C  u_dual_family_audio_clock/u_bufgmux_audio_family/S0
  4  CDC-15  Warning   Clock enable controlled CDC structure detected      0  Max Delay Datapath Only  u_nf_mode_cdc_handshake/mode_shadow_reg[0]/C   u_nf_mode_cdc_handshake/audio_mode_reg[0]/D
  5  CDC-15  Warning   Clock enable controlled CDC structure detected      0  Max Delay Datapath Only  u_nf_mode_cdc_handshake/mode_shadow_reg[1]/C   u_nf_mode_cdc_handshake/audio_mode_reg[1]/D
  6  CDC-3   Info      1-bit synchronized with ASYNC_REG property          2  False Path               u_nf_mode_cdc_handshake/req_toggle_reg/C       u_nf_mode_cdc_handshake/req_meta_reg/D

Source Clock: clk_20M
Destination Clock: u_dual_family_audio_clock/clk_48k_raw
CDC Type: Safely Timed

Row  ID      Severity  Description                                     Depth  Exception                Source (From)                                  Destination (To)
---  ------  --------  ----------------------------------------------  -----  -----------------------  ---------------------------------------------  ---------------------------------------------------
  1  CDC-3   Info      1-bit synchronized with ASYNC_REG property          2  False Path               gen_shared_family_guard.family_active_r_reg/C  family_audio_meta_reg/D
  2  CDC-3   Info      1-bit synchronized with ASYNC_REG property          6  False Path               rst_audio_request_n_sys_reg/C                  rst_request_sync_reg[0]/D
  3  CDC-13  Critical  1-bit CDC path on a non-FD primitive                0  False Path               gen_shared_family_guard.family_active_r_reg/C  u_dual_family_audio_clock/u_bufgmux_audio_family/S1
  4  CDC-15  Warning   Clock enable controlled CDC structure detected      0  Max Delay Datapath Only  u_nf_mode_cdc_handshake/mode_shadow_reg[0]/C   u_nf_mode_cdc_handshake/audio_mode_reg[0]/D
  5  CDC-15  Warning   Clock enable controlled CDC structure detected      0  Max Delay Datapath Only  u_nf_mode_cdc_handshake/mode_shadow_reg[1]/C   u_nf_mode_cdc_handshake/audio_mode_reg[1]/D
  6  CDC-3   Info      1-bit synchronized with ASYNC_REG property          2  False Path               u_nf_mode_cdc_handshake/req_toggle_reg/C       u_nf_mode_cdc_handshake/req_meta_reg/D

