Copyright 1986-2022 Xilinx, Inc. All Rights Reserved. Copyright 2022-2025 Advanced Micro Devices, Inc. All Rights Reserved.
----------------------------------------------------------------------------------------------------------------------------------------------------------------------------------------------
| Tool Version : Vivado v.2025.2 (win64) Build 6299465 Fri Nov 14 19:35:11 GMT 2025
| Date         : Tue Aug 11 23:19:14 2026
| Host         : LAPTOP-476JT8H0 running 64-bit major release  (build 9200)
| Command      : report_methodology -file D:/FpgaProject/XilinxProject/XC7A35T/fir_interpolation/XC7A35T_interp_opt_2025.2/tools/vivado_2025_2/results/20260811_231722/methodology_routed.rpt
| Design       : board_demo_competition_dac8_top
| Device       : xc7a35tfgg484-2
| Speed File   : -2
| Design State : Fully Routed
----------------------------------------------------------------------------------------------------------------------------------------------------------------------------------------------

Report Methodology

Table of Contents
-----------------
1. REPORT SUMMARY
2. REPORT DETAILS

1. REPORT SUMMARY
-----------------
            Netlist: board_demo_competition_dac8_top
          Floorplan: design_1
      Design limits: <entire design considered>
             Max checks: <unlimited>
             Checks found: 9
+-----------+----------+--------------------------------------------+--------+
| Rule      | Severity | Description                                | Checks |
+-----------+----------+--------------------------------------------+--------+
| SYNTH-6   | Warning  | Timing of a RAM block might be sub-optimal | 1      |
| TIMING-18 | Warning  | Missing input or output delay              | 8      |
+-----------+----------+--------------------------------------------+--------+

2. REPORT DETAILS
-----------------
SYNTH-6#1 Warning
Timing of a RAM block might be sub-optimal  
The timing for the instance u_demo_interp_dac8_audio_pcm_common/gen_dual_rate_test_tone.u_dual_rate_test_tone_rom_source/rom_word_q_reg, implemented as a RAM block, might be sub-optimal as no output register was merged into the block.
Related violations: <none>

TIMING-18#1 Warning
Missing input or output delay  
An output delay is missing on dac_data[0] relative to the rising and/or falling clock edge(s) of dac_clk_44k1_128x, dac_clk_48k_128x.
Related violations: <none>

TIMING-18#2 Warning
Missing input or output delay  
An output delay is missing on dac_data[1] relative to the rising and/or falling clock edge(s) of dac_clk_44k1_128x, dac_clk_48k_128x.
Related violations: <none>

TIMING-18#3 Warning
Missing input or output delay  
An output delay is missing on dac_data[2] relative to the rising and/or falling clock edge(s) of dac_clk_44k1_128x, dac_clk_48k_128x.
Related violations: <none>

TIMING-18#4 Warning
Missing input or output delay  
An output delay is missing on dac_data[3] relative to the rising and/or falling clock edge(s) of dac_clk_44k1_128x, dac_clk_48k_128x.
Related violations: <none>

TIMING-18#5 Warning
Missing input or output delay  
An output delay is missing on dac_data[4] relative to the rising and/or falling clock edge(s) of dac_clk_44k1_128x, dac_clk_48k_128x.
Related violations: <none>

TIMING-18#6 Warning
Missing input or output delay  
An output delay is missing on dac_data[5] relative to the rising and/or falling clock edge(s) of dac_clk_44k1_128x, dac_clk_48k_128x.
Related violations: <none>

TIMING-18#7 Warning
Missing input or output delay  
An output delay is missing on dac_data[6] relative to the rising and/or falling clock edge(s) of dac_clk_44k1_128x, dac_clk_48k_128x.
Related violations: <none>

TIMING-18#8 Warning
Missing input or output delay  
An output delay is missing on dac_data[7] relative to the rising and/or falling clock edge(s) of dac_clk_44k1_128x, dac_clk_48k_128x.
Related violations: <none>


