Copyright 1986-2018 Xilinx, Inc. All Rights Reserved.
----------------------------------------------------------------------------------------------------------------------------------------------------------------------------------------------------------------------------------------------------------
| Tool Version : Vivado v.2018.3 (win64) Build 2405991 Thu Dec  6 23:38:27 MST 2018
| Date         : Mon Aug  3 01:01:04 2026
| Host         : LAPTOP-476JT8H0 running 64-bit major release  (build 9200)
| Command      : report_clock_interaction -delay_type min_max -file D:/FpgaProject/XilinxProject/XC7A35T/fir_interpolation/matlab_fir/national_finals/vivado_results/p3j_final_430lut_431ff_176slice_4dsp_2bram_reproducible/clock_interaction_routed.rpt
| Design       : board_demo_competition_dac8_top
| Device       : 7a35t-fgg484
| Speed File   : -2  PRODUCTION 1.23 2018-06-13
----------------------------------------------------------------------------------------------------------------------------------------------------------------------------------------------------------------------------------------------------------

Clock Interaction Report

Clock Interaction Table
-----------------------

                                                                                WNS                            TNS Failing  TNS Total    WNS Path         WHS                            THS Failing  THS Total    WHS Path         Clock-Pair           Inter-Clock              
From Clock                              To Clock                                Clock Edges  WNS(ns)  TNS(ns)    Endpoints    Endpoints  Requirement(ns)  Clock Edges  WHS(ns)  THS(ns)    Endpoints    Endpoints  Requirement(ns)  Classification       Constraints              
--------------------------------------  --------------------------------------  -----------  -------  -------  -----------  -----------  ---------------  -----------  -------  -------  -----------  -----------  ---------------  -------------------  -----------------------  
clk_20M                                 clk_20M                                 rise - rise    45.64     0.00            0          140            50.00  rise - rise     0.12     0.00            0          140             0.00  Clean                Timed                    
clk_20M                                 u_dual_family_audio_clock/clk_44k1_raw  rise - rise    49.04     0.00            0            6            50.00                                           0            6                   Ignored              Max Delay Datapath Only  
clk_20M                                 u_dual_family_audio_clock/clk_48k_raw   rise - rise    49.04     0.00            0            6            50.00                                           0            6                   Ignored              Max Delay Datapath Only  
u_dual_family_audio_clock/clk_44k1_raw  clk_20M                                                                          0            1                                                            0            1                   Ignored              False Path               
u_dual_family_audio_clock/clk_44k1_raw  dac_clk_44k1_128x                       fall - rise    84.29     0.00            0            8            88.58  fall - rise    86.29     0.00            0            8           -88.58  Clean                Timed                    
u_dual_family_audio_clock/clk_44k1_raw  dac_clk_48k_128x                                                                 0            8                                                            0            8                   Ignored              Exclusive Groups         
u_dual_family_audio_clock/clk_44k1_raw  u_dual_family_audio_clock/clk_44k1_raw  rise - fall    83.06     0.00            0         1401            88.58  rise - rise     0.12     0.00            0         1401             0.00  Clean                Timed                    
u_dual_family_audio_clock/clk_44k1_raw  u_dual_family_audio_clock/clk_48k_raw                                            0         1401                                                            0         1401                   Ignored              Exclusive Groups         
u_dual_family_audio_clock/clk_48k_raw   clk_20M                                                                          0            1                                                            0            1                   Ignored              False Path               
u_dual_family_audio_clock/clk_48k_raw   dac_clk_44k1_128x                                                                0            8                                                            0            8                   Ignored              Exclusive Groups         
u_dual_family_audio_clock/clk_48k_raw   dac_clk_48k_128x                        fall - rise    76.12     0.00            0            8            81.38  fall - rise    78.12     0.00            0            8           -81.38  Clean                Timed                    
u_dual_family_audio_clock/clk_48k_raw   u_dual_family_audio_clock/clk_44k1_raw                                           0         1401                                                            0         1401                   Ignored              Exclusive Groups         
u_dual_family_audio_clock/clk_48k_raw   u_dual_family_audio_clock/clk_48k_raw   rise - fall    76.07     0.00            0         1401            81.38  rise - rise     0.12     0.00            0         1401             0.00  Clean                Timed                    


