#-----------------------------------------------------------
# xsim v2018.3 (64-bit)
# SW Build 2405991 on Thu Dec  6 23:38:27 MST 2018
# IP Build 2404404 on Fri Dec  7 01:43:56 MST 2018
# Start of session at: Mon Aug  3 22:06:26 2026
# Process ID: 49304
# Current directory: D:/FpgaProject/XilinxProject/XC7A35T/fir_interpolation/matlab_fir/national_finals/_work/postroute_dac_activity/20260803_220602
# Command line: xsim.exe -mode tcl -source {xsim.dir/tb_board_postroute_dac_activity_sim/xsim_script.tcl}
# Log file: D:/FpgaProject/XilinxProject/XC7A35T/fir_interpolation/matlab_fir/national_finals/_work/postroute_dac_activity/20260803_220602/xsim.log
# Journal file: D:/FpgaProject/XilinxProject/XC7A35T/fir_interpolation/matlab_fir/national_finals/_work/postroute_dac_activity/20260803_220602\xsim.jou
#-----------------------------------------------------------
source xsim.dir/tb_board_postroute_dac_activity_sim/xsim_script.tcl
# xsim {tb_board_postroute_dac_activity_sim} -autoloadwcfg -runall
Vivado Simulator 2018.3
Time resolution is 1 ps
run -all
BOARD POSTROUTE DAC: edges=11290 data_changes=7461 final_data=64 beep=1
BOARD POSTROUTE DAC ACTIVITY PASS
$finish called at time : 6 ms : File "D:/FpgaProject/XilinxProject/XC7A35T/fir_interpolation/matlab_fir/national_finals/_work/postroute_dac_activity/20260803_220602/tb_board_postroute_dac_activity.v" Line 83
run: Time (s): cpu = 00:00:00 ; elapsed = 00:00:17 . Memory (MB): peak = 219.703 ; gain = 0.000
exit
INFO: [Common 17-206] Exiting xsim at Mon Aug  3 22:06:47 2026...
