Copyright 1986-2018 Xilinx, Inc. All Rights Reserved.
---------------------------------------------------------------------------------------------------------------------------------------------------------------------------------------------
| Tool Version : Vivado v.2018.3 (win64) Build 2405991 Thu Dec  6 23:38:27 MST 2018
| Date         : Mon Aug  3 23:25:39 2026
| Host         : LAPTOP-476JT8H0 running 64-bit major release  (build 9200)
| Command      : report_clocks -file D:/FpgaProject/XilinxProject/XC7A35T/fir_interpolation/matlab_fir/national_finals/vivado_results/p3l_safe_packedrom_sharedguard/clock_report_routed.rpt
| Design       : board_demo_competition_dac8_top
| Device       : 7a35t-fgg484
| Speed File   : -2  PRODUCTION 1.23 2018-06-13
---------------------------------------------------------------------------------------------------------------------------------------------------------------------------------------------

Clock Report


Attributes
  P: Propagated
  G: Generated
  A: Auto-derived
  R: Renamed
  V: Virtual
  I: Inverted
  S: Pin phase-shifted with Latency mode

Clock                                   Period(ns)  Waveform(ns)    Attributes  Sources
clk_20M                                 50.000      {0.000 25.000}  P           {clk}
u_dual_family_audio_clock/clkfb_44k1    100.000     {0.000 50.000}  P,G,A       {u_dual_family_audio_clock/u_mmcm_44k1/CLKFBOUT}
u_dual_family_audio_clock/clk_44k1_raw  177.154     {0.000 88.577}  P,G,A       {u_dual_family_audio_clock/u_mmcm_44k1/CLKOUT0}
u_dual_family_audio_clock/clkfb_48k     50.000      {0.000 25.000}  P,G,A       {u_dual_family_audio_clock/u_mmcm_48k/CLKFBOUT}
u_dual_family_audio_clock/clk_48k_raw   162.759     {0.000 81.379}  P,G,A       {u_dual_family_audio_clock/u_mmcm_48k/CLKOUT0}
dac_clk_44k1_128x                       177.154     {0.000 88.577}  P,G         {dac_clk}
dac_clk_48k_128x                        162.759     {0.000 81.379}  P,G         {dac_clk}


====================================================
Generated Clocks
====================================================

Generated Clock     : u_dual_family_audio_clock/clkfb_44k1
Master Source       : u_dual_family_audio_clock/u_mmcm_44k1/CLKIN1
Master Clock        : clk_20M
Edges               : {1 2 3}
Edge Shifts(ns)     : {0.000 25.000 50.000}
Generated Sources   : {u_dual_family_audio_clock/u_mmcm_44k1/CLKFBOUT}

Generated Clock     : u_dual_family_audio_clock/clk_44k1_raw
Master Source       : u_dual_family_audio_clock/u_mmcm_44k1/CLKIN1
Master Clock        : clk_20M
Edges               : {1 2 3}
Edge Shifts(ns)     : {0.000 63.577 127.154}
Generated Sources   : {u_dual_family_audio_clock/u_mmcm_44k1/CLKOUT0}

Generated Clock     : u_dual_family_audio_clock/clkfb_48k
Master Source       : u_dual_family_audio_clock/u_mmcm_48k/CLKIN1
Master Clock        : clk_20M
Multiply By         : 1
Generated Sources   : {u_dual_family_audio_clock/u_mmcm_48k/CLKFBOUT}

Generated Clock     : u_dual_family_audio_clock/clk_48k_raw
Master Source       : u_dual_family_audio_clock/u_mmcm_48k/CLKIN1
Master Clock        : clk_20M
Edges               : {1 2 3}
Edge Shifts(ns)     : {0.000 56.379 112.759}
Generated Sources   : {u_dual_family_audio_clock/u_mmcm_48k/CLKOUT0}

Generated Clock     : dac_clk_44k1_128x
Master Source       : u_demo_interp_dac8_audio_pcm_common/gen_dac_clock_oddr.u_dac_clock_oddr/C
Master Clock        : u_dual_family_audio_clock/clk_44k1_raw
Divide By           : 1
Generated Sources   : {dac_clk}

Generated Clock     : dac_clk_48k_128x
Master Source       : u_demo_interp_dac8_audio_pcm_common/gen_dac_clock_oddr.u_dac_clock_oddr/C
Master Clock        : u_dual_family_audio_clock/clk_48k_raw
Divide By           : 1
Generated Sources   : {dac_clk}



====================================================
User Uncertainty
====================================================



====================================================
User Jitter
====================================================


