Copyright 1986-2022 Xilinx, Inc. All Rights Reserved. Copyright 2022-2025 Advanced Micro Devices, Inc. All Rights Reserved.
-------------------------------------------------------------------------------------------------------------------------------------------------------------------------------------------------------------------------------------------------------------------------------------------------------------------------------------------------------------------------
| Tool Version : Vivado v.2025.2 (win64) Build 6299465 Fri Nov 14 19:35:11 GMT 2025
| Date         : Wed Aug 12 23:37:21 2026
| Host         : LAPTOP-476JT8H0 running 64-bit major release  (build 9200)
| Command      : report_timing -delay_type min -max_paths 20 -nworst 1 -from [all_registers -clock [get_clocks core_clk_6m144]] -to [all_registers -clock [get_clocks core_clk_6m144]] -file D:/FpgaProject/XilinxProject/XC7A35T/fir_interpolation/submit/finally/images/work/resource_compare_218_239/matched_ooc/results/lut218_mode2_repeat/timing_internal_hold.rpt
| Design       : interp128_all2x_v7_folded_fir_cic_top_ce
| Device       : 7a35t-fgg484
| Speed File   : -2  PRODUCTION 1.23 2018-06-13
| Design State : Routed
-------------------------------------------------------------------------------------------------------------------------------------------------------------------------------------------------------------------------------------------------------------------------------------------------------------------------------------------------------------------------

Timing Report

Slack (MET) :             0.069ns  (arrival time - required time)
  Source:                 gen_single_bram_stage1.u_interp2_stage1_strict_halfband_bram_ce/read_addr_reg[3]/C
                            (rising edge-triggered cell FDRE clocked by core_clk_6m144  {rise@0.000ns fall@81.380ns period=162.760ns})
  Destination:            gen_single_bram_stage1.u_interp2_stage1_strict_halfband_bram_ce/u_nf_stage1_history_ramb18_sdp/gen_primitive.u_stage1_history_ramb18e1/ADDRARDADDR[8]
                            (rising edge-triggered cell RAMB18E1 clocked by core_clk_6m144  {rise@0.000ns fall@81.380ns period=162.760ns})
  Path Group:             core_clk_6m144
  Path Type:              Hold (Min at Fast Process Corner)
  Requirement:            0.000ns  (core_clk_6m144 rise@0.000ns - core_clk_6m144 rise@0.000ns)
  Data Path Delay:        0.306ns  (logic 0.141ns (46.101%)  route 0.165ns (53.899%))
  Logic Levels:           0  
  Clock Path Skew:        0.054ns (DCD - SCD - CPR)
    Destination Clock Delay (DCD):    0.871ns
    Source Clock Delay      (SCD):    0.564ns
    Clock Pessimism Removal (CPR):    0.253ns

    Location             Delay type                Incr(ns)  Path(ns)    Netlist Resource(s)
  -------------------------------------------------------------------    -------------------
                         (clock core_clk_6m144 rise edge)
                                                      0.000     0.000 r  
                                                      0.000     0.000 r  clk (IN)
                         net (fo=288, unset)          0.564     0.564    clk
    SLICE_X57Y52         FDRE                                         r  gen_single_bram_stage1.u_interp2_stage1_strict_halfband_bram_ce/read_addr_reg[3]/C
  -------------------------------------------------------------------    -------------------
    SLICE_X57Y52         FDRE (Prop_fdre_C_Q)         0.141     0.705 r  gen_single_bram_stage1.u_interp2_stage1_strict_halfband_bram_ce/read_addr_reg[3]/Q
                         net (fo=4, routed)           0.165     0.870    gen_single_bram_stage1.u_interp2_stage1_strict_halfband_bram_ce/read_addr_reg[3]
    RAMB18_X2Y20         RAMB18E1                                     r  gen_single_bram_stage1.u_interp2_stage1_strict_halfband_bram_ce/u_nf_stage1_history_ramb18_sdp/gen_primitive.u_stage1_history_ramb18e1/ADDRARDADDR[8]
  -------------------------------------------------------------------    -------------------

                         (clock core_clk_6m144 rise edge)
                                                      0.000     0.000 r  
                                                      0.000     0.000 r  clk (IN)
                         net (fo=288, unset)          0.871     0.871    clk
    RAMB18_X2Y20         RAMB18E1                                     r  gen_single_bram_stage1.u_interp2_stage1_strict_halfband_bram_ce/u_nf_stage1_history_ramb18_sdp/gen_primitive.u_stage1_history_ramb18e1/CLKARDCLK
                         clock pessimism             -0.253     0.618    
    RAMB18_X2Y20         RAMB18E1 (Hold_ramb18e1_CLKARDCLK_ADDRARDADDR[8])
                                                      0.183     0.801    gen_single_bram_stage1.u_interp2_stage1_strict_halfband_bram_ce/u_nf_stage1_history_ramb18_sdp/gen_primitive.u_stage1_history_ramb18e1
  -------------------------------------------------------------------
                         required time                         -0.801    
                         arrival time                           0.870    
  -------------------------------------------------------------------
                         slack                                  0.069    

Slack (MET) :             0.074ns  (arrival time - required time)
  Source:                 gen_single_bram_stage1.u_interp2_stage1_strict_halfband_bram_ce/read_addr_reg[0]/C
                            (rising edge-triggered cell FDRE clocked by core_clk_6m144  {rise@0.000ns fall@81.380ns period=162.760ns})
  Destination:            gen_single_bram_stage1.u_interp2_stage1_strict_halfband_bram_ce/u_nf_stage1_history_ramb18_sdp/gen_primitive.u_stage1_history_ramb18e1/ADDRARDADDR[5]
                            (rising edge-triggered cell RAMB18E1 clocked by core_clk_6m144  {rise@0.000ns fall@81.380ns period=162.760ns})
  Path Group:             core_clk_6m144
  Path Type:              Hold (Min at Fast Process Corner)
  Requirement:            0.000ns  (core_clk_6m144 rise@0.000ns - core_clk_6m144 rise@0.000ns)
  Data Path Delay:        0.311ns  (logic 0.141ns (45.354%)  route 0.170ns (54.646%))
  Logic Levels:           0  
  Clock Path Skew:        0.054ns (DCD - SCD - CPR)
    Destination Clock Delay (DCD):    0.871ns
    Source Clock Delay      (SCD):    0.564ns
    Clock Pessimism Removal (CPR):    0.253ns

    Location             Delay type                Incr(ns)  Path(ns)    Netlist Resource(s)
  -------------------------------------------------------------------    -------------------
                         (clock core_clk_6m144 rise edge)
                                                      0.000     0.000 r  
                                                      0.000     0.000 r  clk (IN)
                         net (fo=288, unset)          0.564     0.564    clk
    SLICE_X57Y52         FDRE                                         r  gen_single_bram_stage1.u_interp2_stage1_strict_halfband_bram_ce/read_addr_reg[0]/C
  -------------------------------------------------------------------    -------------------
    SLICE_X57Y52         FDRE (Prop_fdre_C_Q)         0.141     0.705 r  gen_single_bram_stage1.u_interp2_stage1_strict_halfband_bram_ce/read_addr_reg[0]/Q
                         net (fo=7, routed)           0.170     0.875    gen_single_bram_stage1.u_interp2_stage1_strict_halfband_bram_ce/read_addr_reg[0]
    RAMB18_X2Y20         RAMB18E1                                     r  gen_single_bram_stage1.u_interp2_stage1_strict_halfband_bram_ce/u_nf_stage1_history_ramb18_sdp/gen_primitive.u_stage1_history_ramb18e1/ADDRARDADDR[5]
  -------------------------------------------------------------------    -------------------

                         (clock core_clk_6m144 rise edge)
                                                      0.000     0.000 r  
                                                      0.000     0.000 r  clk (IN)
                         net (fo=288, unset)          0.871     0.871    clk
    RAMB18_X2Y20         RAMB18E1                                     r  gen_single_bram_stage1.u_interp2_stage1_strict_halfband_bram_ce/u_nf_stage1_history_ramb18_sdp/gen_primitive.u_stage1_history_ramb18e1/CLKARDCLK
                         clock pessimism             -0.253     0.618    
    RAMB18_X2Y20         RAMB18E1 (Hold_ramb18e1_CLKARDCLK_ADDRARDADDR[5])
                                                      0.183     0.801    gen_single_bram_stage1.u_interp2_stage1_strict_halfband_bram_ce/u_nf_stage1_history_ramb18_sdp/gen_primitive.u_stage1_history_ramb18e1
  -------------------------------------------------------------------
                         required time                         -0.801    
                         arrival time                           0.875    
  -------------------------------------------------------------------
                         slack                                  0.074    

Slack (MET) :             0.120ns  (arrival time - required time)
  Source:                 gen_single_bram_stage1.u_interp2_stage1_strict_halfband_bram_ce/wr_ptr_reg[2]/C
                            (rising edge-triggered cell FDRE clocked by core_clk_6m144  {rise@0.000ns fall@81.380ns period=162.760ns})
  Destination:            gen_single_bram_stage1.u_interp2_stage1_strict_halfband_bram_ce/u_nf_stage1_history_ramb18_sdp/gen_primitive.u_stage1_history_ramb18e1/ADDRBWRADDR[7]
                            (rising edge-triggered cell RAMB18E1 clocked by core_clk_6m144  {rise@0.000ns fall@81.380ns period=162.760ns})
  Path Group:             core_clk_6m144
  Path Type:              Hold (Min at Fast Process Corner)
  Requirement:            0.000ns  (core_clk_6m144 rise@0.000ns - core_clk_6m144 rise@0.000ns)
  Data Path Delay:        0.378ns  (logic 0.141ns (37.272%)  route 0.237ns (62.728%))
  Logic Levels:           0  
  Clock Path Skew:        0.076ns (DCD - SCD - CPR)
    Destination Clock Delay (DCD):    0.872ns
    Source Clock Delay      (SCD):    0.562ns
    Clock Pessimism Removal (CPR):    0.234ns

    Location             Delay type                Incr(ns)  Path(ns)    Netlist Resource(s)
  -------------------------------------------------------------------    -------------------
                         (clock core_clk_6m144 rise edge)
                                                      0.000     0.000 r  
                                                      0.000     0.000 r  clk (IN)
                         net (fo=288, unset)          0.562     0.562    clk
    SLICE_X55Y52         FDRE                                         r  gen_single_bram_stage1.u_interp2_stage1_strict_halfband_bram_ce/wr_ptr_reg[2]/C
  -------------------------------------------------------------------    -------------------
    SLICE_X55Y52         FDRE (Prop_fdre_C_Q)         0.141     0.703 r  gen_single_bram_stage1.u_interp2_stage1_strict_halfband_bram_ce/wr_ptr_reg[2]/Q
                         net (fo=7, routed)           0.237     0.940    gen_single_bram_stage1.u_interp2_stage1_strict_halfband_bram_ce/wr_ptr_reg[2]
    RAMB18_X2Y20         RAMB18E1                                     r  gen_single_bram_stage1.u_interp2_stage1_strict_halfband_bram_ce/u_nf_stage1_history_ramb18_sdp/gen_primitive.u_stage1_history_ramb18e1/ADDRBWRADDR[7]
  -------------------------------------------------------------------    -------------------

                         (clock core_clk_6m144 rise edge)
                                                      0.000     0.000 r  
                                                      0.000     0.000 r  clk (IN)
                         net (fo=288, unset)          0.872     0.872    clk
    RAMB18_X2Y20         RAMB18E1                                     r  gen_single_bram_stage1.u_interp2_stage1_strict_halfband_bram_ce/u_nf_stage1_history_ramb18_sdp/gen_primitive.u_stage1_history_ramb18e1/CLKBWRCLK
                         clock pessimism             -0.234     0.638    
    RAMB18_X2Y20         RAMB18E1 (Hold_ramb18e1_CLKBWRCLK_ADDRBWRADDR[7])
                                                      0.183     0.821    gen_single_bram_stage1.u_interp2_stage1_strict_halfband_bram_ce/u_nf_stage1_history_ramb18_sdp/gen_primitive.u_stage1_history_ramb18e1
  -------------------------------------------------------------------
                         required time                         -0.821    
                         arrival time                           0.940    
  -------------------------------------------------------------------
                         slack                                  0.120    

Slack (MET) :             0.136ns  (arrival time - required time)
  Source:                 gen_single_bram_stage1.u_interp2_stage1_strict_halfband_bram_ce/read_addr_reg[1]/C
                            (rising edge-triggered cell FDRE clocked by core_clk_6m144  {rise@0.000ns fall@81.380ns period=162.760ns})
  Destination:            gen_single_bram_stage1.u_interp2_stage1_strict_halfband_bram_ce/u_nf_stage1_history_ramb18_sdp/gen_primitive.u_stage1_history_ramb18e1/ADDRARDADDR[6]
                            (rising edge-triggered cell RAMB18E1 clocked by core_clk_6m144  {rise@0.000ns fall@81.380ns period=162.760ns})
  Path Group:             core_clk_6m144
  Path Type:              Hold (Min at Fast Process Corner)
  Requirement:            0.000ns  (core_clk_6m144 rise@0.000ns - core_clk_6m144 rise@0.000ns)
  Data Path Delay:        0.320ns  (logic 0.128ns (40.055%)  route 0.192ns (59.945%))
  Logic Levels:           0  
  Clock Path Skew:        0.054ns (DCD - SCD - CPR)
    Destination Clock Delay (DCD):    0.871ns
    Source Clock Delay      (SCD):    0.564ns
    Clock Pessimism Removal (CPR):    0.253ns

    Location             Delay type                Incr(ns)  Path(ns)    Netlist Resource(s)
  -------------------------------------------------------------------    -------------------
                         (clock core_clk_6m144 rise edge)
                                                      0.000     0.000 r  
                                                      0.000     0.000 r  clk (IN)
                         net (fo=288, unset)          0.564     0.564    clk
    SLICE_X57Y52         FDRE                                         r  gen_single_bram_stage1.u_interp2_stage1_strict_halfband_bram_ce/read_addr_reg[1]/C
  -------------------------------------------------------------------    -------------------
    SLICE_X57Y52         FDRE (Prop_fdre_C_Q)         0.128     0.692 r  gen_single_bram_stage1.u_interp2_stage1_strict_halfband_bram_ce/read_addr_reg[1]/Q
                         net (fo=6, routed)           0.192     0.884    gen_single_bram_stage1.u_interp2_stage1_strict_halfband_bram_ce/read_addr_reg[1]
    RAMB18_X2Y20         RAMB18E1                                     r  gen_single_bram_stage1.u_interp2_stage1_strict_halfband_bram_ce/u_nf_stage1_history_ramb18_sdp/gen_primitive.u_stage1_history_ramb18e1/ADDRARDADDR[6]
  -------------------------------------------------------------------    -------------------

                         (clock core_clk_6m144 rise edge)
                                                      0.000     0.000 r  
                                                      0.000     0.000 r  clk (IN)
                         net (fo=288, unset)          0.871     0.871    clk
    RAMB18_X2Y20         RAMB18E1                                     r  gen_single_bram_stage1.u_interp2_stage1_strict_halfband_bram_ce/u_nf_stage1_history_ramb18_sdp/gen_primitive.u_stage1_history_ramb18e1/CLKARDCLK
                         clock pessimism             -0.253     0.618    
    RAMB18_X2Y20         RAMB18E1 (Hold_ramb18e1_CLKARDCLK_ADDRARDADDR[6])
                                                      0.130     0.748    gen_single_bram_stage1.u_interp2_stage1_strict_halfband_bram_ce/u_nf_stage1_history_ramb18_sdp/gen_primitive.u_stage1_history_ramb18e1
  -------------------------------------------------------------------
                         required time                         -0.748    
                         arrival time                           0.884    
  -------------------------------------------------------------------
                         slack                                  0.136    

Slack (MET) :             0.138ns  (arrival time - required time)
  Source:                 gen_single_bram_stage1.u_interp2_stage1_strict_halfband_bram_ce/read_addr_reg[2]/C
                            (rising edge-triggered cell FDRE clocked by core_clk_6m144  {rise@0.000ns fall@81.380ns period=162.760ns})
  Destination:            gen_single_bram_stage1.u_interp2_stage1_strict_halfband_bram_ce/u_nf_stage1_history_ramb18_sdp/gen_primitive.u_stage1_history_ramb18e1/ADDRARDADDR[7]
                            (rising edge-triggered cell RAMB18E1 clocked by core_clk_6m144  {rise@0.000ns fall@81.380ns period=162.760ns})
  Path Group:             core_clk_6m144
  Path Type:              Hold (Min at Fast Process Corner)
  Requirement:            0.000ns  (core_clk_6m144 rise@0.000ns - core_clk_6m144 rise@0.000ns)
  Data Path Delay:        0.374ns  (logic 0.141ns (37.664%)  route 0.233ns (62.336%))
  Logic Levels:           0  
  Clock Path Skew:        0.054ns (DCD - SCD - CPR)
    Destination Clock Delay (DCD):    0.871ns
    Source Clock Delay      (SCD):    0.564ns
    Clock Pessimism Removal (CPR):    0.253ns

    Location             Delay type                Incr(ns)  Path(ns)    Netlist Resource(s)
  -------------------------------------------------------------------    -------------------
                         (clock core_clk_6m144 rise edge)
                                                      0.000     0.000 r  
                                                      0.000     0.000 r  clk (IN)
                         net (fo=288, unset)          0.564     0.564    clk
    SLICE_X57Y52         FDRE                                         r  gen_single_bram_stage1.u_interp2_stage1_strict_halfband_bram_ce/read_addr_reg[2]/C
  -------------------------------------------------------------------    -------------------
    SLICE_X57Y52         FDRE (Prop_fdre_C_Q)         0.141     0.705 r  gen_single_bram_stage1.u_interp2_stage1_strict_halfband_bram_ce/read_addr_reg[2]/Q
                         net (fo=5, routed)           0.233     0.938    gen_single_bram_stage1.u_interp2_stage1_strict_halfband_bram_ce/read_addr_reg[2]
    RAMB18_X2Y20         RAMB18E1                                     r  gen_single_bram_stage1.u_interp2_stage1_strict_halfband_bram_ce/u_nf_stage1_history_ramb18_sdp/gen_primitive.u_stage1_history_ramb18e1/ADDRARDADDR[7]
  -------------------------------------------------------------------    -------------------

                         (clock core_clk_6m144 rise edge)
                                                      0.000     0.000 r  
                                                      0.000     0.000 r  clk (IN)
                         net (fo=288, unset)          0.871     0.871    clk
    RAMB18_X2Y20         RAMB18E1                                     r  gen_single_bram_stage1.u_interp2_stage1_strict_halfband_bram_ce/u_nf_stage1_history_ramb18_sdp/gen_primitive.u_stage1_history_ramb18e1/CLKARDCLK
                         clock pessimism             -0.253     0.618    
    RAMB18_X2Y20         RAMB18E1 (Hold_ramb18e1_CLKARDCLK_ADDRARDADDR[7])
                                                      0.183     0.801    gen_single_bram_stage1.u_interp2_stage1_strict_halfband_bram_ce/u_nf_stage1_history_ramb18_sdp/gen_primitive.u_stage1_history_ramb18e1
  -------------------------------------------------------------------
                         required time                         -0.801    
                         arrival time                           0.938    
  -------------------------------------------------------------------
                         slack                                  0.138    

Slack (MET) :             0.139ns  (arrival time - required time)
  Source:                 gen_single_bram_stage1.u_interp2_stage1_strict_halfband_bram_ce/delay_result_reg[15]/C
                            (rising edge-triggered cell FDRE clocked by core_clk_6m144  {rise@0.000ns fall@81.380ns period=162.760ns})
  Destination:            gen_single_bram_stage1.u_interp2_stage1_strict_halfband_bram_ce/y_out_reg[15]/D
                            (rising edge-triggered cell FDRE clocked by core_clk_6m144  {rise@0.000ns fall@81.380ns period=162.760ns})
  Path Group:             core_clk_6m144
  Path Type:              Hold (Min at Fast Process Corner)
  Requirement:            0.000ns  (core_clk_6m144 rise@0.000ns - core_clk_6m144 rise@0.000ns)
  Data Path Delay:        0.276ns  (logic 0.186ns (67.282%)  route 0.090ns (32.718%))
  Logic Levels:           1  (LUT3=1)
  Clock Path Skew:        0.016ns (DCD - SCD - CPR)
    Destination Clock Delay (DCD):    0.832ns
    Source Clock Delay      (SCD):    0.561ns
    Clock Pessimism Removal (CPR):    0.255ns

    Location             Delay type                Incr(ns)  Path(ns)    Netlist Resource(s)
  -------------------------------------------------------------------    -------------------
                         (clock core_clk_6m144 rise edge)
                                                      0.000     0.000 r  
                                                      0.000     0.000 r  clk (IN)
                         net (fo=288, unset)          0.561     0.561    clk
    SLICE_X55Y53         FDRE                                         r  gen_single_bram_stage1.u_interp2_stage1_strict_halfband_bram_ce/delay_result_reg[15]/C
  -------------------------------------------------------------------    -------------------
    SLICE_X55Y53         FDRE (Prop_fdre_C_Q)         0.141     0.702 r  gen_single_bram_stage1.u_interp2_stage1_strict_halfband_bram_ce/delay_result_reg[15]/Q
                         net (fo=1, routed)           0.090     0.792    delay_result[15]
    SLICE_X54Y53         LUT3 (Prop_lut3_I2_O)        0.045     0.837 r  y_out[15]_i_1/O
                         net (fo=1, routed)           0.000     0.837    y_out[15]_i_1_n_0
    SLICE_X54Y53         FDRE                                         r  gen_single_bram_stage1.u_interp2_stage1_strict_halfband_bram_ce/y_out_reg[15]/D
  -------------------------------------------------------------------    -------------------

                         (clock core_clk_6m144 rise edge)
                                                      0.000     0.000 r  
                                                      0.000     0.000 r  clk (IN)
                         net (fo=288, unset)          0.832     0.832    clk
    SLICE_X54Y53         FDRE                                         r  gen_single_bram_stage1.u_interp2_stage1_strict_halfband_bram_ce/y_out_reg[15]/C
                         clock pessimism             -0.255     0.577    
    SLICE_X54Y53         FDRE (Hold_fdre_C_D)         0.121     0.698    gen_single_bram_stage1.u_interp2_stage1_strict_halfband_bram_ce/y_out_reg[15]
  -------------------------------------------------------------------
                         required time                         -0.698    
                         arrival time                           0.837    
  -------------------------------------------------------------------
                         slack                                  0.139    

Slack (MET) :             0.139ns  (arrival time - required time)
  Source:                 gen_single_bram_stage1.u_interp2_stage1_strict_halfband_bram_ce/delay_result_reg[17]/C
                            (rising edge-triggered cell FDRE clocked by core_clk_6m144  {rise@0.000ns fall@81.380ns period=162.760ns})
  Destination:            gen_single_bram_stage1.u_interp2_stage1_strict_halfband_bram_ce/y_out_reg[17]/D
                            (rising edge-triggered cell FDRE clocked by core_clk_6m144  {rise@0.000ns fall@81.380ns period=162.760ns})
  Path Group:             core_clk_6m144
  Path Type:              Hold (Min at Fast Process Corner)
  Requirement:            0.000ns  (core_clk_6m144 rise@0.000ns - core_clk_6m144 rise@0.000ns)
  Data Path Delay:        0.276ns  (logic 0.186ns (67.282%)  route 0.090ns (32.718%))
  Logic Levels:           1  (LUT3=1)
  Clock Path Skew:        0.016ns (DCD - SCD - CPR)
    Destination Clock Delay (DCD):    0.832ns
    Source Clock Delay      (SCD):    0.561ns
    Clock Pessimism Removal (CPR):    0.255ns

    Location             Delay type                Incr(ns)  Path(ns)    Netlist Resource(s)
  -------------------------------------------------------------------    -------------------
                         (clock core_clk_6m144 rise edge)
                                                      0.000     0.000 r  
                                                      0.000     0.000 r  clk (IN)
                         net (fo=288, unset)          0.561     0.561    clk
    SLICE_X55Y54         FDRE                                         r  gen_single_bram_stage1.u_interp2_stage1_strict_halfband_bram_ce/delay_result_reg[17]/C
  -------------------------------------------------------------------    -------------------
    SLICE_X55Y54         FDRE (Prop_fdre_C_Q)         0.141     0.702 r  gen_single_bram_stage1.u_interp2_stage1_strict_halfband_bram_ce/delay_result_reg[17]/Q
                         net (fo=1, routed)           0.090     0.792    delay_result[17]
    SLICE_X54Y54         LUT3 (Prop_lut3_I2_O)        0.045     0.837 r  y_out[17]_i_1/O
                         net (fo=1, routed)           0.000     0.837    y_out[17]_i_1_n_0
    SLICE_X54Y54         FDRE                                         r  gen_single_bram_stage1.u_interp2_stage1_strict_halfband_bram_ce/y_out_reg[17]/D
  -------------------------------------------------------------------    -------------------

                         (clock core_clk_6m144 rise edge)
                                                      0.000     0.000 r  
                                                      0.000     0.000 r  clk (IN)
                         net (fo=288, unset)          0.832     0.832    clk
    SLICE_X54Y54         FDRE                                         r  gen_single_bram_stage1.u_interp2_stage1_strict_halfband_bram_ce/y_out_reg[17]/C
                         clock pessimism             -0.255     0.577    
    SLICE_X54Y54         FDRE (Hold_fdre_C_D)         0.121     0.698    gen_single_bram_stage1.u_interp2_stage1_strict_halfband_bram_ce/y_out_reg[17]
  -------------------------------------------------------------------
                         required time                         -0.698    
                         arrival time                           0.837    
  -------------------------------------------------------------------
                         slack                                  0.139    

Slack (MET) :             0.141ns  (arrival time - required time)
  Source:                 gen_single_bram_stage1.u_interp2_stage1_strict_halfband_bram_ce/read_coeff_index_reg[5]/C
                            (rising edge-triggered cell FDRE clocked by core_clk_6m144  {rise@0.000ns fall@81.380ns period=162.760ns})
  Destination:            gen_single_bram_stage1.u_interp2_stage1_strict_halfband_bram_ce/filter_commit_pending_reg/D
                            (rising edge-triggered cell FDRE clocked by core_clk_6m144  {rise@0.000ns fall@81.380ns period=162.760ns})
  Path Group:             core_clk_6m144
  Path Type:              Hold (Min at Fast Process Corner)
  Requirement:            0.000ns  (core_clk_6m144 rise@0.000ns - core_clk_6m144 rise@0.000ns)
  Data Path Delay:        0.249ns  (logic 0.186ns (74.808%)  route 0.063ns (25.192%))
  Logic Levels:           1  (LUT6=1)
  Clock Path Skew:        0.016ns (DCD - SCD - CPR)
    Destination Clock Delay (DCD):    0.832ns
    Source Clock Delay      (SCD):    0.562ns
    Clock Pessimism Removal (CPR):    0.254ns

    Location             Delay type                Incr(ns)  Path(ns)    Netlist Resource(s)
  -------------------------------------------------------------------    -------------------
                         (clock core_clk_6m144 rise edge)
                                                      0.000     0.000 r  
                                                      0.000     0.000 r  clk (IN)
                         net (fo=288, unset)          0.562     0.562    clk
    SLICE_X48Y52         FDRE                                         r  gen_single_bram_stage1.u_interp2_stage1_strict_halfband_bram_ce/read_coeff_index_reg[5]/C
  -------------------------------------------------------------------    -------------------
    SLICE_X48Y52         FDRE (Prop_fdre_C_Q)         0.141     0.703 r  gen_single_bram_stage1.u_interp2_stage1_strict_halfband_bram_ce/read_coeff_index_reg[5]/Q
                         net (fo=2, routed)           0.063     0.766    gen_single_bram_stage1.u_interp2_stage1_strict_halfband_bram_ce/read_coeff_index[5]
    SLICE_X49Y52         LUT6 (Prop_lut6_I4_O)        0.045     0.811 r  interp128_all2x_LUT6_2/O
                         net (fo=1, routed)           0.000     0.811    filter_commit_pending_i_1_n_0
    SLICE_X49Y52         FDRE                                         r  gen_single_bram_stage1.u_interp2_stage1_strict_halfband_bram_ce/filter_commit_pending_reg/D
  -------------------------------------------------------------------    -------------------

                         (clock core_clk_6m144 rise edge)
                                                      0.000     0.000 r  
                                                      0.000     0.000 r  clk (IN)
                         net (fo=288, unset)          0.832     0.832    clk
    SLICE_X49Y52         FDRE                                         r  gen_single_bram_stage1.u_interp2_stage1_strict_halfband_bram_ce/filter_commit_pending_reg/C
                         clock pessimism             -0.254     0.578    
    SLICE_X49Y52         FDRE (Hold_fdre_C_D)         0.092     0.670    gen_single_bram_stage1.u_interp2_stage1_strict_halfband_bram_ce/filter_commit_pending_reg
  -------------------------------------------------------------------
                         required time                         -0.670    
                         arrival time                           0.811    
  -------------------------------------------------------------------
                         slack                                  0.141    

Slack (MET) :             0.162ns  (arrival time - required time)
  Source:                 gen_serial_cic_comb.u_cic_interp16_serial_comb_dsp_ce/comb_delay1_reg[7]/C
                            (rising edge-triggered cell FDRE clocked by core_clk_6m144  {rise@0.000ns fall@81.380ns period=162.760ns})
  Destination:            gen_serial_cic_comb.u_cic_interp16_serial_comb_dsp_ce/comb_delay0_reg[7]/D
                            (rising edge-triggered cell FDRE clocked by core_clk_6m144  {rise@0.000ns fall@81.380ns period=162.760ns})
  Path Group:             core_clk_6m144
  Path Type:              Hold (Min at Fast Process Corner)
  Requirement:            0.000ns  (core_clk_6m144 rise@0.000ns - core_clk_6m144 rise@0.000ns)
  Data Path Delay:        0.201ns  (logic 0.148ns (73.524%)  route 0.053ns (26.476%))
  Logic Levels:           0  
  Clock Path Skew:        0.016ns (DCD - SCD - CPR)
    Destination Clock Delay (DCD):    0.829ns
    Source Clock Delay      (SCD):    0.559ns
    Clock Pessimism Removal (CPR):    0.254ns

    Location             Delay type                Incr(ns)  Path(ns)    Netlist Resource(s)
  -------------------------------------------------------------------    -------------------
                         (clock core_clk_6m144 rise edge)
                                                      0.000     0.000 r  
                                                      0.000     0.000 r  clk (IN)
                         net (fo=288, unset)          0.559     0.559    clk
    SLICE_X12Y61         FDRE                                         r  gen_serial_cic_comb.u_cic_interp16_serial_comb_dsp_ce/comb_delay1_reg[7]/C
  -------------------------------------------------------------------    -------------------
    SLICE_X12Y61         FDRE (Prop_fdre_C_Q)         0.148     0.707 r  gen_serial_cic_comb.u_cic_interp16_serial_comb_dsp_ce/comb_delay1_reg[7]/Q
                         net (fo=1, routed)           0.053     0.760    comb_delay1[7]
    SLICE_X12Y61         FDRE                                         r  gen_serial_cic_comb.u_cic_interp16_serial_comb_dsp_ce/comb_delay0_reg[7]/D
  -------------------------------------------------------------------    -------------------

                         (clock core_clk_6m144 rise edge)
                                                      0.000     0.000 r  
                                                      0.000     0.000 r  clk (IN)
                         net (fo=288, unset)          0.829     0.829    clk
    SLICE_X12Y61         FDRE                                         r  gen_serial_cic_comb.u_cic_interp16_serial_comb_dsp_ce/comb_delay0_reg[7]/C
                         clock pessimism             -0.254     0.575    
    SLICE_X12Y61         FDRE (Hold_fdre_C_D)         0.023     0.598    gen_serial_cic_comb.u_cic_interp16_serial_comb_dsp_ce/comb_delay0_reg[7]
  -------------------------------------------------------------------
                         required time                         -0.598    
                         arrival time                           0.760    
  -------------------------------------------------------------------
                         slack                                  0.162    

Slack (MET) :             0.165ns  (arrival time - required time)
  Source:                 gen_serial_cic_comb.u_cic_interp16_serial_comb_dsp_ce/comb_delay1_reg[17]/C
                            (rising edge-triggered cell FDRE clocked by core_clk_6m144  {rise@0.000ns fall@81.380ns period=162.760ns})
  Destination:            gen_serial_cic_comb.u_cic_interp16_serial_comb_dsp_ce/comb_delay0_reg[17]/D
                            (rising edge-triggered cell FDRE clocked by core_clk_6m144  {rise@0.000ns fall@81.380ns period=162.760ns})
  Path Group:             core_clk_6m144
  Path Type:              Hold (Min at Fast Process Corner)
  Requirement:            0.000ns  (core_clk_6m144 rise@0.000ns - core_clk_6m144 rise@0.000ns)
  Data Path Delay:        0.203ns  (logic 0.148ns (72.867%)  route 0.055ns (27.133%))
  Logic Levels:           0  
  Clock Path Skew:        0.015ns (DCD - SCD - CPR)
    Destination Clock Delay (DCD):    0.826ns
    Source Clock Delay      (SCD):    0.557ns
    Clock Pessimism Removal (CPR):    0.254ns

    Location             Delay type                Incr(ns)  Path(ns)    Netlist Resource(s)
  -------------------------------------------------------------------    -------------------
                         (clock core_clk_6m144 rise edge)
                                                      0.000     0.000 r  
                                                      0.000     0.000 r  clk (IN)
                         net (fo=288, unset)          0.557     0.557    clk
    SLICE_X12Y63         FDRE                                         r  gen_serial_cic_comb.u_cic_interp16_serial_comb_dsp_ce/comb_delay1_reg[17]/C
  -------------------------------------------------------------------    -------------------
    SLICE_X12Y63         FDRE (Prop_fdre_C_Q)         0.148     0.705 r  gen_serial_cic_comb.u_cic_interp16_serial_comb_dsp_ce/comb_delay1_reg[17]/Q
                         net (fo=1, routed)           0.055     0.760    comb_delay1[17]
    SLICE_X12Y63         FDRE                                         r  gen_serial_cic_comb.u_cic_interp16_serial_comb_dsp_ce/comb_delay0_reg[17]/D
  -------------------------------------------------------------------    -------------------

                         (clock core_clk_6m144 rise edge)
                                                      0.000     0.000 r  
                                                      0.000     0.000 r  clk (IN)
                         net (fo=288, unset)          0.826     0.826    clk
    SLICE_X12Y63         FDRE                                         r  gen_serial_cic_comb.u_cic_interp16_serial_comb_dsp_ce/comb_delay0_reg[17]/C
                         clock pessimism             -0.254     0.572    
    SLICE_X12Y63         FDRE (Hold_fdre_C_D)         0.023     0.595    gen_serial_cic_comb.u_cic_interp16_serial_comb_dsp_ce/comb_delay0_reg[17]
  -------------------------------------------------------------------
                         required time                         -0.595    
                         arrival time                           0.760    
  -------------------------------------------------------------------
                         slack                                  0.165    

Slack (MET) :             0.167ns  (arrival time - required time)
  Source:                 gen_single_bram_stage1.u_interp2_stage1_strict_halfband_bram_ce/wr_ptr_reg[3]/C
                            (rising edge-triggered cell FDRE clocked by core_clk_6m144  {rise@0.000ns fall@81.380ns period=162.760ns})
  Destination:            gen_single_bram_stage1.u_interp2_stage1_strict_halfband_bram_ce/u_nf_stage1_history_ramb18_sdp/gen_primitive.u_stage1_history_ramb18e1/ADDRBWRADDR[8]
                            (rising edge-triggered cell RAMB18E1 clocked by core_clk_6m144  {rise@0.000ns fall@81.380ns period=162.760ns})
  Path Group:             core_clk_6m144
  Path Type:              Hold (Min at Fast Process Corner)
  Requirement:            0.000ns  (core_clk_6m144 rise@0.000ns - core_clk_6m144 rise@0.000ns)
  Data Path Delay:        0.373ns  (logic 0.128ns (34.348%)  route 0.245ns (65.652%))
  Logic Levels:           0  
  Clock Path Skew:        0.076ns (DCD - SCD - CPR)
    Destination Clock Delay (DCD):    0.872ns
    Source Clock Delay      (SCD):    0.562ns
    Clock Pessimism Removal (CPR):    0.234ns

    Location             Delay type                Incr(ns)  Path(ns)    Netlist Resource(s)
  -------------------------------------------------------------------    -------------------
                         (clock core_clk_6m144 rise edge)
                                                      0.000     0.000 r  
                                                      0.000     0.000 r  clk (IN)
                         net (fo=288, unset)          0.562     0.562    clk
    SLICE_X55Y52         FDRE                                         r  gen_single_bram_stage1.u_interp2_stage1_strict_halfband_bram_ce/wr_ptr_reg[3]/C
  -------------------------------------------------------------------    -------------------
    SLICE_X55Y52         FDRE (Prop_fdre_C_Q)         0.128     0.690 r  gen_single_bram_stage1.u_interp2_stage1_strict_halfband_bram_ce/wr_ptr_reg[3]/Q
                         net (fo=6, routed)           0.245     0.935    gen_single_bram_stage1.u_interp2_stage1_strict_halfband_bram_ce/wr_ptr_reg[3]
    RAMB18_X2Y20         RAMB18E1                                     r  gen_single_bram_stage1.u_interp2_stage1_strict_halfband_bram_ce/u_nf_stage1_history_ramb18_sdp/gen_primitive.u_stage1_history_ramb18e1/ADDRBWRADDR[8]
  -------------------------------------------------------------------    -------------------

                         (clock core_clk_6m144 rise edge)
                                                      0.000     0.000 r  
                                                      0.000     0.000 r  clk (IN)
                         net (fo=288, unset)          0.872     0.872    clk
    RAMB18_X2Y20         RAMB18E1                                     r  gen_single_bram_stage1.u_interp2_stage1_strict_halfband_bram_ce/u_nf_stage1_history_ramb18_sdp/gen_primitive.u_stage1_history_ramb18e1/CLKBWRCLK
                         clock pessimism             -0.234     0.638    
    RAMB18_X2Y20         RAMB18E1 (Hold_ramb18e1_CLKBWRCLK_ADDRBWRADDR[8])
                                                      0.130     0.768    gen_single_bram_stage1.u_interp2_stage1_strict_halfband_bram_ce/u_nf_stage1_history_ramb18_sdp/gen_primitive.u_stage1_history_ramb18e1
  -------------------------------------------------------------------
                         required time                         -0.768    
                         arrival time                           0.935    
  -------------------------------------------------------------------
                         slack                                  0.167    

Slack (MET) :             0.167ns  (arrival time - required time)
  Source:                 gen_serial_cic_comb.u_cic_interp16_serial_comb_dsp_ce/comb_delay1_reg[10]/C
                            (rising edge-triggered cell FDRE clocked by core_clk_6m144  {rise@0.000ns fall@81.380ns period=162.760ns})
  Destination:            gen_serial_cic_comb.u_cic_interp16_serial_comb_dsp_ce/comb_delay0_reg[10]/D
                            (rising edge-triggered cell FDRE clocked by core_clk_6m144  {rise@0.000ns fall@81.380ns period=162.760ns})
  Path Group:             core_clk_6m144
  Path Type:              Hold (Min at Fast Process Corner)
  Requirement:            0.000ns  (core_clk_6m144 rise@0.000ns - core_clk_6m144 rise@0.000ns)
  Data Path Delay:        0.205ns  (logic 0.148ns (72.157%)  route 0.057ns (27.843%))
  Logic Levels:           0  
  Clock Path Skew:        0.016ns (DCD - SCD - CPR)
    Destination Clock Delay (DCD):    0.829ns
    Source Clock Delay      (SCD):    0.559ns
    Clock Pessimism Removal (CPR):    0.254ns

    Location             Delay type                Incr(ns)  Path(ns)    Netlist Resource(s)
  -------------------------------------------------------------------    -------------------
                         (clock core_clk_6m144 rise edge)
                                                      0.000     0.000 r  
                                                      0.000     0.000 r  clk (IN)
                         net (fo=288, unset)          0.559     0.559    clk
    SLICE_X12Y61         FDRE                                         r  gen_serial_cic_comb.u_cic_interp16_serial_comb_dsp_ce/comb_delay1_reg[10]/C
  -------------------------------------------------------------------    -------------------
    SLICE_X12Y61         FDRE (Prop_fdre_C_Q)         0.148     0.707 r  gen_serial_cic_comb.u_cic_interp16_serial_comb_dsp_ce/comb_delay1_reg[10]/Q
                         net (fo=1, routed)           0.057     0.764    comb_delay1[10]
    SLICE_X12Y61         FDRE                                         r  gen_serial_cic_comb.u_cic_interp16_serial_comb_dsp_ce/comb_delay0_reg[10]/D
  -------------------------------------------------------------------    -------------------

                         (clock core_clk_6m144 rise edge)
                                                      0.000     0.000 r  
                                                      0.000     0.000 r  clk (IN)
                         net (fo=288, unset)          0.829     0.829    clk
    SLICE_X12Y61         FDRE                                         r  gen_serial_cic_comb.u_cic_interp16_serial_comb_dsp_ce/comb_delay0_reg[10]/C
                         clock pessimism             -0.254     0.575    
    SLICE_X12Y61         FDRE (Hold_fdre_C_D)         0.022     0.597    gen_serial_cic_comb.u_cic_interp16_serial_comb_dsp_ce/comb_delay0_reg[10]
  -------------------------------------------------------------------
                         required time                         -0.597    
                         arrival time                           0.764    
  -------------------------------------------------------------------
                         slack                                  0.167    

Slack (MET) :             0.171ns  (arrival time - required time)
  Source:                 gen_serial_cic_comb.u_cic_interp16_serial_comb_dsp_ce/comb_delay1_reg[3]/C
                            (rising edge-triggered cell FDRE clocked by core_clk_6m144  {rise@0.000ns fall@81.380ns period=162.760ns})
  Destination:            gen_serial_cic_comb.u_cic_interp16_serial_comb_dsp_ce/comb_delay0_reg[3]/D
                            (rising edge-triggered cell FDRE clocked by core_clk_6m144  {rise@0.000ns fall@81.380ns period=162.760ns})
  Path Group:             core_clk_6m144
  Path Type:              Hold (Min at Fast Process Corner)
  Requirement:            0.000ns  (core_clk_6m144 rise@0.000ns - core_clk_6m144 rise@0.000ns)
  Data Path Delay:        0.181ns  (logic 0.128ns (70.653%)  route 0.053ns (29.347%))
  Logic Levels:           0  
  Clock Path Skew:        0.016ns (DCD - SCD - CPR)
    Destination Clock Delay (DCD):    0.829ns
    Source Clock Delay      (SCD):    0.559ns
    Clock Pessimism Removal (CPR):    0.254ns

    Location             Delay type                Incr(ns)  Path(ns)    Netlist Resource(s)
  -------------------------------------------------------------------    -------------------
                         (clock core_clk_6m144 rise edge)
                                                      0.000     0.000 r  
                                                      0.000     0.000 r  clk (IN)
                         net (fo=288, unset)          0.559     0.559    clk
    SLICE_X13Y60         FDRE                                         r  gen_serial_cic_comb.u_cic_interp16_serial_comb_dsp_ce/comb_delay1_reg[3]/C
  -------------------------------------------------------------------    -------------------
    SLICE_X13Y60         FDRE (Prop_fdre_C_Q)         0.128     0.687 r  gen_serial_cic_comb.u_cic_interp16_serial_comb_dsp_ce/comb_delay1_reg[3]/Q
                         net (fo=1, routed)           0.053     0.740    comb_delay1[3]
    SLICE_X13Y60         FDRE                                         r  gen_serial_cic_comb.u_cic_interp16_serial_comb_dsp_ce/comb_delay0_reg[3]/D
  -------------------------------------------------------------------    -------------------

                         (clock core_clk_6m144 rise edge)
                                                      0.000     0.000 r  
                                                      0.000     0.000 r  clk (IN)
                         net (fo=288, unset)          0.829     0.829    clk
    SLICE_X13Y60         FDRE                                         r  gen_serial_cic_comb.u_cic_interp16_serial_comb_dsp_ce/comb_delay0_reg[3]/C
                         clock pessimism             -0.254     0.575    
    SLICE_X13Y60         FDRE (Hold_fdre_C_D)        -0.006     0.569    gen_serial_cic_comb.u_cic_interp16_serial_comb_dsp_ce/comb_delay0_reg[3]
  -------------------------------------------------------------------
                         required time                         -0.569    
                         arrival time                           0.740    
  -------------------------------------------------------------------
                         slack                                  0.171    

Slack (MET) :             0.172ns  (arrival time - required time)
  Source:                 gen_serial_cic_comb.u_cic_interp16_serial_comb_dsp_ce/comb_delay1_reg[15]/C
                            (rising edge-triggered cell FDRE clocked by core_clk_6m144  {rise@0.000ns fall@81.380ns period=162.760ns})
  Destination:            gen_serial_cic_comb.u_cic_interp16_serial_comb_dsp_ce/comb_delay0_reg[15]/D
                            (rising edge-triggered cell FDRE clocked by core_clk_6m144  {rise@0.000ns fall@81.380ns period=162.760ns})
  Path Group:             core_clk_6m144
  Path Type:              Hold (Min at Fast Process Corner)
  Requirement:            0.000ns  (core_clk_6m144 rise@0.000ns - core_clk_6m144 rise@0.000ns)
  Data Path Delay:        0.181ns  (logic 0.128ns (70.653%)  route 0.053ns (29.347%))
  Logic Levels:           0  
  Clock Path Skew:        0.015ns (DCD - SCD - CPR)
    Destination Clock Delay (DCD):    0.826ns
    Source Clock Delay      (SCD):    0.557ns
    Clock Pessimism Removal (CPR):    0.254ns

    Location             Delay type                Incr(ns)  Path(ns)    Netlist Resource(s)
  -------------------------------------------------------------------    -------------------
                         (clock core_clk_6m144 rise edge)
                                                      0.000     0.000 r  
                                                      0.000     0.000 r  clk (IN)
                         net (fo=288, unset)          0.557     0.557    clk
    SLICE_X13Y63         FDRE                                         r  gen_serial_cic_comb.u_cic_interp16_serial_comb_dsp_ce/comb_delay1_reg[15]/C
  -------------------------------------------------------------------    -------------------
    SLICE_X13Y63         FDRE (Prop_fdre_C_Q)         0.128     0.685 r  gen_serial_cic_comb.u_cic_interp16_serial_comb_dsp_ce/comb_delay1_reg[15]/Q
                         net (fo=1, routed)           0.053     0.738    comb_delay1[15]
    SLICE_X13Y63         FDRE                                         r  gen_serial_cic_comb.u_cic_interp16_serial_comb_dsp_ce/comb_delay0_reg[15]/D
  -------------------------------------------------------------------    -------------------

                         (clock core_clk_6m144 rise edge)
                                                      0.000     0.000 r  
                                                      0.000     0.000 r  clk (IN)
                         net (fo=288, unset)          0.826     0.826    clk
    SLICE_X13Y63         FDRE                                         r  gen_serial_cic_comb.u_cic_interp16_serial_comb_dsp_ce/comb_delay0_reg[15]/C
                         clock pessimism             -0.254     0.572    
    SLICE_X13Y63         FDRE (Hold_fdre_C_D)        -0.006     0.566    gen_serial_cic_comb.u_cic_interp16_serial_comb_dsp_ce/comb_delay0_reg[15]
  -------------------------------------------------------------------
                         required time                         -0.566    
                         arrival time                           0.738    
  -------------------------------------------------------------------
                         slack                                  0.172    

Slack (MET) :             0.172ns  (arrival time - required time)
  Source:                 gen_single_bram_stage1.u_interp2_stage1_strict_halfband_bram_ce/wr_ptr_reg[0]/C
                            (rising edge-triggered cell FDRE clocked by core_clk_6m144  {rise@0.000ns fall@81.380ns period=162.760ns})
  Destination:            gen_single_bram_stage1.u_interp2_stage1_strict_halfband_bram_ce/u_nf_stage1_history_ramb18_sdp/gen_primitive.u_stage1_history_ramb18e1/ADDRBWRADDR[5]
                            (rising edge-triggered cell RAMB18E1 clocked by core_clk_6m144  {rise@0.000ns fall@81.380ns period=162.760ns})
  Path Group:             core_clk_6m144
  Path Type:              Hold (Min at Fast Process Corner)
  Requirement:            0.000ns  (core_clk_6m144 rise@0.000ns - core_clk_6m144 rise@0.000ns)
  Data Path Delay:        0.431ns  (logic 0.141ns (32.706%)  route 0.290ns (67.294%))
  Logic Levels:           0  
  Clock Path Skew:        0.076ns (DCD - SCD - CPR)
    Destination Clock Delay (DCD):    0.872ns
    Source Clock Delay      (SCD):    0.562ns
    Clock Pessimism Removal (CPR):    0.234ns

    Location             Delay type                Incr(ns)  Path(ns)    Netlist Resource(s)
  -------------------------------------------------------------------    -------------------
                         (clock core_clk_6m144 rise edge)
                                                      0.000     0.000 r  
                                                      0.000     0.000 r  clk (IN)
                         net (fo=288, unset)          0.562     0.562    clk
    SLICE_X55Y52         FDRE                                         r  gen_single_bram_stage1.u_interp2_stage1_strict_halfband_bram_ce/wr_ptr_reg[0]/C
  -------------------------------------------------------------------    -------------------
    SLICE_X55Y52         FDRE (Prop_fdre_C_Q)         0.141     0.703 r  gen_single_bram_stage1.u_interp2_stage1_strict_halfband_bram_ce/wr_ptr_reg[0]/Q
                         net (fo=6, routed)           0.290     0.993    gen_single_bram_stage1.u_interp2_stage1_strict_halfband_bram_ce/wr_ptr_reg[0]
    RAMB18_X2Y20         RAMB18E1                                     r  gen_single_bram_stage1.u_interp2_stage1_strict_halfband_bram_ce/u_nf_stage1_history_ramb18_sdp/gen_primitive.u_stage1_history_ramb18e1/ADDRBWRADDR[5]
  -------------------------------------------------------------------    -------------------

                         (clock core_clk_6m144 rise edge)
                                                      0.000     0.000 r  
                                                      0.000     0.000 r  clk (IN)
                         net (fo=288, unset)          0.872     0.872    clk
    RAMB18_X2Y20         RAMB18E1                                     r  gen_single_bram_stage1.u_interp2_stage1_strict_halfband_bram_ce/u_nf_stage1_history_ramb18_sdp/gen_primitive.u_stage1_history_ramb18e1/CLKBWRCLK
                         clock pessimism             -0.234     0.638    
    RAMB18_X2Y20         RAMB18E1 (Hold_ramb18e1_CLKBWRCLK_ADDRBWRADDR[5])
                                                      0.183     0.821    gen_single_bram_stage1.u_interp2_stage1_strict_halfband_bram_ce/u_nf_stage1_history_ramb18_sdp/gen_primitive.u_stage1_history_ramb18e1
  -------------------------------------------------------------------
                         required time                         -0.821    
                         arrival time                           0.993    
  -------------------------------------------------------------------
                         slack                                  0.172    

Slack (MET) :             0.172ns  (arrival time - required time)
  Source:                 gen_serial_cic_comb.u_cic_interp16_serial_comb_dsp_ce/comb_delay1_reg[0]/C
                            (rising edge-triggered cell FDRE clocked by core_clk_6m144  {rise@0.000ns fall@81.380ns period=162.760ns})
  Destination:            gen_serial_cic_comb.u_cic_interp16_serial_comb_dsp_ce/comb_delay0_reg[0]/D
                            (rising edge-triggered cell FDRE clocked by core_clk_6m144  {rise@0.000ns fall@81.380ns period=162.760ns})
  Path Group:             core_clk_6m144
  Path Type:              Hold (Min at Fast Process Corner)
  Requirement:            0.000ns  (core_clk_6m144 rise@0.000ns - core_clk_6m144 rise@0.000ns)
  Data Path Delay:        0.180ns  (logic 0.128ns (70.946%)  route 0.052ns (29.054%))
  Logic Levels:           0  
  Clock Path Skew:        0.016ns (DCD - SCD - CPR)
    Destination Clock Delay (DCD):    0.829ns
    Source Clock Delay      (SCD):    0.559ns
    Clock Pessimism Removal (CPR):    0.254ns

    Location             Delay type                Incr(ns)  Path(ns)    Netlist Resource(s)
  -------------------------------------------------------------------    -------------------
                         (clock core_clk_6m144 rise edge)
                                                      0.000     0.000 r  
                                                      0.000     0.000 r  clk (IN)
                         net (fo=288, unset)          0.559     0.559    clk
    SLICE_X13Y60         FDRE                                         r  gen_serial_cic_comb.u_cic_interp16_serial_comb_dsp_ce/comb_delay1_reg[0]/C
  -------------------------------------------------------------------    -------------------
    SLICE_X13Y60         FDRE (Prop_fdre_C_Q)         0.128     0.687 r  gen_serial_cic_comb.u_cic_interp16_serial_comb_dsp_ce/comb_delay1_reg[0]/Q
                         net (fo=1, routed)           0.052     0.739    comb_delay1[0]
    SLICE_X13Y60         FDRE                                         r  gen_serial_cic_comb.u_cic_interp16_serial_comb_dsp_ce/comb_delay0_reg[0]/D
  -------------------------------------------------------------------    -------------------

                         (clock core_clk_6m144 rise edge)
                                                      0.000     0.000 r  
                                                      0.000     0.000 r  clk (IN)
                         net (fo=288, unset)          0.829     0.829    clk
    SLICE_X13Y60         FDRE                                         r  gen_serial_cic_comb.u_cic_interp16_serial_comb_dsp_ce/comb_delay0_reg[0]/C
                         clock pessimism             -0.254     0.575    
    SLICE_X13Y60         FDRE (Hold_fdre_C_D)        -0.008     0.567    gen_serial_cic_comb.u_cic_interp16_serial_comb_dsp_ce/comb_delay0_reg[0]
  -------------------------------------------------------------------
                         required time                         -0.567    
                         arrival time                           0.739    
  -------------------------------------------------------------------
                         slack                                  0.172    

Slack (MET) :             0.172ns  (arrival time - required time)
  Source:                 gen_lutram_stage23.u_interp2_stage23_lutram_cic_dsp_ce/stage2_y_out_valid_reg/C
                            (rising edge-triggered cell FDRE clocked by core_clk_6m144  {rise@0.000ns fall@81.380ns period=162.760ns})
  Destination:            u_bridge_4_to_8_quantized/pending_reg/D
                            (rising edge-triggered cell FDRE clocked by core_clk_6m144  {rise@0.000ns fall@81.380ns period=162.760ns})
  Path Group:             core_clk_6m144
  Path Type:              Hold (Min at Fast Process Corner)
  Requirement:            0.000ns  (core_clk_6m144 rise@0.000ns - core_clk_6m144 rise@0.000ns)
  Data Path Delay:        0.279ns  (logic 0.227ns (81.240%)  route 0.052ns (18.760%))
  Logic Levels:           1  (LUT3=1)
  Clock Path Skew:        0.016ns (DCD - SCD - CPR)
    Destination Clock Delay (DCD):    0.831ns
    Source Clock Delay      (SCD):    0.561ns
    Clock Pessimism Removal (CPR):    0.254ns

    Location             Delay type                Incr(ns)  Path(ns)    Netlist Resource(s)
  -------------------------------------------------------------------    -------------------
                         (clock core_clk_6m144 rise edge)
                                                      0.000     0.000 r  
                                                      0.000     0.000 r  clk (IN)
                         net (fo=288, unset)          0.561     0.561    clk
    SLICE_X11Y56         FDRE                                         r  gen_lutram_stage23.u_interp2_stage23_lutram_cic_dsp_ce/stage2_y_out_valid_reg/C
  -------------------------------------------------------------------    -------------------
    SLICE_X11Y56         FDRE (Prop_fdre_C_Q)         0.128     0.689 r  gen_lutram_stage23.u_interp2_stage23_lutram_cic_dsp_ce/stage2_y_out_valid_reg/Q
                         net (fo=1, routed)           0.052     0.741    dbg_y4_valid
    SLICE_X11Y56         LUT3 (Prop_lut3_I0_O)        0.099     0.840 r  interp128_all2x_LUT3_28/O
                         net (fo=1, routed)           0.000     0.840    pending_i_1_n_0
    SLICE_X11Y56         FDRE                                         r  u_bridge_4_to_8_quantized/pending_reg/D
  -------------------------------------------------------------------    -------------------

                         (clock core_clk_6m144 rise edge)
                                                      0.000     0.000 r  
                                                      0.000     0.000 r  clk (IN)
                         net (fo=288, unset)          0.831     0.831    clk
    SLICE_X11Y56         FDRE                                         r  u_bridge_4_to_8_quantized/pending_reg/C
                         clock pessimism             -0.254     0.577    
    SLICE_X11Y56         FDRE (Hold_fdre_C_D)         0.091     0.668    u_bridge_4_to_8_quantized/pending_reg
  -------------------------------------------------------------------
                         required time                         -0.668    
                         arrival time                           0.840    
  -------------------------------------------------------------------
                         slack                                  0.172    

Slack (MET) :             0.173ns  (arrival time - required time)
  Source:                 gen_serial_cic_comb.u_cic_interp16_serial_comb_dsp_ce/comb_active_reg/C
                            (rising edge-triggered cell FDRE clocked by core_clk_6m144  {rise@0.000ns fall@81.380ns period=162.760ns})
  Destination:            gen_serial_cic_comb.u_cic_interp16_serial_comb_dsp_ce/burst_pending_reg/D
                            (rising edge-triggered cell FDRE clocked by core_clk_6m144  {rise@0.000ns fall@81.380ns period=162.760ns})
  Path Group:             core_clk_6m144
  Path Type:              Hold (Min at Fast Process Corner)
  Requirement:            0.000ns  (core_clk_6m144 rise@0.000ns - core_clk_6m144 rise@0.000ns)
  Data Path Delay:        0.327ns  (logic 0.186ns (56.954%)  route 0.141ns (43.046%))
  Logic Levels:           1  (LUT5=1)
  Clock Path Skew:        0.034ns (DCD - SCD - CPR)
    Destination Clock Delay (DCD):    0.822ns
    Source Clock Delay      (SCD):    0.554ns
    Clock Pessimism Removal (CPR):    0.234ns

    Location             Delay type                Incr(ns)  Path(ns)    Netlist Resource(s)
  -------------------------------------------------------------------    -------------------
                         (clock core_clk_6m144 rise edge)
                                                      0.000     0.000 r  
                                                      0.000     0.000 r  clk (IN)
                         net (fo=288, unset)          0.554     0.554    clk
    SLICE_X29Y63         FDRE                                         r  gen_serial_cic_comb.u_cic_interp16_serial_comb_dsp_ce/comb_active_reg/C
  -------------------------------------------------------------------    -------------------
    SLICE_X29Y63         FDRE (Prop_fdre_C_Q)         0.141     0.695 f  gen_serial_cic_comb.u_cic_interp16_serial_comb_dsp_ce/comb_active_reg/Q
                         net (fo=48, routed)          0.141     0.836    gen_serial_cic_comb.u_cic_interp16_serial_comb_dsp_ce/comb_active
    SLICE_X30Y63         LUT5 (Prop_lut5_I3_O)        0.045     0.881 r  interp128_all2x_LUT5/O
                         net (fo=1, routed)           0.000     0.881    burst_pending_i_1_n_0
    SLICE_X30Y63         FDRE                                         r  gen_serial_cic_comb.u_cic_interp16_serial_comb_dsp_ce/burst_pending_reg/D
  -------------------------------------------------------------------    -------------------

                         (clock core_clk_6m144 rise edge)
                                                      0.000     0.000 r  
                                                      0.000     0.000 r  clk (IN)
                         net (fo=288, unset)          0.822     0.822    clk
    SLICE_X30Y63         FDRE                                         r  gen_serial_cic_comb.u_cic_interp16_serial_comb_dsp_ce/burst_pending_reg/C
                         clock pessimism             -0.234     0.588    
    SLICE_X30Y63         FDRE (Hold_fdre_C_D)         0.120     0.708    gen_serial_cic_comb.u_cic_interp16_serial_comb_dsp_ce/burst_pending_reg
  -------------------------------------------------------------------
                         required time                         -0.708    
                         arrival time                           0.881    
  -------------------------------------------------------------------
                         slack                                  0.173    

Slack (MET) :             0.173ns  (arrival time - required time)
  Source:                 gen_serial_cic_comb.u_cic_interp16_serial_comb_dsp_ce/comb_delay1_reg[12]/C
                            (rising edge-triggered cell FDRE clocked by core_clk_6m144  {rise@0.000ns fall@81.380ns period=162.760ns})
  Destination:            gen_serial_cic_comb.u_cic_interp16_serial_comb_dsp_ce/comb_delay0_reg[12]/D
                            (rising edge-triggered cell FDRE clocked by core_clk_6m144  {rise@0.000ns fall@81.380ns period=162.760ns})
  Path Group:             core_clk_6m144
  Path Type:              Hold (Min at Fast Process Corner)
  Requirement:            0.000ns  (core_clk_6m144 rise@0.000ns - core_clk_6m144 rise@0.000ns)
  Data Path Delay:        0.180ns  (logic 0.128ns (70.946%)  route 0.052ns (29.054%))
  Logic Levels:           0  
  Clock Path Skew:        0.015ns (DCD - SCD - CPR)
    Destination Clock Delay (DCD):    0.826ns
    Source Clock Delay      (SCD):    0.557ns
    Clock Pessimism Removal (CPR):    0.254ns

    Location             Delay type                Incr(ns)  Path(ns)    Netlist Resource(s)
  -------------------------------------------------------------------    -------------------
                         (clock core_clk_6m144 rise edge)
                                                      0.000     0.000 r  
                                                      0.000     0.000 r  clk (IN)
                         net (fo=288, unset)          0.557     0.557    clk
    SLICE_X13Y63         FDRE                                         r  gen_serial_cic_comb.u_cic_interp16_serial_comb_dsp_ce/comb_delay1_reg[12]/C
  -------------------------------------------------------------------    -------------------
    SLICE_X13Y63         FDRE (Prop_fdre_C_Q)         0.128     0.685 r  gen_serial_cic_comb.u_cic_interp16_serial_comb_dsp_ce/comb_delay1_reg[12]/Q
                         net (fo=1, routed)           0.052     0.737    comb_delay1[12]
    SLICE_X13Y63         FDRE                                         r  gen_serial_cic_comb.u_cic_interp16_serial_comb_dsp_ce/comb_delay0_reg[12]/D
  -------------------------------------------------------------------    -------------------

                         (clock core_clk_6m144 rise edge)
                                                      0.000     0.000 r  
                                                      0.000     0.000 r  clk (IN)
                         net (fo=288, unset)          0.826     0.826    clk
    SLICE_X13Y63         FDRE                                         r  gen_serial_cic_comb.u_cic_interp16_serial_comb_dsp_ce/comb_delay0_reg[12]/C
                         clock pessimism             -0.254     0.572    
    SLICE_X13Y63         FDRE (Hold_fdre_C_D)        -0.008     0.564    gen_serial_cic_comb.u_cic_interp16_serial_comb_dsp_ce/comb_delay0_reg[12]
  -------------------------------------------------------------------
                         required time                         -0.564    
                         arrival time                           0.737    
  -------------------------------------------------------------------
                         slack                                  0.173    

Slack (MET) :             0.179ns  (arrival time - required time)
  Source:                 gen_single_bram_stage1.u_interp2_stage1_strict_halfband_bram_ce/delay_result_reg[16]/C
                            (rising edge-triggered cell FDRE clocked by core_clk_6m144  {rise@0.000ns fall@81.380ns period=162.760ns})
  Destination:            gen_single_bram_stage1.u_interp2_stage1_strict_halfband_bram_ce/y_out_reg[16]/D
                            (rising edge-triggered cell FDRE clocked by core_clk_6m144  {rise@0.000ns fall@81.380ns period=162.760ns})
  Path Group:             core_clk_6m144
  Path Type:              Hold (Min at Fast Process Corner)
  Requirement:            0.000ns  (core_clk_6m144 rise@0.000ns - core_clk_6m144 rise@0.000ns)
  Data Path Delay:        0.326ns  (logic 0.188ns (57.590%)  route 0.138ns (42.410%))
  Logic Levels:           1  (LUT3=1)
  Clock Path Skew:        0.016ns (DCD - SCD - CPR)
    Destination Clock Delay (DCD):    0.832ns
    Source Clock Delay      (SCD):    0.561ns
    Clock Pessimism Removal (CPR):    0.255ns

    Location             Delay type                Incr(ns)  Path(ns)    Netlist Resource(s)
  -------------------------------------------------------------------    -------------------
                         (clock core_clk_6m144 rise edge)
                                                      0.000     0.000 r  
                                                      0.000     0.000 r  clk (IN)
                         net (fo=288, unset)          0.561     0.561    clk
    SLICE_X55Y53         FDRE                                         r  gen_single_bram_stage1.u_interp2_stage1_strict_halfband_bram_ce/delay_result_reg[16]/C
  -------------------------------------------------------------------    -------------------
    SLICE_X55Y53         FDRE (Prop_fdre_C_Q)         0.141     0.702 r  gen_single_bram_stage1.u_interp2_stage1_strict_halfband_bram_ce/delay_result_reg[16]/Q
                         net (fo=1, routed)           0.138     0.840    delay_result[16]
    SLICE_X54Y53         LUT3 (Prop_lut3_I2_O)        0.047     0.887 r  y_out[16]_i_1/O
                         net (fo=1, routed)           0.000     0.887    y_out[16]_i_1_n_0
    SLICE_X54Y53         FDRE                                         r  gen_single_bram_stage1.u_interp2_stage1_strict_halfband_bram_ce/y_out_reg[16]/D
  -------------------------------------------------------------------    -------------------

                         (clock core_clk_6m144 rise edge)
                                                      0.000     0.000 r  
                                                      0.000     0.000 r  clk (IN)
                         net (fo=288, unset)          0.832     0.832    clk
    SLICE_X54Y53         FDRE                                         r  gen_single_bram_stage1.u_interp2_stage1_strict_halfband_bram_ce/y_out_reg[16]/C
                         clock pessimism             -0.255     0.577    
    SLICE_X54Y53         FDRE (Hold_fdre_C_D)         0.131     0.708    gen_single_bram_stage1.u_interp2_stage1_strict_halfband_bram_ce/y_out_reg[16]
  -------------------------------------------------------------------
                         required time                         -0.708    
                         arrival time                           0.887    
  -------------------------------------------------------------------
                         slack                                  0.179    




