Copyright 1986-2018 Xilinx, Inc. All Rights Reserved.
------------------------------------------------------------------------------------------------------------
| Tool Version : Vivado v.2018.3 (win64) Build 2405991 Thu Dec  6 23:38:27 MST 2018
| Date         : Sun Jun 21 21:05:19 2026
| Host         : LAPTOP-476JT8H0 running 64-bit major release  (build 9200)
| Command      : report_control_sets -verbose -file board_demo_competition_dac8_top_control_sets_placed.rpt
| Design       : board_demo_competition_dac8_top
| Device       : xc7a35t
------------------------------------------------------------------------------------------------------------

Control Set Information

Table of Contents
-----------------
1. Summary
2. Histogram
3. Flip-Flop Distribution
4. Detailed Control Set Information

1. Summary
----------

+----------------------------------------------------------+-------+
|                          Status                          | Count |
+----------------------------------------------------------+-------+
| Number of unique control sets                            |    21 |
| Unused register locations in slices containing registers |    42 |
+----------------------------------------------------------+-------+


2. Histogram
------------

+--------+--------------+
| Fanout | Control Sets |
+--------+--------------+
|      3 |            1 |
|      8 |            1 |
|    16+ |           19 |
+--------+--------------+


3. Flip-Flop Distribution
-------------------------

+--------------+-----------------------+------------------------+-----------------+--------------+
| Clock Enable | Synchronous Set/Reset | Asynchronous Set/Reset | Total Registers | Total Slices |
+--------------+-----------------------+------------------------+-----------------+--------------+
| No           | No                    | No                     |               0 |            0 |
| No           | No                    | Yes                    |             419 |          140 |
| No           | Yes                   | No                     |              16 |            4 |
| Yes          | No                    | No                     |               0 |            0 |
| Yes          | No                    | Yes                    |            5355 |         1744 |
| Yes          | Yes                   | No                     |               0 |            0 |
+--------------+-----------------------+------------------------+-----------------+--------------+


4. Detailed Control Set Information
-----------------------------------

+---------------------+-------------------------------------------------------------------------------------------------------------------------+-------------------------------+------------------+----------------+
|     Clock Signal    |                                                      Enable Signal                                                      |        Set/Reset Signal       | Slice Load Count | Bel Load Count |
+---------------------+-------------------------------------------------------------------------------------------------------------------------+-------------------------------+------------------+----------------+
|  clk_audio_128x_sel |                                                                                                                         | u_clk_wiz_audio_48k_i_1_n_0   |                1 |              3 |
| ~clk_audio_128x_sel | u_demo_interp_dac8_audio_pcm_common/u_interp128_top_ce/u_interp2_top_8x/u_fir_core_symm_interp2/fir_out_valid_reg_1[0]  | rst_audio_sync_reg[2]_inv_n_0 |                4 |              8 |
|  clk_sys_bufg       |                                                                                                                         | clear                         |                4 |             16 |
|  clk_audio_128x_sel | u_demo_interp_dac8_audio_pcm_common/u_interp128_top_ce/u_interp2_top_16x/u_fir_core_symm_interp2/y_out_valid            | rst_audio_sync_reg[2]_inv_n_0 |               11 |             24 |
|  clk_audio_128x_sel | u_demo_interp_dac8_audio_pcm_common/u_interp128_top_ce/u_interp2_top_64x/u_fir_core_symm_interp2/fir_out_valid_reg_0[0] | rst_audio_sync_reg[2]_inv_n_0 |               13 |             24 |
|  clk_audio_128x_sel | u_demo_interp_dac8_audio_pcm_common/u_interp128_top_ce/u_interp2_top_32x/u_fir_core_symm_interp2/fir_out_valid_reg_0[0] | rst_audio_sync_reg[2]_inv_n_0 |                7 |             24 |
|  clk_audio_128x_sel | u_demo_interp_dac8_audio_pcm_common/u_interp128_top_ce/u_interp2_top_8x/u_fir_core_symm_interp2/fir_out_valid_reg_0[0]  | rst_audio_sync_reg[2]_inv_n_0 |               11 |             24 |
|  clk_audio_128x_sel | u_demo_interp_dac8_audio_pcm_common/u_interp128_top_ce/u_interp4_top_symm_ce/u_fir_core_symm/fir_out_valid_reg_0[0]     | rst_audio_sync_reg[2]_inv_n_0 |               11 |             24 |
|  clk_audio_128x_sel | u_demo_interp_dac8_audio_pcm_common/u_interp128_top_ce/u_interp2_top_16x/u_interp2_ctrl_ce/E[0]                         | rst_audio_sync_reg[2]_inv_n_0 |               10 |             26 |
|  clk_audio_128x_sel | u_demo_interp_dac8_audio_pcm_common/u_interp128_top_ce/u_interp2_top_64x/u_interp2_ctrl_ce/E[0]                         | rst_audio_sync_reg[2]_inv_n_0 |                9 |             26 |
|  clk_audio_128x_sel | u_demo_interp_dac8_audio_pcm_common/u_interp128_top_ce/u_interp2_top_32x/u_interp2_ctrl_ce/E[0]                         | rst_audio_sync_reg[2]_inv_n_0 |               10 |             26 |
|  clk_audio_128x_sel | u_demo_interp_dac8_audio_pcm_common/u_interp128_top_ce/u_interp2_top_8x/u_interp2_ctrl_ce/E[0]                          | rst_audio_sync_reg[2]_inv_n_0 |               17 |             26 |
|  clk_audio_128x_sel | u_demo_interp_dac8_audio_pcm_common/u_interp128_top_ce/u_interp4_top_symm_ce/u_interp4_ctrl_ce/ce4_out                  | rst_audio_sync_reg[2]_inv_n_0 |               13 |             26 |
|  clk_audio_128x_sel | u_demo_interp_dac8_audio_pcm_common/u_audio_pcm_rom_source/x_in_update_ce                                               | rst_audio_sync_reg[2]_inv_n_0 |               36 |             57 |
|  clk_audio_128x_sel | u_demo_interp_dac8_audio_pcm_common/u_interp128_top_ce/u_interp2_top_128x/u_interp2_ctrl_ce/E[0]                        | rst_audio_sync_reg[2]_inv_n_0 |               76 |            264 |
|  clk_audio_128x_sel | u_demo_interp_dac8_audio_pcm_common/u_interp128_top_ce/u_interp2_top_16x/u_interp2_ctrl_ce/fir_in_valid_reg_0[0]        | rst_audio_sync_reg[2]_inv_n_0 |               90 |            264 |
|  clk_audio_128x_sel | u_demo_interp_dac8_audio_pcm_common/u_interp128_top_ce/u_interp2_top_32x/u_interp2_ctrl_ce/fir_in_valid_reg_0[0]        | rst_audio_sync_reg[2]_inv_n_0 |               80 |            264 |
|  clk_audio_128x_sel | u_demo_interp_dac8_audio_pcm_common/u_interp128_top_ce/u_interp2_top_8x/u_interp2_ctrl_ce/fir_in_valid_reg_0[0]         | rst_audio_sync_reg[2]_inv_n_0 |               83 |            264 |
|  clk_audio_128x_sel | u_demo_interp_dac8_audio_pcm_common/ce_cnt_reg[0]                                                                       | rst_audio_sync_reg[2]_inv_n_0 |               73 |            264 |
|  clk_audio_128x_sel |                                                                                                                         | rst_audio_sync_reg[2]_inv_n_0 |              139 |            416 |
|  clk_audio_128x_sel | u_demo_interp_dac8_audio_pcm_common/u_interp128_top_ce/u_interp4_top_symm_ce/u_interp4_ctrl_ce/fir_in_valid_reg_0       | rst_audio_sync_reg[2]_inv_n_0 |             1190 |           3720 |
+---------------------+-------------------------------------------------------------------------------------------------------------------------+-------------------------------+------------------+----------------+


