#-----------------------------------------------------------
# xsim v2018.3 (64-bit)
# SW Build 2405991 on Thu Dec  6 23:38:27 MST 2018
# IP Build 2404404 on Fri Dec  7 01:43:56 MST 2018
# Start of session at: Sun Aug  2 03:22:43 2026
# Process ID: 49280
# Current directory: D:/FpgaProject/XilinxProject/XC7A35T/fir_interpolation/tmp/p2_coeff_rom/matlab_fir/national_finals/_work/rtl_regression/20260802_032217/dual_distributed_coeff_rom
# Command line: xsim.exe -mode tcl -source {xsim.dir/tb_nf_dual_distributed_coeff_rom_sim/xsim_script.tcl}
# Log file: D:/FpgaProject/XilinxProject/XC7A35T/fir_interpolation/tmp/p2_coeff_rom/matlab_fir/national_finals/_work/rtl_regression/20260802_032217/dual_distributed_coeff_rom/xsim.log
# Journal file: D:/FpgaProject/XilinxProject/XC7A35T/fir_interpolation/tmp/p2_coeff_rom/matlab_fir/national_finals/_work/rtl_regression/20260802_032217/dual_distributed_coeff_rom\xsim.jou
#-----------------------------------------------------------
source xsim.dir/tb_nf_dual_distributed_coeff_rom_sim/xsim_script.tcl
# xsim {tb_nf_dual_distributed_coeff_rom_sim} -autoloadwcfg -runall
Vivado Simulator 2018.3
Time resolution is 1 ps
run -all
P2 DUAL DISTRIBUTED COEFFICIENT ROM PASS: 96 addresses A/B equivalent, negative_flip_checks=96
$finish called at time : 646 ns : File "D:/FpgaProject/XilinxProject/XC7A35T/fir_interpolation/tmp/p2_coeff_rom/XC7A35T_interp_audio_pcm_wordlen_opt/XC7A35T_interp.srcs/sim_1/new/national_finals/p2_coeff_rom/tb_nf_dual_distributed_fir_coeff_rom.v" Line 109
exit
INFO: [Common 17-206] Exiting xsim at Sun Aug  2 03:22:46 2026...
