#-----------------------------------------------------------
# xsim v2018.3 (64-bit)
# SW Build 2405991 on Thu Dec  6 23:38:27 MST 2018
# IP Build 2404404 on Fri Dec  7 01:43:56 MST 2018
# Start of session at: Mon Aug  3 20:28:03 2026
# Process ID: 48832
# Current directory: D:/FpgaProject/XilinxProject/XC7A35T/fir_interpolation/matlab_fir/national_finals/_work/rtl_regression/20260803_201757/dynamic_mode_switch
# Command line: xsim.exe -mode tcl -source {xsim.dir/tb_nf_dynamic_mode_sim/xsim_script.tcl}
# Log file: D:/FpgaProject/XilinxProject/XC7A35T/fir_interpolation/matlab_fir/national_finals/_work/rtl_regression/20260803_201757/dynamic_mode_switch/xsim.log
# Journal file: D:/FpgaProject/XilinxProject/XC7A35T/fir_interpolation/matlab_fir/national_finals/_work/rtl_regression/20260803_201757/dynamic_mode_switch\xsim.jou
#-----------------------------------------------------------
source xsim.dir/tb_nf_dynamic_mode_sim/xsim_script.tcl
# xsim {tb_nf_dynamic_mode_sim} -autoloadwcfg -runall
Vivado Simulator 2018.3
Time resolution is 1 ps
run -all
Dynamic mode=0 edges=32 expected=32 data_changes=32
Dynamic mode=1 edges=128 expected=128 data_changes=127
Dynamic mode=2 edges=256 expected=256 data_changes=249
Dynamic mode=3 edges=4096 expected=4096 data_changes=2714
Dynamic mode=2 edges=256 expected=256 data_changes=250
Dynamic mode=0 edges=32 expected=32 data_changes=32
Dynamic mode=3 edges=4096 expected=4096 data_changes=2718
PHASE7 DYNAMIC MODE PASS: 10 switches, no reset, no runt pulse or X.
$finish called at time : 983630 ns : File "D:/FpgaProject/XilinxProject/XC7A35T/fir_interpolation/XC7A35T_interp_audio_pcm_wordlen_opt/XC7A35T_interp.srcs/sim_1/new/all2x_v7/verification/tb_phase7_mode_switch_dynamic.v" Line 251
exit
INFO: [Common 17-206] Exiting xsim at Mon Aug  3 20:28:11 2026...
