#-----------------------------------------------------------
# xsim v2018.3 (64-bit)
# SW Build 2405991 on Thu Dec  6 23:38:27 MST 2018
# IP Build 2404404 on Fri Dec  7 01:43:56 MST 2018
# Start of session at: Wed Aug  5 23:29:10 2026
# Process ID: 44272
# Current directory: D:/FpgaProject/XilinxProject/XC7A35T/fir_interpolation/matlab_fir/national_finals/_work/postroute_six_mode_dac/20260805_232841
# Command line: xsim.exe -mode tcl -source {xsim.dir/tb_board_postroute_six_mode_dac_sim/xsim_script.tcl}
# Log file: D:/FpgaProject/XilinxProject/XC7A35T/fir_interpolation/matlab_fir/national_finals/_work/postroute_six_mode_dac/20260805_232841/xsim.log
# Journal file: D:/FpgaProject/XilinxProject/XC7A35T/fir_interpolation/matlab_fir/national_finals/_work/postroute_six_mode_dac/20260805_232841\xsim.jou
#-----------------------------------------------------------
source xsim.dir/tb_board_postroute_six_mode_dac_sim/xsim_script.tcl
# xsim {tb_board_postroute_six_mode_dac_sim} -autoloadwcfg -runall
Vivado Simulator 2018.3
Time resolution is 1 ps
run -all
BOARD SIX-MODE 44k1_128x: edges=5645 data_changes=3710 final_data=64
BOARD SIX-MODE 44k1_4x: edges=177 data_changes=175 final_data=154
BOARD SIX-MODE 44k1_8x: edges=353 data_changes=342 final_data=65
BOARD SIX-MODE 48k_4x: edges=192 data_changes=192 final_data=134
BOARD SIX-MODE 48k_8x: edges=384 data_changes=372 final_data=70
BOARD SIX-MODE 48k_128x: edges=6144 data_changes=3810 final_data=64
BOARD POSTROUTE SIX-MODE DAC PASS
$finish called at time : 140 ms : File "D:/FpgaProject/XilinxProject/XC7A35T/fir_interpolation/matlab_fir/national_finals/_work/postroute_six_mode_dac/20260805_232841/tb_board_postroute_six_mode_dac.v" Line 137
run: Time (s): cpu = 00:00:00 ; elapsed = 00:13:50 . Memory (MB): peak = 219.641 ; gain = 0.000
exit
INFO: [Common 17-206] Exiting xsim at Wed Aug  5 23:43:05 2026...
