#-----------------------------------------------------------
# xsim v2018.3 (64-bit)
# SW Build 2405991 on Thu Dec  6 23:38:27 MST 2018
# IP Build 2404404 on Fri Dec  7 01:43:56 MST 2018
# Start of session at: Wed Aug  5 23:12:13 2026
# Process ID: 51184
# Current directory: D:/FpgaProject/XilinxProject/XC7A35T/fir_interpolation/matlab_fir/national_finals/_work/rtl_regression/20260805_231040/stage23_unified_history
# Command line: xsim.exe -mode tcl -source {xsim.dir/tb_nf_stage23_unified_history_sim/xsim_script.tcl}
# Log file: D:/FpgaProject/XilinxProject/XC7A35T/fir_interpolation/matlab_fir/national_finals/_work/rtl_regression/20260805_231040/stage23_unified_history/xsim.log
# Journal file: D:/FpgaProject/XilinxProject/XC7A35T/fir_interpolation/matlab_fir/national_finals/_work/rtl_regression/20260805_231040/stage23_unified_history\xsim.jou
#-----------------------------------------------------------
source xsim.dir/tb_nf_stage23_unified_history_sim/xsim_script.tcl
# xsim {tb_nf_stage23_unified_history_sim} -autoloadwcfg -runall
Vivado Simulator 2018.3
Time resolution is 1 ps
run -all
PASS: Stage 2/3 LUTRAM candidate is 0 LSB equivalent.
Compared Stage 2 samples: 336
Compared Stage 3 samples: 671
$finish called at time : 681591792 ps : File "D:/FpgaProject/XilinxProject/XC7A35T/fir_interpolation/XC7A35T_interp_audio_pcm_wordlen_opt/XC7A35T_interp.srcs/sim_1/new/all2x_v7/verification/tb_stage23_lutram_dsp_equiv.v" Line 334
exit
INFO: [Common 17-206] Exiting xsim at Wed Aug  5 23:12:19 2026...
