Copyright 1986-2018 Xilinx, Inc. All Rights Reserved.
----------------------------------------------------------------------------------------------------------------------------------------------------------------------------------------------------------------------------------------
| Tool Version : Vivado v.2018.3 (win64) Build 2405991 Thu Dec  6 23:38:27 MST 2018
| Date         : Wed Aug  5 23:24:56 2026
| Host         : LAPTOP-476JT8H0 running 64-bit major release  (build 9200)
| Command      : report_utilization -hierarchical -file D:/FpgaProject/XilinxProject/XC7A35T/fir_interpolation/matlab_fir/national_finals/vivado_results/p3r_348lut_386ff_4dsp_2bram_signedoff/utilization_hierarchical_synthesized.rpt
| Design       : board_demo_competition_dac8_top
| Device       : 7a35tfgg484-2
| Design State : Synthesized
----------------------------------------------------------------------------------------------------------------------------------------------------------------------------------------------------------------------------------------

Utilization Design Information

Table of Contents
-----------------
1. Utilization by Hierarchy

1. Utilization by Hierarchy
---------------------------

+---------------------------------+--------+------------+------------+---------+------+-----+--------+--------+--------------+
|             Instance            | Module | Total LUTs | Logic LUTs | LUTRAMs | SRLs | FFs | RAMB36 | RAMB18 | DSP48 Blocks |
+---------------------------------+--------+------------+------------+---------+------+-----+--------+--------+--------------+
| board_demo_competition_dac8_top |  (top) |        374 |        373 |       0 |    1 | 388 |      0 |      4 |            4 |
+---------------------------------+--------+------------+------------+---------+------+-----+--------+--------+--------------+


