Copyright 1986-2018 Xilinx, Inc. All Rights Reserved.
----------------------------------------------------------------------------------------------------------------------------------------------------------------------------------------------------------------
| Tool Version : Vivado v.2018.3 (win64) Build 2405991 Thu Dec  6 23:38:27 MST 2018
| Date         : Sun Aug  2 23:17:41 2026
| Host         : LAPTOP-476JT8H0 running 64-bit major release  (build 9200)
| Command      : report_utilization -file D:/FpgaProject/XilinxProject/XC7A35T/fir_interpolation/matlab_fir/national_finals/vivado_results/p3j_shared_pcm_stage1_1p5bram_4dsp_clean/utilization_synthesized.rpt
| Design       : board_demo_competition_dac8_top
| Device       : 7a35tfgg484-2
| Design State : Synthesized
----------------------------------------------------------------------------------------------------------------------------------------------------------------------------------------------------------------

Utilization Design Information

Table of Contents
-----------------
1. Slice Logic
1.1 Summary of Registers by Type
2. Memory
3. DSP
4. IO and GT Specific
5. Clocking
6. Specific Feature
7. Primitives
8. Black Boxes
9. Instantiated Netlists

1. Slice Logic
--------------

+----------------------------+------+-------+-----------+-------+
|          Site Type         | Used | Fixed | Available | Util% |
+----------------------------+------+-------+-----------+-------+
| Slice LUTs*                |  479 |     0 |     20800 |  2.30 |
|   LUT as Logic             |  478 |     0 |     20800 |  2.30 |
|   LUT as Memory            |    1 |     0 |      9600 |  0.01 |
|     LUT as Distributed RAM |    0 |     0 |           |       |
|     LUT as Shift Register  |    1 |     0 |           |       |
| Slice Registers            |  456 |     8 |     41600 |  1.10 |
|   Register as Flip Flop    |  456 |     8 |     41600 |  1.10 |
|   Register as Latch        |    0 |     0 |     41600 |  0.00 |
| F7 Muxes                   |    0 |     0 |     16300 |  0.00 |
| F8 Muxes                   |    0 |     0 |      8150 |  0.00 |
+----------------------------+------+-------+-----------+-------+
* Warning! The Final LUT count, after physical optimizations and full implementation, is typically lower. Run opt_design after synthesis, if not already completed, for a more realistic count.


1.1 Summary of Registers by Type
--------------------------------

+-------+--------------+-------------+--------------+
| Total | Clock Enable | Synchronous | Asynchronous |
+-------+--------------+-------------+--------------+
| 0     |            _ |           - |            - |
| 0     |            _ |           - |          Set |
| 0     |            _ |           - |        Reset |
| 0     |            _ |         Set |            - |
| 0     |            _ |       Reset |            - |
| 0     |          Yes |           - |            - |
| 0     |          Yes |           - |          Set |
| 0     |          Yes |           - |        Reset |
| 29    |          Yes |         Set |            - |
| 427   |          Yes |       Reset |            - |
+-------+--------------+-------------+--------------+


2. Memory
---------

+-------------------+------+-------+-----------+-------+
|     Site Type     | Used | Fixed | Available | Util% |
+-------------------+------+-------+-----------+-------+
| Block RAM Tile    |  1.5 |     0 |        50 |  3.00 |
|   RAMB36/FIFO*    |    0 |     0 |        50 |  0.00 |
|   RAMB18          |    3 |     0 |       100 |  3.00 |
|     RAMB18E1 only |    3 |       |           |       |
+-------------------+------+-------+-----------+-------+
* Note: Each Block RAM Tile only has one FIFO logic available and therefore can accommodate only one FIFO36E1 or one FIFO18E1. However, if a FIFO18E1 occupies a Block RAM Tile, that tile can still accommodate a RAMB18E1


3. DSP
------

+----------------+------+-------+-----------+-------+
|    Site Type   | Used | Fixed | Available | Util% |
+----------------+------+-------+-----------+-------+
| DSPs           |    4 |     0 |        90 |  4.44 |
|   DSP48E1 only |    4 |       |           |       |
+----------------+------+-------+-----------+-------+


4. IO and GT Specific
---------------------

+-----------------------------+------+-------+-----------+-------+
|          Site Type          | Used | Fixed | Available | Util% |
+-----------------------------+------+-------+-----------+-------+
| Bonded IOB                  |   17 |    17 |       250 |  6.80 |
|   IOB Master Pads           |    7 |       |           |       |
|   IOB Slave Pads            |   10 |       |           |       |
| Bonded IPADs                |    0 |     0 |        14 |  0.00 |
| Bonded OPADs                |    0 |     0 |         8 |  0.00 |
| PHY_CONTROL                 |    0 |     0 |         5 |  0.00 |
| PHASER_REF                  |    0 |     0 |         5 |  0.00 |
| OUT_FIFO                    |    0 |     0 |        20 |  0.00 |
| IN_FIFO                     |    0 |     0 |        20 |  0.00 |
| IDELAYCTRL                  |    0 |     0 |         5 |  0.00 |
| IBUFDS                      |    0 |     0 |       240 |  0.00 |
| GTPE2_CHANNEL               |    0 |     0 |         4 |  0.00 |
| PHASER_OUT/PHASER_OUT_PHY   |    0 |     0 |        20 |  0.00 |
| PHASER_IN/PHASER_IN_PHY     |    0 |     0 |        20 |  0.00 |
| IDELAYE2/IDELAYE2_FINEDELAY |    0 |     0 |       250 |  0.00 |
| IBUFDS_GTE2                 |    0 |     0 |         2 |  0.00 |
| ILOGIC                      |    0 |     0 |       250 |  0.00 |
| OLOGIC                      |    1 |     1 |       250 |  0.40 |
|   OUTFF_ODDR_Register       |    1 |     1 |           |       |
+-----------------------------+------+-------+-----------+-------+


5. Clocking
-----------

+------------+------+-------+-----------+-------+
|  Site Type | Used | Fixed | Available | Util% |
+------------+------+-------+-----------+-------+
| BUFGCTRL   |    2 |     0 |        32 |  6.25 |
| BUFIO      |    0 |     0 |        20 |  0.00 |
| MMCME2_ADV |    2 |     0 |         5 | 40.00 |
| PLLE2_ADV  |    0 |     0 |         5 |  0.00 |
| BUFMRCE    |    0 |     0 |        10 |  0.00 |
| BUFHCE     |    0 |     0 |        72 |  0.00 |
| BUFR       |    0 |     0 |        20 |  0.00 |
+------------+------+-------+-----------+-------+


6. Specific Feature
-------------------

+-------------+------+-------+-----------+-------+
|  Site Type  | Used | Fixed | Available | Util% |
+-------------+------+-------+-----------+-------+
| BSCANE2     |    0 |     0 |         4 |  0.00 |
| CAPTUREE2   |    0 |     0 |         1 |  0.00 |
| DNA_PORT    |    0 |     0 |         1 |  0.00 |
| EFUSE_USR   |    0 |     0 |         1 |  0.00 |
| FRAME_ECCE2 |    0 |     0 |         1 |  0.00 |
| ICAPE2      |    0 |     0 |         2 |  0.00 |
| PCIE_2_1    |    0 |     0 |         1 |  0.00 |
| STARTUPE2   |    0 |     0 |         1 |  0.00 |
| XADC        |    0 |     0 |         1 |  0.00 |
+-------------+------+-------+-----------+-------+


7. Primitives
-------------

+------------+------+---------------------+
|  Ref Name  | Used | Functional Category |
+------------+------+---------------------+
| FDRE       |  427 |        Flop & Latch |
| LUT4       |  131 |                 LUT |
| LUT2       |  117 |                 LUT |
| LUT3       |  108 |                 LUT |
| LUT5       |   97 |                 LUT |
| LUT6       |   84 |                 LUT |
| LUT1       |   44 |                 LUT |
| CARRY4     |   33 |          CarryLogic |
| FDSE       |   29 |        Flop & Latch |
| OBUF       |   10 |                  IO |
| OBUFT      |    4 |                  IO |
| DSP48E1    |    4 |    Block Arithmetic |
| RAMB18E1   |    3 |        Block Memory |
| IBUF       |    3 |                  IO |
| MMCME2_ADV |    2 |               Clock |
| SRL16E     |    1 |  Distributed Memory |
| ODDR       |    1 |                  IO |
| BUFGCTRL   |    1 |               Clock |
| BUFG       |    1 |               Clock |
+------------+------+---------------------+


8. Black Boxes
--------------

+----------+------+
| Ref Name | Used |
+----------+------+


9. Instantiated Netlists
------------------------

+----------+------+
| Ref Name | Used |
+----------+------+


