Copyright 1986-2018 Xilinx, Inc. All Rights Reserved.
--------------------------------------------------------------------------------------------------------------------------------------------------------------------------------------------------------------------------------------------------------------------------------------------------------------------------------------------------------------------------------------------------------------------------------
| Tool Version : Vivado v.2018.3 (win64) Build 2405991 Thu Dec  6 23:38:27 MST 2018
| Date         : Sun Aug  2 23:22:00 2026
| Host         : LAPTOP-476JT8H0 running 64-bit major release  (build 9200)
| Command      : report_timing -from [get_cells -hierarchical -regexp {.*u_nf_mode_cdc_handshake/mode_shadow_reg\[[01]\]}] -to [get_cells -hierarchical -regexp {.*u_nf_mode_cdc_handshake/audio_mode_reg\[[01]\]}] -delay_type max -max_paths 4 -file D:/FpgaProject/XilinxProject/XC7A35T/fir_interpolation/matlab_fir/national_finals/vivado_results/p3j_shared_pcm_stage1_1p5bram_3dsp_clean/mode_absolute_delay_routed.rpt
| Design       : board_demo_competition_dac8_top
| Device       : 7a35t-fgg484
| Speed File   : -2  PRODUCTION 1.23 2018-06-13
--------------------------------------------------------------------------------------------------------------------------------------------------------------------------------------------------------------------------------------------------------------------------------------------------------------------------------------------------------------------------------------------------------------------------------

Timing Report

Slack (MET) :             48.727ns  (required time - arrival time)
  Source:                 u_nf_mode_cdc_handshake/mode_shadow_reg[0]/C
                            (rising edge-triggered cell FDSE clocked by clk_20M  {rise@0.000ns fall@25.000ns period=50.000ns})
  Destination:            u_nf_mode_cdc_handshake/audio_mode_reg[0]/D
                            (rising edge-triggered cell FDSE clocked by clk_48k_raw  {rise@0.000ns fall@81.379ns period=162.759ns})
  Path Group:             clk_48k_raw
  Path Type:              Setup (Max at Slow Process Corner)
  Requirement:            50.000ns  (MaxDelay Path 50.000ns)
  Data Path Delay:        1.099ns  (logic 0.398ns (36.230%)  route 0.701ns (63.770%))
  Logic Levels:           0  
  Timing Exception:       MaxDelay Path 50.000ns -datapath_only

    Location             Delay type                Incr(ns)  Path(ns)    Netlist Resource(s)
  -------------------------------------------------------------------    -------------------
    SLICE_X2Y76                                       0.000     0.000 r  u_nf_mode_cdc_handshake/mode_shadow_reg[0]/C
    SLICE_X2Y76          FDSE (Prop_fdse_C_Q)         0.398     0.398 r  u_nf_mode_cdc_handshake/mode_shadow_reg[0]/Q
                         net (fo=2, routed)           0.701     1.099    u_nf_mode_cdc_handshake/mode_shadow[0]
    SLICE_X0Y82          FDSE                                         r  u_nf_mode_cdc_handshake/audio_mode_reg[0]/D
  -------------------------------------------------------------------    -------------------

                         max delay                   50.000    50.000    
    SLICE_X0Y82          FDSE (Setup_fdse_C_D)       -0.174    49.826    u_nf_mode_cdc_handshake/audio_mode_reg[0]
  -------------------------------------------------------------------
                         required time                         49.826    
                         arrival time                          -1.099    
  -------------------------------------------------------------------
                         slack                                 48.727    

Slack (MET) :             48.727ns  (required time - arrival time)
  Source:                 u_nf_mode_cdc_handshake/mode_shadow_reg[0]/C
                            (rising edge-triggered cell FDSE clocked by clk_20M  {rise@0.000ns fall@25.000ns period=50.000ns})
  Destination:            u_nf_mode_cdc_handshake/audio_mode_reg[0]/D
                            (rising edge-triggered cell FDSE clocked by clk_44k1_raw  {rise@0.000ns fall@88.577ns period=177.154ns})
  Path Group:             clk_44k1_raw
  Path Type:              Setup (Max at Slow Process Corner)
  Requirement:            50.000ns  (MaxDelay Path 50.000ns)
  Data Path Delay:        1.099ns  (logic 0.398ns (36.230%)  route 0.701ns (63.770%))
  Logic Levels:           0  
  Timing Exception:       MaxDelay Path 50.000ns -datapath_only

    Location             Delay type                Incr(ns)  Path(ns)    Netlist Resource(s)
  -------------------------------------------------------------------    -------------------
    SLICE_X2Y76                                       0.000     0.000 r  u_nf_mode_cdc_handshake/mode_shadow_reg[0]/C
    SLICE_X2Y76          FDSE (Prop_fdse_C_Q)         0.398     0.398 r  u_nf_mode_cdc_handshake/mode_shadow_reg[0]/Q
                         net (fo=2, routed)           0.701     1.099    u_nf_mode_cdc_handshake/mode_shadow[0]
    SLICE_X0Y82          FDSE                                         r  u_nf_mode_cdc_handshake/audio_mode_reg[0]/D
  -------------------------------------------------------------------    -------------------

                         max delay                   50.000    50.000    
    SLICE_X0Y82          FDSE (Setup_fdse_C_D)       -0.174    49.826    u_nf_mode_cdc_handshake/audio_mode_reg[0]
  -------------------------------------------------------------------
                         required time                         49.826    
                         arrival time                          -1.099    
  -------------------------------------------------------------------
                         slack                                 48.727    

Slack (MET) :             48.796ns  (required time - arrival time)
  Source:                 u_nf_mode_cdc_handshake/mode_shadow_reg[1]/C
                            (rising edge-triggered cell FDSE clocked by clk_20M  {rise@0.000ns fall@25.000ns period=50.000ns})
  Destination:            u_nf_mode_cdc_handshake/audio_mode_reg[1]/D
                            (rising edge-triggered cell FDSE clocked by clk_48k_raw  {rise@0.000ns fall@81.379ns period=162.759ns})
  Path Group:             clk_48k_raw
  Path Type:              Setup (Max at Slow Process Corner)
  Requirement:            50.000ns  (MaxDelay Path 50.000ns)
  Data Path Delay:        1.145ns  (logic 0.433ns (37.832%)  route 0.712ns (62.168%))
  Logic Levels:           0  
  Timing Exception:       MaxDelay Path 50.000ns -datapath_only

    Location             Delay type                Incr(ns)  Path(ns)    Netlist Resource(s)
  -------------------------------------------------------------------    -------------------
    SLICE_X2Y76                                       0.000     0.000 r  u_nf_mode_cdc_handshake/mode_shadow_reg[1]/C
    SLICE_X2Y76          FDSE (Prop_fdse_C_Q)         0.433     0.433 r  u_nf_mode_cdc_handshake/mode_shadow_reg[1]/Q
                         net (fo=2, routed)           0.712     1.145    u_nf_mode_cdc_handshake/mode_shadow[1]
    SLICE_X0Y82          FDSE                                         r  u_nf_mode_cdc_handshake/audio_mode_reg[1]/D
  -------------------------------------------------------------------    -------------------

                         max delay                   50.000    50.000    
    SLICE_X0Y82          FDSE (Setup_fdse_C_D)       -0.059    49.941    u_nf_mode_cdc_handshake/audio_mode_reg[1]
  -------------------------------------------------------------------
                         required time                         49.941    
                         arrival time                          -1.145    
  -------------------------------------------------------------------
                         slack                                 48.796    

Slack (MET) :             48.796ns  (required time - arrival time)
  Source:                 u_nf_mode_cdc_handshake/mode_shadow_reg[1]/C
                            (rising edge-triggered cell FDSE clocked by clk_20M  {rise@0.000ns fall@25.000ns period=50.000ns})
  Destination:            u_nf_mode_cdc_handshake/audio_mode_reg[1]/D
                            (rising edge-triggered cell FDSE clocked by clk_44k1_raw  {rise@0.000ns fall@88.577ns period=177.154ns})
  Path Group:             clk_44k1_raw
  Path Type:              Setup (Max at Slow Process Corner)
  Requirement:            50.000ns  (MaxDelay Path 50.000ns)
  Data Path Delay:        1.145ns  (logic 0.433ns (37.832%)  route 0.712ns (62.168%))
  Logic Levels:           0  
  Timing Exception:       MaxDelay Path 50.000ns -datapath_only

    Location             Delay type                Incr(ns)  Path(ns)    Netlist Resource(s)
  -------------------------------------------------------------------    -------------------
    SLICE_X2Y76                                       0.000     0.000 r  u_nf_mode_cdc_handshake/mode_shadow_reg[1]/C
    SLICE_X2Y76          FDSE (Prop_fdse_C_Q)         0.433     0.433 r  u_nf_mode_cdc_handshake/mode_shadow_reg[1]/Q
                         net (fo=2, routed)           0.712     1.145    u_nf_mode_cdc_handshake/mode_shadow[1]
    SLICE_X0Y82          FDSE                                         r  u_nf_mode_cdc_handshake/audio_mode_reg[1]/D
  -------------------------------------------------------------------    -------------------

                         max delay                   50.000    50.000    
    SLICE_X0Y82          FDSE (Setup_fdse_C_D)       -0.059    49.941    u_nf_mode_cdc_handshake/audio_mode_reg[1]
  -------------------------------------------------------------------
                         required time                         49.941    
                         arrival time                          -1.145    
  -------------------------------------------------------------------
                         slack                                 48.796    




